Archive member included because of file (symbol)

../../../../BitCloud/lib/libBc_All_StdlinkSec_Atsamr21e18a_Rf233_Gcc.a(aps.o)
                              All_StdlinkSec_SamR21_Atsamr21e18a_Rf233_4Mhz_Gcc/Obj/ezModeManager.o (APS_BindReq)
../../../../BitCloud/lib/libBc_All_StdlinkSec_Atsamr21e18a_Rf233_Gcc.a(macenvPib.o)
                              All_StdlinkSec_SamR21_Atsamr21e18a_Rf233_4Mhz_Gcc/Obj/sysUtils.o (MAC_GetExtAddr)
../../../../BitCloud/lib/libBc_All_StdlinkSec_Atsamr21e18a_Rf233_Gcc.a(machwdManager.o)
                              All_StdlinkSec_SamR21_Atsamr21e18a_Rf233_4Mhz_Gcc/Obj/sysUtils.o (RF_RandomReq)
../../../../BitCloud/lib/libBc_All_StdlinkSec_Atsamr21e18a_Rf233_Gcc.a(machwdRegAccessHandler.o)
                              ../../../../BitCloud/lib/libBc_All_StdlinkSec_Atsamr21e18a_Rf233_Gcc.a(machwdManager.o) (machwdRegAccessReqHandler)
../../../../BitCloud/lib/libBc_All_StdlinkSec_Atsamr21e18a_Rf233_Gcc.a(machwdResetHandler.o)
                              ../../../../BitCloud/lib/libBc_All_StdlinkSec_Atsamr21e18a_Rf233_Gcc.a(machwdManager.o) (machwdReset)
../../../../BitCloud/lib/libBc_All_StdlinkSec_Atsamr21e18a_Rf233_Gcc.a(machwdRndHandler.o)
                              ../../../../BitCloud/lib/libBc_All_StdlinkSec_Atsamr21e18a_Rf233_Gcc.a(machwdManager.o) (machwdRndReqHandler)
../../../../BitCloud/lib/libBc_All_StdlinkSec_Atsamr21e18a_Rf233_Gcc.a(machwdRxBuffer.o)
                              ../../../../BitCloud/lib/libBc_All_StdlinkSec_Atsamr21e18a_Rf233_Gcc.a(machwdResetHandler.o) (machwdResetRxBuffers)
../../../../BitCloud/lib/libBc_All_StdlinkSec_Atsamr21e18a_Rf233_Gcc.a(machwdRxFrameHandler.o)
                              ../../../../BitCloud/lib/libBc_All_StdlinkSec_Atsamr21e18a_Rf233_Gcc.a(machwdManager.o) (machwdDataReqIndTaskHandler)
../../../../BitCloud/lib/libBc_All_StdlinkSec_Atsamr21e18a_Rf233_Gcc.a(machwdSetHandler.o)
                              ../../../../BitCloud/lib/libBc_All_StdlinkSec_Atsamr21e18a_Rf233_Gcc.a(machwdManager.o) (machwdSetReqHandler)
../../../../BitCloud/lib/libBc_All_StdlinkSec_Atsamr21e18a_Rf233_Gcc.a(machwdTrxCtrl.o)
                              ../../../../BitCloud/lib/libBc_All_StdlinkSec_Atsamr21e18a_Rf233_Gcc.a(machwdSetHandler.o) (machwdGetPhyTrxCmd)
../../../../BitCloud/lib/libBc_All_StdlinkSec_Atsamr21e18a_Rf233_Gcc.a(machwdTrxHandler.o)
                              ../../../../BitCloud/lib/libBc_All_StdlinkSec_Atsamr21e18a_Rf233_Gcc.a(machwdManager.o) (machwdTrxReqHandler)
../../../../BitCloud/lib/libBc_All_StdlinkSec_Atsamr21e18a_Rf233_Gcc.a(machwdTxFrameHandler.o)
                              ../../../../BitCloud/lib/libBc_All_StdlinkSec_Atsamr21e18a_Rf233_Gcc.a(machwdManager.o) (machwdTxFrameReqHandler)
../../../../BitCloud/lib/libBc_All_StdlinkSec_Atsamr21e18a_Rf233_Gcc.a(machwiManager.o)
                              All_StdlinkSec_SamR21_Atsamr21e18a_Rf233_4Mhz_Gcc/Obj/sysTaskManager.o (MAC_HWI_TaskHandler)
../../../../BitCloud/lib/libBc_All_StdlinkSec_Atsamr21e18a_Rf233_Gcc.a(machwiOrphanHandler.o)
                              ../../../../BitCloud/lib/libBc_All_StdlinkSec_Atsamr21e18a_Rf233_Gcc.a(machwiManager.o) (machwiOrphanRespHandler)
../../../../BitCloud/lib/libBc_All_StdlinkSec_Atsamr21e18a_Rf233_Gcc.a(machwiPanServer.o)
                              ../../../../BitCloud/lib/libBc_All_StdlinkSec_Atsamr21e18a_Rf233_Gcc.a(machwdManager.o) (MACHWD_DataInd)
../../../../BitCloud/lib/libBc_All_StdlinkSec_Atsamr21e18a_Rf233_Gcc.a(machwiPollHandler.o)
                              ../../../../BitCloud/lib/libBc_All_StdlinkSec_Atsamr21e18a_Rf233_Gcc.a(machwiPanServer.o) (machwiPollInd)
../../../../BitCloud/lib/libBc_All_StdlinkSec_Atsamr21e18a_Rf233_Gcc.a(machwiPurgeHandler.o)
                              ../../../../BitCloud/lib/libBc_All_StdlinkSec_Atsamr21e18a_Rf233_Gcc.a(machwiManager.o) (machwiPurgeReqHandler)
../../../../BitCloud/lib/libBc_All_StdlinkSec_Atsamr21e18a_Rf233_Gcc.a(machwiResetHandler.o)
                              ../../../../BitCloud/lib/libBc_All_StdlinkSec_Atsamr21e18a_Rf233_Gcc.a(machwiManager.o) (machwiResetReqHandler)
../../../../BitCloud/lib/libBc_All_StdlinkSec_Atsamr21e18a_Rf233_Gcc.a(machwiRxEnableHandler.o)
                              ../../../../BitCloud/lib/libBc_All_StdlinkSec_Atsamr21e18a_Rf233_Gcc.a(machwiManager.o) (machwiRxEnableReqHandler)
../../../../BitCloud/lib/libBc_All_StdlinkSec_Atsamr21e18a_Rf233_Gcc.a(machwiScanHandler.o)
                              ../../../../BitCloud/lib/libBc_All_StdlinkSec_Atsamr21e18a_Rf233_Gcc.a(machwiManager.o) (machwiScanReqHandler)
../../../../BitCloud/lib/libBc_All_StdlinkSec_Atsamr21e18a_Rf233_Gcc.a(machwiSetGetHandler.o)
                              ../../../../BitCloud/lib/libBc_All_StdlinkSec_Atsamr21e18a_Rf233_Gcc.a(machwiManager.o) (machwiGetReqHandler)
../../../../BitCloud/lib/libBc_All_StdlinkSec_Atsamr21e18a_Rf233_Gcc.a(machwiStartHandler.o)
[...]
Memory Configuration

Name             Origin             Length             Attributes
FLASH            0x00000000         0x0003f000         xr
EEPROM           0x0003f000         0x00001000         rw !x
RAM              0x20000000         0x00008000         rw
*default*        0x00000000         0xffffffff

Linker script and memory map

                0x00000800                MAIN_STACK_SIZE = 0x800
                0x00000000                PROCESS_STACK_SIZE = 0x0

.text           0x00000000    0x308ec
                0x00000000                __text = .
 *(.vectors)
 .vectors       0x00000000       0x40 ../../../../BitCloud/lib/libHAL_SamR21_Atsamr21e18a_4Mhz_Gcc.a(halVectorTable.o)
                0x00000000                __vector_table
                0x00000100                . = ALIGN (0x100)
 *fill*         0x00000040       0xc0 
                0x00000100                PROVIDE (__d_nv_mem_start, .)
                0x00004100                . = (. + ALIGN (0x4000))
 *fill*         0x00000100     0x4000 
                0x00004100                PROVIDE (__d_nv_mem_end, .)
                0x00004100                PROVIDE (__pds_ff_start, .)
 *(.pds_ff)
 .pds_ff        0x00004100       0x30 All_StdlinkSec_SamR21_Atsamr21e18a_Rf233_4Mhz_Gcc/Obj/dlPdt.o
                0x00004100                pds_ff_0x000CU
                0x00004110                pds_ff_0x000BU
                0x00004120                pds_ff_0x000AU
 .pds_ff        0x00004130       0x90 All_StdlinkSec_SamR21_Atsamr21e18a_Rf233_4Mhz_Gcc/Obj/csPersistentMem.o
                0x00004130                pds_ff_NWK_RREQ_IDENTIFIER_ITEM_ID
                0x00004140                pds_ff_CS_GROUP_TABLE_ITEM_ID
                0x00004150                pds_ff_CS_APS_BINDING_TABLE_ITEM_ID
                0x00004160                pds_ff_NWK_SECURITY_COUNTERS_ITEM_ID
                0x00004170                pds_ff_CS_NWK_SECURITY_KEYS_ITEM_ID
                0x00004180                pds_ff_CS_NWK_SECURITY_IB_ITEM_ID
                0x00004190                pds_ff_CS_APS_KEY_PAIR_DESCRIPTORS_ITEM_ID
                0x000041a0                pds_ff_CS_NEIB_TABLE_ITEM_ID
                0x000041b0                pds_ff_BC_EXT_GEN_MEMORY_ITEM_ID
                0x000041c0                PROVIDE (__pds_ff_end, .)
                0x000041c0                PROVIDE (__pds_fd_start, .)
 *(.pds_fd)
 .pds_fd        0x000041c0        0x8 All_StdlinkSec_SamR21_Atsamr21e18a_Rf233_4Mhz_Gcc/Obj/dlPdt.o
                0x000041c0                appEsiMemoryDirDescr
 .pds_fd        0x000041c8        0x8 All_StdlinkSec_SamR21_Atsamr21e18a_Rf233_4Mhz_Gcc/Obj/csPersistentMem.o
                0x000041c8                BCRejoinParamsDirDescr
                0x000041d0                PROVIDE (__pds_fd_end, .)
 *(.text*main)
 .text.startup.main
                0x000041d0        0xc All_StdlinkSec_SamR21_Atsamr21e18a_Rf233_4Mhz_Gcc/Obj/zclDevice.o
                0x000041d0                main
 *(.text)
 .text          0x000041dc       0x9c c:/program files (x86)/atmel/atmel toolchain/arm gcc/native/4.8.1443/arm-gnu-toolchain/bin/../lib/gcc/arm-none-eabi/4.8.4/armv6-m\libgcc.a(_udivsi3.o)
                0x000041dc                __aeabi_uidiv
                0x000041dc                __udivsi3
                0x00004264                __aeabi_uidivmod
 .text          0x00004278       0xc0 c:/program files (x86)/atmel/atmel toolchain/arm gcc/native/4.8.1443/arm-gnu-toolchain/bin/../lib/gcc/arm-none-eabi/4.8.4/armv6-m\libgcc.a(_divsi3.o)
                0x00004278                __divsi3
                0x00004278                __aeabi_idiv
                0x00004324                __aeabi_idivmod
 .text          0x00004338        0x4 c:/program files (x86)/atmel/atmel toolchain/arm gcc/native/4.8.1443/arm-gnu-toolchain/bin/../lib/gcc/arm-none-eabi/4.8.4/armv6-m\libgcc.a(_dvmd_tls.o)
                0x00004338                __aeabi_idiv0
                0x00004338                __aeabi_ldiv0
 .text          0x0000433c      0x644 c:/program files (x86)/atmel/atmel toolchain/arm gcc/native/4.8.1443/arm-gnu-toolchain/bin/../lib/gcc/arm-none-eabi/4.8.4/armv6-m\libgcc.a(adddf3.o)
                0x0000433c                __aeabi_dadd
 .text          0x00004980      0x648 c:/program files (x86)/atmel/atmel toolchain/arm gcc/native/4.8.1443/arm-gnu-toolchain/bin/../lib/gcc/arm-none-eabi/4.8.4/armv6-m\libgcc.a(divdf3.o)
                0x00004980                __aeabi_ddiv
 .text          0x00004fc8      0x520 c:/program files (x86)/atmel/atmel toolchain/arm gcc/native/4.8.1443/arm-gnu-toolchain/bin/../lib/gcc/arm-none-eabi/4.8.4/armv6-m\libgcc.a(muldf3.o)
                0x00004fc8                __aeabi_dmul
 .text          0x000054e8      0x668 c:/program files (x86)/atmel/atmel toolchain/arm gcc/native/4.8.1443/arm-gnu-toolchain/bin/../lib/gcc/arm-none-eabi/4.8.4/armv6-m\libgcc.a(subdf3.o)
                0x000054e8                __aeabi_dsub
 .text          0x00005b50       0x3c c:/program files (x86)/atmel/atmel toolchain/arm gcc/native/4.8.1443/arm-gnu-toolchain/bin/../lib/gcc/arm-none-eabi/4.8.4/armv6-m\libgcc.a(_clzsi2.o)
                0x00005b50                __clzsi2
 .text          0x00005b8c       0x14 c:/program files (x86)/atmel/atmel toolchain/arm gcc/native/4.8.1443/arm-gnu-toolchain/bin/../lib/gcc/arm-none-eabi/4.8.4/../../../../arm-none-eabi/lib/armv6-m\libc.a(lib_a-strcmp.o)
                0x00005b8c                strcmp
 .text          0x00005ba0       0x7c c:/program files (x86)/atmel/atmel toolchain/arm gcc/native/4.8.1443/arm-gnu-toolchain/bin/../lib/gcc/arm-none-eabi/4.8.4/armv6-m\libgcc.a(_arm_cmpdf2.o)
                0x00005ba0                __aeabi_cdrcmple
                0x00005bb0                __aeabi_cdcmple
                0x00005bb0                __aeabi_cdcmpeq
                0x00005bc0                __aeabi_dcmpeq
                0x00005bcc                __aeabi_dcmplt
                0x00005be0                __aeabi_dcmple
                0x00005bf4                __aeabi_dcmpgt
                0x00005c08                __aeabi_dcmpge
 .text          0x00005c1c       0x40 c:/program files (x86)/atmel/atmel toolchain/arm gcc/native/4.8.1443/arm-gnu-toolchain/bin/../lib/gcc/arm-none-eabi/4.8.4/armv6-m\libgcc.a(_aeabi_uldivmod.o)
                0x00005c1c                __aeabi_uldivmod
 .text          0x00005c5c       0x44 c:/program files (x86)/atmel/atmel toolchain/arm gcc/native/4.8.1443/arm-gnu-toolchain/bin/../lib/gcc/arm-none-eabi/4.8.4/armv6-m\libgcc.a(_muldi3.o)
                0x00005c5c                __muldi3
                0x00005c5c                __aeabi_lmul
 .text          0x00005ca0       0x6c c:/program files (x86)/atmel/atmel toolchain/arm gcc/native/4.8.1443/arm-gnu-toolchain/bin/../lib/gcc/arm-none-eabi/4.8.4/armv6-m\libgcc.a(bpabi.o)
                0x00005ca0                __gnu_ldivmod_helper
                0x00005cd8                __gnu_uldivmod_helper
 .text          0x00005d0c       0x94 c:/program files (x86)/atmel/atmel toolchain/arm gcc/native/4.8.1443/arm-gnu-toolchain/bin/../lib/gcc/arm-none-eabi/4.8.4/armv6-m\libgcc.a(eqdf2.o)
                0x00005d0c                __nedf2
                0x00005d0c                __eqdf2
 .text          0x00005da0       0xfc c:/program files (x86)/atmel/atmel toolchain/arm gcc/native/4.8.1443/arm-gnu-toolchain/bin/../lib/gcc/arm-none-eabi/4.8.4/armv6-m\libgcc.a(gedf2.o)
                0x00005da0                __gedf2
                0x00005da0                __gtdf2
 .text          0x00005e9c       0xfc c:/program files (x86)/atmel/atmel toolchain/arm gcc/native/4.8.1443/arm-gnu-toolchain/bin/../lib/gcc/arm-none-eabi/4.8.4/armv6-m\libgcc.a(ledf2.o)
                0x00005e9c                __ledf2
                0x00005e9c                __ltdf2
 .text          0x00005f98       0x68 c:/program files (x86)/atmel/atmel toolchain/arm gcc/native/4.8.1443/arm-gnu-toolchain/bin/../lib/gcc/arm-none-eabi/4.8.4/armv6-m\libgcc.a(fixdfsi.o)
                0x00005f98                __aeabi_d2iz
 .text          0x00006000       0x7c c:/program files (x86)/atmel/atmel toolchain/arm gcc/native/4.8.1443/arm-gnu-toolchain/bin/../lib/gcc/arm-none-eabi/4.8.4/armv6-m\libgcc.a(floatsidf.o)
                0x00006000                __aeabi_i2d
 .text          0x0000607c       0x68 c:/program files (x86)/atmel/atmel toolchain/arm gcc/native/4.8.1443/arm-gnu-toolchain/bin/../lib/gcc/arm-none-eabi/4.8.4/armv6-m\libgcc.a(floatunsidf.o)
                0x0000607c                __aeabi_ui2d
 .text          0x000060e4      0x3b8 c:/program files (x86)/atmel/atmel toolchain/arm gcc/native/4.8.1443/arm-gnu-toolchain/bin/../lib/gcc/arm-none-eabi/4.8.4/armv6-m\libgcc.a(_divdi3.o)
                0x000060e4                __divdi3
 .text          0x0000649c      0x384 c:/program files (x86)/atmel/atmel toolchain/arm gcc/native/4.8.1443/arm-gnu-toolchain/bin/../lib/gcc/arm-none-eabi/4.8.4/armv6-m\libgcc.a(_udivdi3.o)
                0x0000649c                __udivdi3
 *(.text*)
 .text.updateCommissioningStateInd
                0x00006820       0xac All_StdlinkSec_SamR21_Atsamr21e18a_Rf233_4Mhz_Gcc/Obj/dlIdentifyCluster.o
 .text.ezModeInvokeInd
                0x000068cc       0x64 All_StdlinkSec_SamR21_Atsamr21e18a_Rf233_4Mhz_Gcc/Obj/dlIdentifyCluster.o
 .text.identifyQueryInd
                0x00006930       0x6c All_StdlinkSec_SamR21_Atsamr21e18a_Rf233_4Mhz_Gcc/Obj/dlIdentifyCluster.o
 .text.identifyTimerFired
                0x0000699c       0x24 All_StdlinkSec_SamR21_Atsamr21e18a_Rf233_4Mhz_Gcc/Obj/dlIdentifyCluster.o
 .text.identifyInd
                0x000069c0       0x70 All_StdlinkSec_SamR21_Atsamr21e18a_Rf233_4Mhz_Gcc/Obj/dlIdentifyCluster.o
 .text.ZCL_IdentifyAttributeEventInd
                0x00006a30       0x30 All_StdlinkSec_SamR21_Atsamr21e18a_Rf233_4Mhz_Gcc/Obj/dlIdentifyCluster.o
 .text.identifyClusterInit
                0x00006a60       0x3c All_StdlinkSec_SamR21_Atsamr21e18a_Rf233_4Mhz_Gcc/Obj/dlIdentifyCluster.o
                0x00006a60                identifyClusterInit
 .text.identifyClusterStop
                0x00006a9c       0x10 All_StdlinkSec_SamR21_Atsamr21e18a_Rf233_4Mhz_Gcc/Obj/dlIdentifyCluster.o
                0x00006a9c                identifyClusterStop
 .text.identifySubscribe
                0x00006aac       0x20 All_StdlinkSec_SamR21_Atsamr21e18a_Rf233_4Mhz_Gcc/Obj/dlIdentifyCluster.o
                0x00006aac                identifySubscribe
 .text.identifySendIdentifyQuery
                0x00006acc        0x4 All_StdlinkSec_SamR21_Atsamr21e18a_Rf233_4Mhz_Gcc/Obj/dlIdentifyCluster.o
                0x00006acc                identifySendIdentifyQuery
 .text.identifySendUpdateCommissioningState
                0x00006ad0        0x4 All_StdlinkSec_SamR21_Atsamr21e18a_Rf233_4Mhz_Gcc/Obj/dlIdentifyCluster.o
                0x00006ad0                identifySendUpdateCommissioningState
 .text.identifyIsIdentifying
                0x00006ad4       0x10 All_StdlinkSec_SamR21_Atsamr21e18a_Rf233_4Mhz_Gcc/Obj/dlIdentifyCluster.o
                0x00006ad4                identifyIsIdentifying
 .text.idetifyStartIdentifying
                0x00006ae4       0x20 All_StdlinkSec_SamR21_Atsamr21e18a_Rf233_4Mhz_Gcc/Obj/dlIdentifyCluster.o
                0x00006ae4                idetifyStartIdentifying
 .text.identifyUpdateCommissioningState
                0x00006b04       0x18 All_StdlinkSec_SamR21_Atsamr21e18a_Rf233_4Mhz_Gcc/Obj/dlIdentifyCluster.o
                0x00006b04                identifyUpdateCommissioningState
 .text.initScenes
                0x00006b1c       0x14 All_StdlinkSec_SamR21_Atsamr21e18a_Rf233_4Mhz_Gcc/Obj/dlScenes.o
                0x00006b1c                initScenes
 .text.allocateScene
                0x00006b30       0x28 All_StdlinkSec_SamR21_Atsamr21e18a_Rf233_4Mhz_Gcc/Obj/dlScenes.o
                0x00006b30                allocateScene
 .text.freeScene
                0x00006b58       0x14 All_StdlinkSec_SamR21_Atsamr21e18a_Rf233_4Mhz_Gcc/Obj/dlScenes.o
                0x00006b58                freeScene
 .text.findSceneBySceneAndGroup
                0x00006b6c       0x34 All_StdlinkSec_SamR21_Atsamr21e18a_Rf233_4Mhz_Gcc/Obj/dlScenes.o
                0x00006b6c                findSceneBySceneAndGroup
 .text.removeScenesByGroup
                0x00006ba0       0x40 All_StdlinkSec_SamR21_Atsamr21e18a_Rf233_4Mhz_Gcc/Obj/dlScenes.o
                0x00006ba0                removeScenesByGroup
 .text.getNextSceneByGroup
                0x00006be0       0x58 All_StdlinkSec_SamR21_Atsamr21e18a_Rf233_4Mhz_Gcc/Obj/dlScenes.o
                0x00006be0                getNextSceneByGroup
 .text.recallSceneInd
                0x00006c38       0x70 All_StdlinkSec_SamR21_Atsamr21e18a_Rf233_4Mhz_Gcc/Obj/dlScenesCluster.o
 .text.addSceneInd
                0x00006ca8      0x120 All_StdlinkSec_SamR21_Atsamr21e18a_Rf233_4Mhz_Gcc/Obj/dlScenesCluster.o
 .text.storeSceneInd
                0x00006dc8       0xec All_StdlinkSec_SamR21_Atsamr21e18a_Rf233_4Mhz_Gcc/Obj/dlScenesCluster.o
 .text.removeAllScenesInd
                0x00006eb4       0xb8 All_StdlinkSec_SamR21_Atsamr21e18a_Rf233_4Mhz_Gcc/Obj/dlScenesCluster.o
 .text.removeSceneInd
                0x00006f6c       0xc4 All_StdlinkSec_SamR21_Atsamr21e18a_Rf233_4Mhz_Gcc/Obj/dlScenesCluster.o
 .text.getSceneMembershipInd
                0x00007030       0xe4 All_StdlinkSec_SamR21_Atsamr21e18a_Rf233_4Mhz_Gcc/Obj/dlScenesCluster.o
 .text.viewSceneInd
                0x00007114       0xe4 All_StdlinkSec_SamR21_Atsamr21e18a_Rf233_4Mhz_Gcc/Obj/dlScenesCluster.o
 .text.scenesClusterInit
                0x000071f8       0x20 All_StdlinkSec_SamR21_Atsamr21e18a_Rf233_4Mhz_Gcc/Obj/dlScenesCluster.o
                0x000071f8                scenesClusterInit
 .text.scenesInvalidate
                0x00007218        0xc All_StdlinkSec_SamR21_Atsamr21e18a_Rf233_4Mhz_Gcc/Obj/dlScenesCluster.o
                0x00007218                scenesInvalidate
 .text.stopWOnOffInd
                0x00007224       0x30 All_StdlinkSec_SamR21_Atsamr21e18a_Rf233_4Mhz_Gcc/Obj/dlLevelControlCluster.o
 .text.stopInd  0x00007254       0x2c All_StdlinkSec_SamR21_Atsamr21e18a_Rf233_4Mhz_Gcc/Obj/dlLevelControlCluster.o
 .text.moveLevel
                0x00007280       0x70 All_StdlinkSec_SamR21_Atsamr21e18a_Rf233_4Mhz_Gcc/Obj/dlLevelControlCluster.o
 .text.moveWOnOffInd
                0x000072f0       0x3c All_StdlinkSec_SamR21_Atsamr21e18a_Rf233_4Mhz_Gcc/Obj/dlLevelControlCluster.o
 .text.moveInd  0x0000732c       0x38 All_StdlinkSec_SamR21_Atsamr21e18a_Rf233_4Mhz_Gcc/Obj/dlLevelControlCluster.o
 .text.moveToLevel
                0x00007364       0x68 All_StdlinkSec_SamR21_Atsamr21e18a_Rf233_4Mhz_Gcc/Obj/dlLevelControlCluster.o
 .text.moveToLevelWOnOffInd
                0x000073cc       0x48 All_StdlinkSec_SamR21_Atsamr21e18a_Rf233_4Mhz_Gcc/Obj/dlLevelControlCluster.o
 .text.moveToLevelInd
                0x00007414       0x40 All_StdlinkSec_SamR21_Atsamr21e18a_Rf233_4Mhz_Gcc/Obj/dlLevelControlCluster.o
 .text.stepLevel
                0x00007454       0x8c All_StdlinkSec_SamR21_Atsamr21e18a_Rf233_4Mhz_Gcc/Obj/dlLevelControlCluster.o
 .text.stepWOnOffInd
                0x000074e0       0x40 All_StdlinkSec_SamR21_Atsamr21e18a_Rf233_4Mhz_Gcc/Obj/dlLevelControlCluster.o
 .text.stepInd  0x00007520       0x48 All_StdlinkSec_SamR21_Atsamr21e18a_Rf233_4Mhz_Gcc/Obj/dlLevelControlCluster.o
 .text.levelTransitionTimerFired
                0x00007568       0x70 All_StdlinkSec_SamR21_Atsamr21e18a_Rf233_4Mhz_Gcc/Obj/dlLevelControlCluster.o
 .text.levelControlClusterInit
                0x000075d8       0x20 All_StdlinkSec_SamR21_Atsamr21e18a_Rf233_4Mhz_Gcc/Obj/dlLevelControlCluster.o
                0x000075d8                levelControlClusterInit
 .text.levelControlClusterStop
                0x000075f8       0x10 All_StdlinkSec_SamR21_Atsamr21e18a_Rf233_4Mhz_Gcc/Obj/dlLevelControlCluster.o
                0x000075f8                levelControlClusterStop
 .text.levelControlCurrentLevel
                0x00007608        0xc All_StdlinkSec_SamR21_Atsamr21e18a_Rf233_4Mhz_Gcc/Obj/dlLevelControlCluster.o
                0x00007608                levelControlCurrentLevel
 .text.levelControlSetLevel
                0x00007614       0x24 All_StdlinkSec_SamR21_Atsamr21e18a_Rf233_4Mhz_Gcc/Obj/dlLevelControlCluster.o
                0x00007614                levelControlSetLevel
 .text.resetToFactoryDefaultsInd
                0x00007638       0x28 All_StdlinkSec_SamR21_Atsamr21e18a_Rf233_4Mhz_Gcc/Obj/dlBasicCluster.o
 .text.basicClusterInit
                0x00007660       0x44 All_StdlinkSec_SamR21_Atsamr21e18a_Rf233_4Mhz_Gcc/Obj/dlBasicCluster.o
                0x00007660                basicClusterInit
 .text.updateCommissioningStateCb
                0x000076a4       0x20 All_StdlinkSec_SamR21_Atsamr21e18a_Rf233_4Mhz_Gcc/Obj/dimmableLight.o
 .text.dlConfigureReportingResp
                0x000076c4       0x20 All_StdlinkSec_SamR21_Atsamr21e18a_Rf233_4Mhz_Gcc/Obj/dimmableLight.o
 .text.appDeviceInit
                0x000076e4       0x70 All_StdlinkSec_SamR21_Atsamr21e18a_Rf233_4Mhz_Gcc/Obj/dimmableLight.o
                0x000076e4                appDeviceInit
 .text.appSecurityInit
                0x00007754       0x24 All_StdlinkSec_SamR21_Atsamr21e18a_Rf233_4Mhz_Gcc/Obj/dimmableLight.o
                0x00007754                appSecurityInit
 .text.appDeviceTaskHandler
                0x00007778       0x14 All_StdlinkSec_SamR21_Atsamr21e18a_Rf233_4Mhz_Gcc/Obj/dimmableLight.o
                0x00007778                appDeviceTaskHandler
 .text.getDeviceBindRequest
                0x0000778c        0x4 All_StdlinkSec_SamR21_Atsamr21e18a_Rf233_4Mhz_Gcc/Obj/dimmableLight.o
                0x0000778c                getDeviceBindRequest
 .text.appStop  0x00007790        0xc All_StdlinkSec_SamR21_Atsamr21e18a_Rf233_4Mhz_Gcc/Obj/dimmableLight.o
                0x00007790                appStop
 .text.appIsInitiator
                0x0000779c        0x4 All_StdlinkSec_SamR21_Atsamr21e18a_Rf233_4Mhz_Gcc/Obj/dimmableLight.o
                0x0000779c                appIsInitiator
 .text.appEzModeDone
                0x000077a0        0x4 All_StdlinkSec_SamR21_Atsamr21e18a_Rf233_4Mhz_Gcc/Obj/dimmableLight.o
                0x000077a0                appEzModeDone
 .text.ZDO_BindIndication
                0x000077a4        0x4 All_StdlinkSec_SamR21_Atsamr21e18a_Rf233_4Mhz_Gcc/Obj/dimmableLight.o
                0x000077a4                ZDO_BindIndication
 .text.ZDO_UnbindIndication
                0x000077a8        0x4 All_StdlinkSec_SamR21_Atsamr21e18a_Rf233_4Mhz_Gcc/Obj/dimmableLight.o
                0x000077a8                ZDO_UnbindIndication
 .text.addGroupIfidentifyingInd
                0x000077ac       0x5c All_StdlinkSec_SamR21_Atsamr21e18a_Rf233_4Mhz_Gcc/Obj/dlGroupsCluster.o
 .text.removeAllGroupsInd
                0x00007808       0x48 All_StdlinkSec_SamR21_Atsamr21e18a_Rf233_4Mhz_Gcc/Obj/dlGroupsCluster.o
 .text.addGroupInd
                0x00007850       0x98 All_StdlinkSec_SamR21_Atsamr21e18a_Rf233_4Mhz_Gcc/Obj/dlGroupsCluster.o
 .text.removeGroupInd
                0x000078e8       0x9c All_StdlinkSec_SamR21_Atsamr21e18a_Rf233_4Mhz_Gcc/Obj/dlGroupsCluster.o
 .text.viewGroupInd
                0x00007984       0x98 All_StdlinkSec_SamR21_Atsamr21e18a_Rf233_4Mhz_Gcc/Obj/dlGroupsCluster.o
 .text.getGroupMembershipInd
                0x00007a1c       0xec All_StdlinkSec_SamR21_Atsamr21e18a_Rf233_4Mhz_Gcc/Obj/dlGroupsCluster.o
 .text.groupsClusterInit
                0x00007b08        0xc All_StdlinkSec_SamR21_Atsamr21e18a_Rf233_4Mhz_Gcc/Obj/dlGroupsCluster.o
                0x00007b08                groupsClusterInit
 .text.processPseudoPowerOffCmd
                0x00007b14       0x10 All_StdlinkSec_SamR21_Atsamr21e18a_Rf233_4Mhz_Gcc/Obj/dlConsole.o
 .text.zdoPermitJoiningResponse
                0x00007b24       0x24 All_StdlinkSec_SamR21_Atsamr21e18a_Rf233_4Mhz_Gcc/Obj/dlConsole.o
 .text.processGetDeviceTypeCmd
                0x00007b48       0x24 All_StdlinkSec_SamR21_Atsamr21e18a_Rf233_4Mhz_Gcc/Obj/dlConsole.o
 .text.processHelpCmd
                0x00007b6c       0x44 All_StdlinkSec_SamR21_Atsamr21e18a_Rf233_4Mhz_Gcc/Obj/dlConsole.o
 .text.processRestartNwkCmd
                0x00007bb0       0x20 All_StdlinkSec_SamR21_Atsamr21e18a_Rf233_4Mhz_Gcc/Obj/dlConsole.o
 .text.processSetPermitJoinCmd
                0x00007bd0       0x40 All_StdlinkSec_SamR21_Atsamr21e18a_Rf233_4Mhz_Gcc/Obj/dlConsole.o
 .text.processResetToFactoryFreshCmd
                0x00007c10       0x10 All_StdlinkSec_SamR21_Atsamr21e18a_Rf233_4Mhz_Gcc/Obj/dlConsole.o
 .text.processResetCmd
                0x00007c20        0x8 All_StdlinkSec_SamR21_Atsamr21e18a_Rf233_4Mhz_Gcc/Obj/dlConsole.o
 .text.processInvokeEzModeCmd
                0x00007c28        0xc All_StdlinkSec_SamR21_Atsamr21e18a_Rf233_4Mhz_Gcc/Obj/dlConsole.o
 .text.consoleTxStr
                0x00007c34        0x8 All_StdlinkSec_SamR21_Atsamr21e18a_Rf233_4Mhz_Gcc/Obj/dlConsole.o
                0x00007c34                consoleTxStr
 .text.initConsole
                0x00007c3c       0x10 All_StdlinkSec_SamR21_Atsamr21e18a_Rf233_4Mhz_Gcc/Obj/dlConsole.o
                0x00007c3c                initConsole
 .text.processConsole
                0x00007c4c       0x38 All_StdlinkSec_SamR21_Atsamr21e18a_Rf233_4Mhz_Gcc/Obj/dlConsole.o
                0x00007c4c                processConsole
 .text.onOffClusterInit
                0x00007c84        0xc All_StdlinkSec_SamR21_Atsamr21e18a_Rf233_4Mhz_Gcc/Obj/dlOnOffCluster.o
                0x00007c84                onOffClusterInit
 .text.onOffSetOnOffState
                0x00007c90       0x24 All_StdlinkSec_SamR21_Atsamr21e18a_Rf233_4Mhz_Gcc/Obj/dlOnOffCluster.o
                0x00007c90                onOffSetOnOffState
 .text.toggleInd
                0x00007cb4       0x30 All_StdlinkSec_SamR21_Atsamr21e18a_Rf233_4Mhz_Gcc/Obj/dlOnOffCluster.o
 .text.offInd   0x00007ce4       0x28 All_StdlinkSec_SamR21_Atsamr21e18a_Rf233_4Mhz_Gcc/Obj/dlOnOffCluster.o
 .text.onInd    0x00007d0c       0x28 All_StdlinkSec_SamR21_Atsamr21e18a_Rf233_4Mhz_Gcc/Obj/dlOnOffCluster.o
 .text.onOffState
                0x00007d34        0xc All_StdlinkSec_SamR21_Atsamr21e18a_Rf233_4Mhz_Gcc/Obj/dlOnOffCluster.o
                0x00007d34                onOffState
 .text.commandZclRequestResp
                0x00007d40       0xc8 All_StdlinkSec_SamR21_Atsamr21e18a_Rf233_4Mhz_Gcc/Obj/commandManager.o
 .text.commandManagerAllocCommand
                0x00007e08       0x54 All_StdlinkSec_SamR21_Atsamr21e18a_Rf233_4Mhz_Gcc/Obj/commandManager.o
                0x00007e08                commandManagerAllocCommand
 .text.commandManagerSendCommand
                0x00007e5c       0x14 All_StdlinkSec_SamR21_Atsamr21e18a_Rf233_4Mhz_Gcc/Obj/commandManager.o
                0x00007e5c                commandManagerSendCommand
 .text.commandManagerSendAttribute
                0x00007e70       0x14 All_StdlinkSec_SamR21_Atsamr21e18a_Rf233_4Mhz_Gcc/Obj/commandManager.o
                0x00007e70                commandManagerSendAttribute
 .text.decimalStrToUlong.part.0
                0x00007e84       0x68 All_StdlinkSec_SamR21_Atsamr21e18a_Rf233_4Mhz_Gcc/Obj/console.o
 .text.decimalStrToSlong
                0x00007eec       0x44 All_StdlinkSec_SamR21_Atsamr21e18a_Rf233_4Mhz_Gcc/Obj/console.o
                0x00007eec                decimalStrToSlong
 .text.hexStrToUlong
                0x00007f30       0x6c All_StdlinkSec_SamR21_Atsamr21e18a_Rf233_4Mhz_Gcc/Obj/console.o
                0x00007f30                hexStrToUlong
 .text.consoleRegisterCommands
                0x00007f9c        0xc All_StdlinkSec_SamR21_Atsamr21e18a_Rf233_4Mhz_Gcc/Obj/console.o
                0x00007f9c                consoleRegisterCommands
 .text.consoleRx
                0x00007fa8      0x1d0 All_StdlinkSec_SamR21_Atsamr21e18a_Rf233_4Mhz_Gcc/Obj/console.o
                0x00007fa8                consoleRx
 .text.uartDataReceived
                0x00008178        0x8 All_StdlinkSec_SamR21_Atsamr21e18a_Rf233_4Mhz_Gcc/Obj/uartManager.o
 .text.uartInit
                0x00008180       0x50 All_StdlinkSec_SamR21_Atsamr21e18a_Rf233_4Mhz_Gcc/Obj/uartManager.o
                0x00008180                uartInit
 .text.readDataFromUart
                0x000081d0       0x18 All_StdlinkSec_SamR21_Atsamr21e18a_Rf233_4Mhz_Gcc/Obj/uartManager.o
                0x000081d0                readDataFromUart
 .text.appSnprintf
                0x000081e8       0x2c All_StdlinkSec_SamR21_Atsamr21e18a_Rf233_4Mhz_Gcc/Obj/uartManager.o
                0x000081e8                appSnprintf
 .text.ezModeTimerFired
                0x00008214       0x24 All_StdlinkSec_SamR21_Atsamr21e18a_Rf233_4Mhz_Gcc/Obj/ezModeManager.o
 .text.ezModeIdentifyQueryTimerFired
                0x00008238       0x14 All_StdlinkSec_SamR21_Atsamr21e18a_Rf233_4Mhz_Gcc/Obj/ezModeManager.o
 .text.matchBindDevices
                0x0000824c       0xac All_StdlinkSec_SamR21_Atsamr21e18a_Rf233_4Mhz_Gcc/Obj/ezModeManager.o
 .text.commissionNextEndpoint
                0x000082f8       0x68 All_StdlinkSec_SamR21_Atsamr21e18a_Rf233_4Mhz_Gcc/Obj/ezModeManager.o
 .text.bindNextCluster
                0x00008360       0x70 All_StdlinkSec_SamR21_Atsamr21e18a_Rf233_4Mhz_Gcc/Obj/ezModeManager.o
 .text.matchHandlingFinished
                0x000083d0       0x64 All_StdlinkSec_SamR21_Atsamr21e18a_Rf233_4Mhz_Gcc/Obj/ezModeManager.o
 .text.zdpMatchDescResp
                0x00008434       0x40 All_StdlinkSec_SamR21_Atsamr21e18a_Rf233_4Mhz_Gcc/Obj/ezModeManager.o
 .text.doApsBinding.isra.2
                0x00008474       0x4c All_StdlinkSec_SamR21_Atsamr21e18a_Rf233_4Mhz_Gcc/Obj/ezModeManager.o
 .text.zdoPermitJoiningResponse
                0x000084c0       0x80 All_StdlinkSec_SamR21_Atsamr21e18a_Rf233_4Mhz_Gcc/Obj/ezModeManager.o
 .text.identifyQueryResponseCb
                0x00008540       0x5c All_StdlinkSec_SamR21_Atsamr21e18a_Rf233_4Mhz_Gcc/Obj/ezModeManager.o
 .text.doApsAndZdoBinding.constprop.6
                0x0000859c      0x158 All_StdlinkSec_SamR21_Atsamr21e18a_Rf233_4Mhz_Gcc/Obj/ezModeManager.o
 .text.zdpBindResp
                0x000086f4       0x2c All_StdlinkSec_SamR21_Atsamr21e18a_Rf233_4Mhz_Gcc/Obj/ezModeManager.o
 .text.zdpIeeeAddrResp
                0x00008720       0x30 All_StdlinkSec_SamR21_Atsamr21e18a_Rf233_4Mhz_Gcc/Obj/ezModeManager.o
 .text.initEzModeManager
                0x00008750       0x1c All_StdlinkSec_SamR21_Atsamr21e18a_Rf233_4Mhz_Gcc/Obj/ezModeManager.o
                0x00008750                initEzModeManager
 .text.invokeEzMode
                0x0000876c       0x64 All_StdlinkSec_SamR21_Atsamr21e18a_Rf233_4Mhz_Gcc/Obj/ezModeManager.o
                0x0000876c                invokeEzMode
 .text.resetEzModeInProgress
                0x000087d0       0x18 All_StdlinkSec_SamR21_Atsamr21e18a_Rf233_4Mhz_Gcc/Obj/ezModeManager.o
                0x000087d0                resetEzModeInProgress
 .text.nwkLeaveIndHandler
                0x000087e8        0xc All_StdlinkSec_SamR21_Atsamr21e18a_Rf233_4Mhz_Gcc/Obj/zclDevice.o
 .text.zdoResetNwkConf
                0x000087f4       0x38 All_StdlinkSec_SamR21_Atsamr21e18a_Rf233_4Mhz_Gcc/Obj/zclDevice.o
 .text.setDeviceJoinParameters
                0x0000882c       0x50 All_StdlinkSec_SamR21_Atsamr21e18a_Rf233_4Mhz_Gcc/Obj/zclDevice.o
 .text.ZDO_StartNetworkConf
                0x0000887c       0xc4 All_StdlinkSec_SamR21_Atsamr21e18a_Rf233_4Mhz_Gcc/Obj/zclDevice.o
 .text.APL_TaskHandler
                0x00008940      0x12c All_StdlinkSec_SamR21_Atsamr21e18a_Rf233_4Mhz_Gcc/Obj/zclDevice.o
                0x00008940                APL_TaskHandler
 .text.ZDO_MgmtNwkUpdateNotf
                0x00008a6c       0x80 All_StdlinkSec_SamR21_Atsamr21e18a_Rf233_4Mhz_Gcc/Obj/zclDevice.o
                0x00008a6c                ZDO_MgmtNwkUpdateNotf
 .text.ZDO_WakeUpInd
                0x00008aec        0x4 All_StdlinkSec_SamR21_Atsamr21e18a_Rf233_4Mhz_Gcc/Obj/zclDevice.o
                0x00008aec                ZDO_WakeUpInd
 .text.appRestart
                0x00008af0       0x28 All_StdlinkSec_SamR21_Atsamr21e18a_Rf233_4Mhz_Gcc/Obj/zclDevice.o
                0x00008af0                appRestart
 .text.ZCL_ConfigureReportingResp
                0x00008b18        0x4 All_StdlinkSec_SamR21_Atsamr21e18a_Rf233_4Mhz_Gcc/Obj/haClusters.o
 .text.fillCommandRequest
                0x00008b1c       0x18 All_StdlinkSec_SamR21_Atsamr21e18a_Rf233_4Mhz_Gcc/Obj/haClusters.o
                0x00008b1c                fillCommandRequest
 .text.getFreeCommand
                0x00008b34       0x38 All_StdlinkSec_SamR21_Atsamr21e18a_Rf233_4Mhz_Gcc/Obj/haClusters.o
                0x00008b34                getFreeCommand
 .text.fillDstAddressingViaSourceAddressing
                0x00008b6c       0x10 All_StdlinkSec_SamR21_Atsamr21e18a_Rf233_4Mhz_Gcc/Obj/haClusters.o
                0x00008b6c                fillDstAddressingViaSourceAddressing
 .text.sendConfigureReportingToNotify
                0x00008b7c       0xc4 All_StdlinkSec_SamR21_Atsamr21e18a_Rf233_4Mhz_Gcc/Obj/haClusters.o
                0x00008b7c                sendConfigureReportingToNotify
 .text.fillExtendedBcSet
                0x00008c40       0xcc All_StdlinkSec_SamR21_Atsamr21e18a_Rf233_4Mhz_Gcc/Obj/wlPdsTypesConverter.o
                0x00008c40                fillExtendedBcSet
 .text.pdsGetItemDescr
                0x00008d0c       0x44 All_StdlinkSec_SamR21_Atsamr21e18a_Rf233_4Mhz_Gcc/Obj/wlPdsTypesConverter.o
                0x00008d0c                pdsGetItemDescr
 .text.pdsUpdateMemory
                0x00008d50      0x25c All_StdlinkSec_SamR21_Atsamr21e18a_Rf233_4Mhz_Gcc/Obj/wlPdsTypesConverter.o
                0x00008d50                pdsUpdateMemory
 .text.pdsGetDirDescr
                0x00008fac       0x40 All_StdlinkSec_SamR21_Atsamr21e18a_Rf233_4Mhz_Gcc/Obj/wlPdsTypesConverter.o
                0x00008fac                pdsGetDirDescr
 .text.pdsPostTask
                0x00008fec       0x38 All_StdlinkSec_SamR21_Atsamr21e18a_Rf233_4Mhz_Gcc/Obj/wlPdsTaskManager.o
                0x00008fec                pdsPostTask
 .text.PDS_TaskHandler
                0x00009024       0x60 All_StdlinkSec_SamR21_Atsamr21e18a_Rf233_4Mhz_Gcc/Obj/wlPdsTaskManager.o
                0x00009024                PDS_TaskHandler
 .text.PDS_EraseSecureItems
                0x00009084        0x4 All_StdlinkSec_SamR21_Atsamr21e18a_Rf233_4Mhz_Gcc/Obj/wlPdsSecurity.o
                0x00009084                PDS_EraseSecureItems
 .text.PDS_Init
                0x00009088        0xc All_StdlinkSec_SamR21_Atsamr21e18a_Rf233_4Mhz_Gcc/Obj/wlPdsInit.o
                0x00009088                PDS_Init
 .text.pdsObserver
                0x00009094       0x84 All_StdlinkSec_SamR21_Atsamr21e18a_Rf233_4Mhz_Gcc/Obj/wlPdsDataServer.o
 .text.pdsInitItemMask
                0x00009118       0xa8 All_StdlinkSec_SamR21_Atsamr21e18a_Rf233_4Mhz_Gcc/Obj/wlPdsDataServer.o
 .text.PDS_Restore
                0x000091c0       0xd8 All_StdlinkSec_SamR21_Atsamr21e18a_Rf233_4Mhz_Gcc/Obj/wlPdsDataServer.o
                0x000091c0                PDS_Restore
 .text.PDS_Store
                0x00009298       0x1c All_StdlinkSec_SamR21_Atsamr21e18a_Rf233_4Mhz_Gcc/Obj/wlPdsDataServer.o
                0x00009298                PDS_Store
 .text.PDS_DeleteAll
                0x000092b4        0xc All_StdlinkSec_SamR21_Atsamr21e18a_Rf233_4Mhz_Gcc/Obj/wlPdsDataServer.o
                0x000092b4                PDS_DeleteAll
 .text.pdsStoreItemTaskHandler
                0x000092c0       0xe8 All_StdlinkSec_SamR21_Atsamr21e18a_Rf233_4Mhz_Gcc/Obj/wlPdsDataServer.o
                0x000092c0                pdsStoreItemTaskHandler
 .text.PDS_StoreByEvents
                0x000093a8       0x5c All_StdlinkSec_SamR21_Atsamr21e18a_Rf233_4Mhz_Gcc/Obj/wlPdsDataServer.o
                0x000093a8                PDS_StoreByEvents
 .text.PDS_IsAbleToRestore
                0x00009404       0x5c All_StdlinkSec_SamR21_Atsamr21e18a_Rf233_4Mhz_Gcc/Obj/wlPdsDataServer.o
                0x00009404                PDS_IsAbleToRestore
 .text.ComputeHeaderCrc
                0x00009460       0x30 All_StdlinkSec_SamR21_Atsamr21e18a_Rf233_4Mhz_Gcc/Obj/S_Nv.o
 .text.FindItemCache
                0x00009490       0x54 All_StdlinkSec_SamR21_Atsamr21e18a_Rf233_4Mhz_Gcc/Obj/S_Nv.o
 .text.CreateItemCache
                0x000094e4       0x4c All_StdlinkSec_SamR21_Atsamr21e18a_Rf233_4Mhz_Gcc/Obj/S_Nv.o
 .text.DeleteItemCache
                0x00009530       0x44 All_StdlinkSec_SamR21_Atsamr21e18a_Rf233_4Mhz_Gcc/Obj/S_Nv.o
 .text.WriteAndCheck
                0x00009574       0x28 All_StdlinkSec_SamR21_Atsamr21e18a_Rf233_4Mhz_Gcc/Obj/S_Nv.o
 .text.InitSector
                0x0000959c       0x74 All_StdlinkSec_SamR21_Atsamr21e18a_Rf233_4Mhz_Gcc/Obj/S_Nv.o
 .text.ActivateSector
                0x00009610       0x18 All_StdlinkSec_SamR21_Atsamr21e18a_Rf233_4Mhz_Gcc/Obj/S_Nv.o
 .text.GatherData
                0x00009628      0x128 All_StdlinkSec_SamR21_Atsamr21e18a_Rf233_4Mhz_Gcc/Obj/S_Nv.o
 .text.eraseSectorTimerFired
                0x00009750       0x24 All_StdlinkSec_SamR21_Atsamr21e18a_Rf233_4Mhz_Gcc/Obj/S_Nv.o
 .text.WriteBlockHeader
                0x00009774       0x48 All_StdlinkSec_SamR21_Atsamr21e18a_Rf233_4Mhz_Gcc/Obj/S_Nv.o
 .text.CompactSector
                0x000097bc      0x140 All_StdlinkSec_SamR21_Atsamr21e18a_Rf233_4Mhz_Gcc/Obj/S_Nv.o
 .text.WriteDataBlock
                0x000098fc       0x70 All_StdlinkSec_SamR21_Atsamr21e18a_Rf233_4Mhz_Gcc/Obj/S_Nv.o
 .text.CompactSectorIfNeeded
                0x0000996c       0x5c All_StdlinkSec_SamR21_Atsamr21e18a_Rf233_4Mhz_Gcc/Obj/S_Nv.o
 .text.CompactItem
                0x000099c8      0x14c All_StdlinkSec_SamR21_Atsamr21e18a_Rf233_4Mhz_Gcc/Obj/S_Nv.o
 .text.compactItemTimerFired
                0x00009b14        0x8 All_StdlinkSec_SamR21_Atsamr21e18a_Rf233_4Mhz_Gcc/Obj/S_Nv.o
 .text.compactSectorTimerFired
                0x00009b1c       0x2c All_StdlinkSec_SamR21_Atsamr21e18a_Rf233_4Mhz_Gcc/Obj/S_Nv.o
 .text.S_Nv_EarlyInit
                0x00009b48      0x16c All_StdlinkSec_SamR21_Atsamr21e18a_Rf233_4Mhz_Gcc/Obj/S_Nv.o
                0x00009b48                S_Nv_EarlyInit
 .text.S_Nv_Init
                0x00009cb4       0x30 All_StdlinkSec_SamR21_Atsamr21e18a_Rf233_4Mhz_Gcc/Obj/S_Nv.o
                0x00009cb4                S_Nv_Init
 .text.S_Nv_Write_Impl
                0x00009ce4       0xf0 All_StdlinkSec_SamR21_Atsamr21e18a_Rf233_4Mhz_Gcc/Obj/S_Nv.o
                0x00009ce4                S_Nv_Write_Impl
 .text.S_Nv_Read_Impl
                0x00009dd4       0x84 All_StdlinkSec_SamR21_Atsamr21e18a_Rf233_4Mhz_Gcc/Obj/S_Nv.o
                0x00009dd4                S_Nv_Read_Impl
 .text.S_Nv_ItemLength_Impl
                0x00009e58       0x58 All_StdlinkSec_SamR21_Atsamr21e18a_Rf233_4Mhz_Gcc/Obj/S_Nv.o
                0x00009e58                S_Nv_ItemLength_Impl
 .text.S_Nv_ItemInit_Impl
                0x00009eb0       0xdc All_StdlinkSec_SamR21_Atsamr21e18a_Rf233_4Mhz_Gcc/Obj/S_Nv.o
                0x00009eb0                S_Nv_ItemInit_Impl
 .text.S_Nv_EraseAll_Impl
                0x00009f8c       0x90 All_StdlinkSec_SamR21_Atsamr21e18a_Rf233_4Mhz_Gcc/Obj/S_Nv.o
                0x00009f8c                S_Nv_EraseAll_Impl
 .text.S_Nv_IsItemAvailable_Impl
                0x0000a01c       0x20 All_StdlinkSec_SamR21_Atsamr21e18a_Rf233_4Mhz_Gcc/Obj/S_Nv.o
                0x0000a01c                S_Nv_IsItemAvailable_Impl
 .text.CompareData
                0x0000a03c       0xd8 All_StdlinkSec_SamR21_Atsamr21e18a_Rf233_4Mhz_Gcc/Obj/D_Nv.o
 .text.D_Nv_Init
                0x0000a114       0x38 All_StdlinkSec_SamR21_Atsamr21e18a_Rf233_4Mhz_Gcc/Obj/D_Nv.o
                0x0000a114                D_Nv_Init
 .text.D_Nv_Read_Impl
                0x0000a14c       0x64 All_StdlinkSec_SamR21_Atsamr21e18a_Rf233_4Mhz_Gcc/Obj/D_Nv.o
                0x0000a14c                D_Nv_Read_Impl
 .text.D_Nv_Write_Impl
                0x0000a1b0       0xe0 All_StdlinkSec_SamR21_Atsamr21e18a_Rf233_4Mhz_Gcc/Obj/D_Nv.o
                0x0000a1b0                D_Nv_Write_Impl
 .text.D_Nv_EraseSector_Impl
                0x0000a290       0x3c All_StdlinkSec_SamR21_Atsamr21e18a_Rf233_4Mhz_Gcc/Obj/D_Nv.o
                0x0000a290                D_Nv_EraseSector_Impl
 .text.D_Nv_IsEmpty_Impl
                0x0000a2cc        0xc All_StdlinkSec_SamR21_Atsamr21e18a_Rf233_4Mhz_Gcc/Obj/D_Nv.o
                0x0000a2cc                D_Nv_IsEmpty_Impl
 .text.D_Nv_IsEqual_Impl
                0x0000a2d8        0x8 All_StdlinkSec_SamR21_Atsamr21e18a_Rf233_4Mhz_Gcc/Obj/D_Nv.o
                0x0000a2d8                D_Nv_IsEqual_Impl
 .text.N_ErrH_Fatal
                0x0000a2e0        0x4 All_StdlinkSec_SamR21_Atsamr21e18a_Rf233_4Mhz_Gcc/Obj/S_Nv_Stub.o
                0x0000a2e0                N_ErrH_Fatal
 .text.N_Log_Prepare
                0x0000a2e4        0x4 All_StdlinkSec_SamR21_Atsamr21e18a_Rf233_4Mhz_Gcc/Obj/S_Nv_Stub.o
                0x0000a2e4                N_Log_Prepare
 .text.N_Log_Trace
                0x0000a2e8        0x8 All_StdlinkSec_SamR21_Atsamr21e18a_Rf233_4Mhz_Gcc/Obj/S_Nv_Stub.o
                0x0000a2e8                N_Log_Trace
 .text.zclSecurityTaskHandler
                0x0000a2f0       0x34 All_StdlinkSec_SamR21_Atsamr21e18a_Rf233_4Mhz_Gcc/Obj/zclSecurityManager.o
                0x0000a2f0                zclSecurityTaskHandler
 .text.ZCL_ResetSecurity
                0x0000a324        0xc All_StdlinkSec_SamR21_Atsamr21e18a_Rf233_4Mhz_Gcc/Obj/zclSecurityManager.o
                0x0000a324                ZCL_ResetSecurity
 .text.ZCL_Set  0x0000a330       0x44 All_StdlinkSec_SamR21_Atsamr21e18a_Rf233_4Mhz_Gcc/Obj/zclSecurityManager.o
                0x0000a330                ZCL_Set
 .text.formZclHeader
                0x0000a374       0x6c All_StdlinkSec_SamR21_Atsamr21e18a_Rf233_4Mhz_Gcc/Obj/zclParser.o
 .text.zclParserDataConf
                0x0000a3e0        0xc All_StdlinkSec_SamR21_Atsamr21e18a_Rf233_4Mhz_Gcc/Obj/zclParser.o
 .text.formReadAttributesStructuredResponse
                0x0000a3ec       0xf4 All_StdlinkSec_SamR21_Atsamr21e18a_Rf233_4Mhz_Gcc/Obj/zclParser.o
 .text.formReadAttributesResponse
                0x0000a4e0      0x10c All_StdlinkSec_SamR21_Atsamr21e18a_Rf233_4Mhz_Gcc/Obj/zclParser.o
 .text.sendDefaultResponse
                0x0000a5ec      0x120 All_StdlinkSec_SamR21_Atsamr21e18a_Rf233_4Mhz_Gcc/Obj/zclParser.o
 .text.getElementLength
                0x0000a70c       0xb8 All_StdlinkSec_SamR21_Atsamr21e18a_Rf233_4Mhz_Gcc/Obj/zclParser.o
 .text.zclFindAppropriateRequest.isra.3
                0x0000a7c4       0x68 All_StdlinkSec_SamR21_Atsamr21e18a_Rf233_4Mhz_Gcc/Obj/zclParser.o
 .text.sendRelevantResponse
                0x0000a82c       0xb8 All_StdlinkSec_SamR21_Atsamr21e18a_Rf233_4Mhz_Gcc/Obj/zclParser.o
 .text.zclParserInit
                0x0000a8e4       0x10 All_StdlinkSec_SamR21_Atsamr21e18a_Rf233_4Mhz_Gcc/Obj/zclParser.o
                0x0000a8e4                zclParserInit
 .text.zclDataInd
                0x0000a8f4       0xb8 All_StdlinkSec_SamR21_Atsamr21e18a_Rf233_4Mhz_Gcc/Obj/zclParser.o
                0x0000a8f4                zclDataInd
 .text.zclParserTaskHandler
                0x0000a9ac      0x81c All_StdlinkSec_SamR21_Atsamr21e18a_Rf233_4Mhz_Gcc/Obj/zclParser.o
                0x0000a9ac                zclParserTaskHandler
 .text.ZCL_PutNextElement
                0x0000b1c8       0x4c All_StdlinkSec_SamR21_Atsamr21e18a_Rf233_4Mhz_Gcc/Obj/zclParser.o
                0x0000b1c8                ZCL_PutNextElement
 .text.ZCL_GetNextElement
                0x0000b214       0x68 All_StdlinkSec_SamR21_Atsamr21e18a_Rf233_4Mhz_Gcc/Obj/zclParser.o
                0x0000b214                ZCL_GetNextElement
 .text.zclFormRequest
                0x0000b27c       0x44 All_StdlinkSec_SamR21_Atsamr21e18a_Rf233_4Mhz_Gcc/Obj/zclParser.o
                0x0000b27c                zclFormRequest
 .text.displayMessagePayloadChecker
                0x0000b2c0        0x8 All_StdlinkSec_SamR21_Atsamr21e18a_Rf233_4Mhz_Gcc/Obj/zclCommandAnalyzer.o
 .text.publishPricePayloadChecker
                0x0000b2c8        0xc All_StdlinkSec_SamR21_Atsamr21e18a_Rf233_4Mhz_Gcc/Obj/zclCommandAnalyzer.o
 .text.zclIsResponseRequiredByPayload
                0x0000b2d4       0x44 All_StdlinkSec_SamR21_Atsamr21e18a_Rf233_4Mhz_Gcc/Obj/zclCommandAnalyzer.o
                0x0000b2d4                zclIsResponseRequiredByPayload
 .text.zclIsResponseRequiredByAddrMode
                0x0000b318       0x24 All_StdlinkSec_SamR21_Atsamr21e18a_Rf233_4Mhz_Gcc/Obj/zclCommandAnalyzer.o
                0x0000b318                zclIsResponseRequiredByAddrMode
 .text.zclPostTask
                0x0000b33c       0x38 All_StdlinkSec_SamR21_Atsamr21e18a_Rf233_4Mhz_Gcc/Obj/zclTaskManager.o
                0x0000b33c                zclPostTask
 .text.ZCL_TaskHandler
                0x0000b374       0x94 All_StdlinkSec_SamR21_Atsamr21e18a_Rf233_4Mhz_Gcc/Obj/zclTaskManager.o
                0x0000b374                ZCL_TaskHandler
 .text.readSignedLE
                0x0000b408       0x44 All_StdlinkSec_SamR21_Atsamr21e18a_Rf233_4Mhz_Gcc/Obj/zclAttributes.o
 .text.zclNextEndpoint
                0x0000b44c       0x1c All_StdlinkSec_SamR21_Atsamr21e18a_Rf233_4Mhz_Gcc/Obj/zclAttributes.o
                0x0000b44c                zclNextEndpoint
 .text.zclGetEndpoint
                0x0000b468       0x1c All_StdlinkSec_SamR21_Atsamr21e18a_Rf233_4Mhz_Gcc/Obj/zclAttributes.o
                0x0000b468                zclGetEndpoint
 .text.ZCL_GetCluster
                0x0000b484       0x4c All_StdlinkSec_SamR21_Atsamr21e18a_Rf233_4Mhz_Gcc/Obj/zclAttributes.o
                0x0000b484                ZCL_GetCluster
 .text.ZCL_GetHeadCluster
                0x0000b4d0       0x14 All_StdlinkSec_SamR21_Atsamr21e18a_Rf233_4Mhz_Gcc/Obj/zclAttributes.o
                0x0000b4d0                ZCL_GetHeadCluster
 .text.ZCL_GetNextCluster
                0x0000b4e4        0x4 All_StdlinkSec_SamR21_Atsamr21e18a_Rf233_4Mhz_Gcc/Obj/zclAttributes.o
                0x0000b4e4                ZCL_GetNextCluster
 .text.zclGetCommand
                0x0000b4e8       0x48 All_StdlinkSec_SamR21_Atsamr21e18a_Rf233_4Mhz_Gcc/Obj/zclAttributes.o
                0x0000b4e8                zclGetCommand
 .text.zclGetCommandByCluster
                0x0000b530       0x40 All_StdlinkSec_SamR21_Atsamr21e18a_Rf233_4Mhz_Gcc/Obj/zclAttributes.o
                0x0000b530                zclGetCommandByCluster
 .text.zclGetNextCommand
                0x0000b570        0x4 All_StdlinkSec_SamR21_Atsamr21e18a_Rf233_4Mhz_Gcc/Obj/zclAttributes.o
                0x0000b570                zclGetNextCommand
 .text.zclGetSecurityTypeByClusterId
                0x0000b574       0x30 All_StdlinkSec_SamR21_Atsamr21e18a_Rf233_4Mhz_Gcc/Obj/zclAttributes.o
                0x0000b574                zclGetSecurityTypeByClusterId
 .text.ZCL_GetDataTypeDescriptor
                0x0000b5a4      0x100 All_StdlinkSec_SamR21_Atsamr21e18a_Rf233_4Mhz_Gcc/Obj/zclAttributes.o
                0x0000b5a4                ZCL_GetDataTypeDescriptor
 .text.jumpToNextAttribute
                0x0000b6a4       0x38 All_StdlinkSec_SamR21_Atsamr21e18a_Rf233_4Mhz_Gcc/Obj/zclAttributes.o
                0x0000b6a4                jumpToNextAttribute
 .text.zclGetAttribute
                0x0000b6dc       0x44 All_StdlinkSec_SamR21_Atsamr21e18a_Rf233_4Mhz_Gcc/Obj/zclAttributes.o
                0x0000b6dc                zclGetAttribute
 .text.zclGetNextAttribute
                0x0000b720       0x60 All_StdlinkSec_SamR21_Atsamr21e18a_Rf233_4Mhz_Gcc/Obj/zclAttributes.o
                0x0000b720                zclGetNextAttribute
 .text.zclReadAttributeValueSafe
                0x0000b780       0x4c All_StdlinkSec_SamR21_Atsamr21e18a_Rf233_4Mhz_Gcc/Obj/zclAttributes.o
                0x0000b780                zclReadAttributeValueSafe
 .text.zclObtainStructureElement
                0x0000b7cc       0x50 All_StdlinkSec_SamR21_Atsamr21e18a_Rf233_4Mhz_Gcc/Obj/zclAttributes.o
 .text.zclReadIndexedAttribute
                0x0000b81c       0xfc All_StdlinkSec_SamR21_Atsamr21e18a_Rf233_4Mhz_Gcc/Obj/zclAttributes.o
                0x0000b81c                zclReadIndexedAttribute
 .text.isReportingPermitted
                0x0000b918       0x34 All_StdlinkSec_SamR21_Atsamr21e18a_Rf233_4Mhz_Gcc/Obj/zclAttributes.o
                0x0000b918                isReportingPermitted
 .text.zclReportOnChangeIfNeeded.isra.0
                0x0000b94c      0x16c All_StdlinkSec_SamR21_Atsamr21e18a_Rf233_4Mhz_Gcc/Obj/zclAttributes.o
 .text.zclWriteAttribute
                0x0000bab8      0x240 All_StdlinkSec_SamR21_Atsamr21e18a_Rf233_4Mhz_Gcc/Obj/zclAttributes.o
 .text.zclRemoteWriteAttributeValue
                0x0000bcf8       0x20 All_StdlinkSec_SamR21_Atsamr21e18a_Rf233_4Mhz_Gcc/Obj/zclAttributes.o
                0x0000bcf8                zclRemoteWriteAttributeValue
 .text.ZCL_ReportOnChangeIfNeeded
                0x0000bd18       0x24 All_StdlinkSec_SamR21_Atsamr21e18a_Rf233_4Mhz_Gcc/Obj/zclAttributes.o
                0x0000bd18                ZCL_ReportOnChangeIfNeeded
 .text.ZCL_GetAttributeLength
                0x0000bd3c       0x14 All_StdlinkSec_SamR21_Atsamr21e18a_Rf233_4Mhz_Gcc/Obj/zclAttributes.o
                0x0000bd3c                ZCL_GetAttributeLength
 .text.zclRepostTaskTimerFired
                0x0000bd50       0x18 All_StdlinkSec_SamR21_Atsamr21e18a_Rf233_4Mhz_Gcc/Obj/zcl.o
 .text.reportConfirm
                0x0000bd68       0x24 All_StdlinkSec_SamR21_Atsamr21e18a_Rf233_4Mhz_Gcc/Obj/zcl.o
 .text.responseConfirm
                0x0000bd8c        0xc All_StdlinkSec_SamR21_Atsamr21e18a_Rf233_4Mhz_Gcc/Obj/zcl.o
 .text.zclWaitTimerFired
                0x0000bd98       0x98 All_StdlinkSec_SamR21_Atsamr21e18a_Rf233_4Mhz_Gcc/Obj/zcl.o
 .text.zclVerifyConfirmResponseOrder
                0x0000be30       0x64 All_StdlinkSec_SamR21_Atsamr21e18a_Rf233_4Mhz_Gcc/Obj/zcl.o
 .text.zclStartWaitResponseTimer
                0x0000be94       0x98 All_StdlinkSec_SamR21_Atsamr21e18a_Rf233_4Mhz_Gcc/Obj/zcl.o
 .text.attributeConfirm
                0x0000bf2c       0x80 All_StdlinkSec_SamR21_Atsamr21e18a_Rf233_4Mhz_Gcc/Obj/zcl.o
 .text.zclReportTimerFired
                0x0000bfac      0x2ec All_StdlinkSec_SamR21_Atsamr21e18a_Rf233_4Mhz_Gcc/Obj/zcl.o
 .text.commandConfirm
                0x0000c298       0x6c All_StdlinkSec_SamR21_Atsamr21e18a_Rf233_4Mhz_Gcc/Obj/zcl.o
 .text.ZCL_ResetReq
                0x0000c304       0x54 All_StdlinkSec_SamR21_Atsamr21e18a_Rf233_4Mhz_Gcc/Obj/zcl.o
                0x0000c304                ZCL_ResetReq
 .text.ZCL_RegisterEndpoint
                0x0000c358       0x18 All_StdlinkSec_SamR21_Atsamr21e18a_Rf233_4Mhz_Gcc/Obj/zcl.o
                0x0000c358                ZCL_RegisterEndpoint
 .text.ZCL_AttributeReq
                0x0000c370       0x2c All_StdlinkSec_SamR21_Atsamr21e18a_Rf233_4Mhz_Gcc/Obj/zcl.o
                0x0000c370                ZCL_AttributeReq
 .text.ZCL_CommandReq
                0x0000c39c       0x1c All_StdlinkSec_SamR21_Atsamr21e18a_Rf233_4Mhz_Gcc/Obj/zcl.o
                0x0000c39c                ZCL_CommandReq
 .text.ZCL_StartReporting
                0x0000c3b8       0xd4 All_StdlinkSec_SamR21_Atsamr21e18a_Rf233_4Mhz_Gcc/Obj/zcl.o
                0x0000c3b8                ZCL_StartReporting
 .text.zclStopResponseWaitTimer
                0x0000c48c       0x10 All_StdlinkSec_SamR21_Atsamr21e18a_Rf233_4Mhz_Gcc/Obj/zcl.o
                0x0000c48c                zclStopResponseWaitTimer
 .text.zclTaskHandler
                0x0000c49c      0x2d0 All_StdlinkSec_SamR21_Atsamr21e18a_Rf233_4Mhz_Gcc/Obj/zcl.o
                0x0000c49c                zclTaskHandler
 .text.zclResponseInd
                0x0000c76c       0x98 All_StdlinkSec_SamR21_Atsamr21e18a_Rf233_4Mhz_Gcc/Obj/zcl.o
                0x0000c76c                zclResponseInd
 .text.zclReportInd
                0x0000c804       0x78 All_StdlinkSec_SamR21_Atsamr21e18a_Rf233_4Mhz_Gcc/Obj/zcl.o
                0x0000c804                zclReportInd
 .text.zclAttributeEventInd
                0x0000c87c       0x70 All_StdlinkSec_SamR21_Atsamr21e18a_Rf233_4Mhz_Gcc/Obj/zcl.o
                0x0000c87c                zclAttributeEventInd
 .text.zclCommandInd
                0x0000c8ec       0xd4 All_StdlinkSec_SamR21_Atsamr21e18a_Rf233_4Mhz_Gcc/Obj/zcl.o
                0x0000c8ec                zclCommandInd
 .text.zclReadReportingConfigurationHandler
                0x0000c9c0      0x2ac All_StdlinkSec_SamR21_Atsamr21e18a_Rf233_4Mhz_Gcc/Obj/zcl.o
                0x0000c9c0                zclReadReportingConfigurationHandler
 .text.zclConfigureReportingHandler
                0x0000cc6c      0x2dc All_StdlinkSec_SamR21_Atsamr21e18a_Rf233_4Mhz_Gcc/Obj/zcl.o
                0x0000cc6c                zclConfigureReportingHandler
 .text.zclApsDataReq
                0x0000cf48       0x24 All_StdlinkSec_SamR21_Atsamr21e18a_Rf233_4Mhz_Gcc/Obj/zcl.o
                0x0000cf48                zclApsDataReq
 .text.ZCL_IsBusy
                0x0000cf6c       0x1c All_StdlinkSec_SamR21_Atsamr21e18a_Rf233_4Mhz_Gcc/Obj/zcl.o
                0x0000cf6c                ZCL_IsBusy
 .text.isZclBusyOrPollRequest
                0x0000cf88       0x58 All_StdlinkSec_SamR21_Atsamr21e18a_Rf233_4Mhz_Gcc/Obj/zcl.o
 .text.zclStartReportTimer
                0x0000cfe0      0x160 All_StdlinkSec_SamR21_Atsamr21e18a_Rf233_4Mhz_Gcc/Obj/zcl.o
                0x0000cfe0                zclStartReportTimer
 .text.configureReportingResponseConfirm
                0x0000d140       0x18 All_StdlinkSec_SamR21_Atsamr21e18a_Rf233_4Mhz_Gcc/Obj/zcl.o
 .text.zclMmGetMem
                0x0000d158      0x160 All_StdlinkSec_SamR21_Atsamr21e18a_Rf233_4Mhz_Gcc/Obj/zclMemoryManager.o
                0x0000d158                zclMmGetMem
 .text.zclMmFreeMem
                0x0000d2b8       0x4c All_StdlinkSec_SamR21_Atsamr21e18a_Rf233_4Mhz_Gcc/Obj/zclMemoryManager.o
                0x0000d2b8                zclMmFreeMem
 .text.zclMmGetNextOutputMemDescriptor
                0x0000d304       0x74 All_StdlinkSec_SamR21_Atsamr21e18a_Rf233_4Mhz_Gcc/Obj/zclMemoryManager.o
                0x0000d304                zclMmGetNextOutputMemDescriptor
 .text.sysIdleHandlerSleepConf
                0x0000d378        0x4 All_StdlinkSec_SamR21_Atsamr21e18a_Rf233_4Mhz_Gcc/Obj/sysIdleHandler.o
 .text.SYS_IdleHandler
                0x0000d37c       0x4c All_StdlinkSec_SamR21_Atsamr21e18a_Rf233_4Mhz_Gcc/Obj/sysIdleHandler.o
                0x0000d37c                SYS_IdleHandler
 .text.SYS_IsSleepWhenIdleEnabled
                0x0000d3c8        0xc All_StdlinkSec_SamR21_Atsamr21e18a_Rf233_4Mhz_Gcc/Obj/sysIdleHandler.o
                0x0000d3c8                SYS_IsSleepWhenIdleEnabled
 .text.SYS_Sleep
                0x0000d3d4        0x8 All_StdlinkSec_SamR21_Atsamr21e18a_Rf233_4Mhz_Gcc/Obj/sysSleep.o
                0x0000d3d4                SYS_Sleep
 .text.SYS_SubscribeToEvent
                0x0000d3dc       0x7c All_StdlinkSec_SamR21_Atsamr21e18a_Rf233_4Mhz_Gcc/Obj/sysEventsHandler.o
                0x0000d3dc                SYS_SubscribeToEvent
 .text.SYS_UnsubscribeFromEvent
                0x0000d458       0x5c All_StdlinkSec_SamR21_Atsamr21e18a_Rf233_4Mhz_Gcc/Obj/sysEventsHandler.o
                0x0000d458                SYS_UnsubscribeFromEvent
 .text.SYS_PostEvent
                0x0000d4b4       0x88 All_StdlinkSec_SamR21_Atsamr21e18a_Rf233_4Mhz_Gcc/Obj/sysEventsHandler.o
                0x0000d4b4                SYS_PostEvent
 .text.SYS_IsEventDeliverable
                0x0000d53c       0x24 All_StdlinkSec_SamR21_Atsamr21e18a_Rf233_4Mhz_Gcc/Obj/sysEventsHandler.o
                0x0000d53c                SYS_IsEventDeliverable
 .text.putQueueElem
                0x0000d560       0x4c All_StdlinkSec_SamR21_Atsamr21e18a_Rf233_4Mhz_Gcc/Obj/sysQueue.o
                0x0000d560                putQueueElem
 .text.deleteHeadQueueElem
                0x0000d5ac       0x10 All_StdlinkSec_SamR21_Atsamr21e18a_Rf233_4Mhz_Gcc/Obj/sysQueue.o
                0x0000d5ac                deleteHeadQueueElem
 .text.deleteQueueElem
                0x0000d5bc       0x3c All_StdlinkSec_SamR21_Atsamr21e18a_Rf233_4Mhz_Gcc/Obj/sysQueue.o
                0x0000d5bc                deleteQueueElem
 .text.isQueueElem
                0x0000d5f8       0x1c All_StdlinkSec_SamR21_Atsamr21e18a_Rf233_4Mhz_Gcc/Obj/sysQueue.o
                0x0000d5f8                isQueueElem
 .text.sysRndConfirm
                0x0000d614       0x38 All_StdlinkSec_SamR21_Atsamr21e18a_Rf233_4Mhz_Gcc/Obj/sysUtils.o
 .text.sysUpdateRndSeedTimerFired
                0x0000d64c       0x10 All_StdlinkSec_SamR21_Atsamr21e18a_Rf233_4Mhz_Gcc/Obj/sysUtils.o
 .text.sysStartUpdatingRandSeed
                0x0000d65c       0x2c All_StdlinkSec_SamR21_Atsamr21e18a_Rf233_4Mhz_Gcc/Obj/sysUtils.o
                0x0000d65c                sysStartUpdatingRandSeed
 .text.SYS_GetRandomSequence
                0x0000d688       0x40 All_StdlinkSec_SamR21_Atsamr21e18a_Rf233_4Mhz_Gcc/Obj/sysUtils.o
                0x0000d688                SYS_GetRandomSequence
 .text.sysStopUpdatingRandSeed
                0x0000d6c8       0x10 All_StdlinkSec_SamR21_Atsamr21e18a_Rf233_4Mhz_Gcc/Obj/sysUtils.o
                0x0000d6c8                sysStopUpdatingRandSeed
 .text.SYS_DefAssertCallbackError
                0x0000d6d8       0x28 All_StdlinkSec_SamR21_Atsamr21e18a_Rf233_4Mhz_Gcc/Obj/sysAssert.o
                0x0000d6d8                SYS_DefAssertCallbackError
 .text.SYS_DefAssertCallbackFatal
                0x0000d700       0x28 All_StdlinkSec_SamR21_Atsamr21e18a_Rf233_4Mhz_Gcc/Obj/sysAssert.o
                0x0000d700                SYS_DefAssertCallbackFatal
 .text.SYS_DuplicateTableReset
                0x0000d728       0x7c All_StdlinkSec_SamR21_Atsamr21e18a_Rf233_4Mhz_Gcc/Obj/sysDuplicateTable.o
                0x0000d728                SYS_DuplicateTableReset
 .text.SYS_DuplicateTableCheck
                0x0000d7a4       0xd8 All_StdlinkSec_SamR21_Atsamr21e18a_Rf233_4Mhz_Gcc/Obj/sysDuplicateTable.o
                0x0000d7a4                SYS_DuplicateTableCheck
 .text.SYS_InitZsiLayer
                0x0000d87c        0x8 All_StdlinkSec_SamR21_Atsamr21e18a_Rf233_4Mhz_Gcc/Obj/sysInit.o
                0x0000d87c                SYS_InitZsiLayer
 .text.SYS_InitZclLayer
                0x0000d884        0x8 All_StdlinkSec_SamR21_Atsamr21e18a_Rf233_4Mhz_Gcc/Obj/sysInit.o
                0x0000d884                SYS_InitZclLayer
 .text._sbrk    0x0000d88c       0x1c All_StdlinkSec_SamR21_Atsamr21e18a_Rf233_4Mhz_Gcc/Obj/sysInit.o
                0x0000d88c                _sbrk
 .text.processManagerTask
                0x0000d8a8       0x68 All_StdlinkSec_SamR21_Atsamr21e18a_Rf233_4Mhz_Gcc/Obj/sysTaskManager.o
 .text.SYS_SysInit
                0x0000d910       0x38 All_StdlinkSec_SamR21_Atsamr21e18a_Rf233_4Mhz_Gcc/Obj/sysTaskManager.o
                0x0000d910                SYS_SysInit
 .text.SYS_RunTask
                0x0000d948       0x28 All_StdlinkSec_SamR21_Atsamr21e18a_Rf233_4Mhz_Gcc/Obj/sysTaskManager.o
                0x0000d948                SYS_RunTask
 .text.SYS_MutexLock
                0x0000d970       0x34 All_StdlinkSec_SamR21_Atsamr21e18a_Rf233_4Mhz_Gcc/Obj/sysMutex.o
                0x0000d970                SYS_MutexLock
 .text.SYS_MutexUnlock
                0x0000d9a4       0x84 All_StdlinkSec_SamR21_Atsamr21e18a_Rf233_4Mhz_Gcc/Obj/sysMutex.o
                0x0000d9a4                SYS_MutexUnlock
 .text.SYS_IsMutexLocked
                0x0000da28       0x2c All_StdlinkSec_SamR21_Atsamr21e18a_Rf233_4Mhz_Gcc/Obj/sysMutex.o
                0x0000da28                SYS_IsMutexLocked
 .text.SYS_InitTimer
                0x0000da54       0x28 All_StdlinkSec_SamR21_Atsamr21e18a_Rf233_4Mhz_Gcc/Obj/sysTimer.o
                0x0000da54                SYS_InitTimer
 .text.SYS_StartTimer
                0x0000da7c       0x14 All_StdlinkSec_SamR21_Atsamr21e18a_Rf233_4Mhz_Gcc/Obj/sysTimer.o
                0x0000da7c                SYS_StartTimer
 .text.SYS_StopTimer
                0x0000da90       0x18 All_StdlinkSec_SamR21_Atsamr21e18a_Rf233_4Mhz_Gcc/Obj/sysTimer.o
                0x0000da90                SYS_StopTimer
 .text.BSP_BoardSpecificUsartPinInit
                0x0000daa8       0x64 All_StdlinkSec_SamR21_Atsamr21e18a_Rf233_4Mhz_Gcc/Obj/bspUsart.o
                0x0000daa8                BSP_BoardSpecificUsartPinInit
 .text.bspButtonsHandler
                0x0000db0c       0x90 All_StdlinkSec_SamR21_Atsamr21e18a_Rf233_4Mhz_Gcc/Obj/buttons.o
                0x0000db0c                bspButtonsHandler
 .text.bspTemperatureSensorHandler
                0x0000db9c       0x14 All_StdlinkSec_SamR21_Atsamr21e18a_Rf233_4Mhz_Gcc/Obj/fakeBSP.o
                0x0000db9c                bspTemperatureSensorHandler
 .text.bspLightSensorHandler
                0x0000dbb0       0x14 All_StdlinkSec_SamR21_Atsamr21e18a_Rf233_4Mhz_Gcc/Obj/fakeBSP.o
                0x0000dbb0                bspLightSensorHandler
 .text.bspEmptyBatteryHandler
                0x0000dbc4       0x10 All_StdlinkSec_SamR21_Atsamr21e18a_Rf233_4Mhz_Gcc/Obj/fakeBSP.o
                0x0000dbc4                bspEmptyBatteryHandler
 .text.bspEnableJoystickAdcRead
                0x0000dbd4       0x10 All_StdlinkSec_SamR21_Atsamr21e18a_Rf233_4Mhz_Gcc/Obj/joyStick.o
                0x0000dbd4                bspEnableJoystickAdcRead
 .text.bspJoystickHandler
                0x0000dbe4       0x34 All_StdlinkSec_SamR21_Atsamr21e18a_Rf233_4Mhz_Gcc/Obj/joyStick.o
                0x0000dbe4                bspJoystickHandler
 .text.userCallback
                0x0000dc18        0x4 All_StdlinkSec_SamR21_Atsamr21e18a_Rf233_4Mhz_Gcc/Obj/bspUid.o
 .text.BSP_ReadUid
                0x0000dc1c       0x70 All_StdlinkSec_SamR21_Atsamr21e18a_Rf233_4Mhz_Gcc/Obj/bspUid.o
                0x0000dc1c                BSP_ReadUid
 .text.BSP_BoardSpecificI2cPinInit
                0x0000dc8c       0x30 All_StdlinkSec_SamR21_Atsamr21e18a_Rf233_4Mhz_Gcc/Obj/bspI2c.o
                0x0000dc8c                BSP_BoardSpecificI2cPinInit
 .text.BSP_TaskHandler
                0x0000dcbc       0x94 All_StdlinkSec_SamR21_Atsamr21e18a_Rf233_4Mhz_Gcc/Obj/bspTaskManager.o
                0x0000dcbc                BSP_TaskHandler
 .text.csSetToDefault
                0x0000dd50       0x74 All_StdlinkSec_SamR21_Atsamr21e18a_Rf233_4Mhz_Gcc/Obj/csMem.o
                0x0000dd50                csSetToDefault
 .text.csGetItem
                0x0000ddc4       0x84 All_StdlinkSec_SamR21_Atsamr21e18a_Rf233_4Mhz_Gcc/Obj/configServer.o
 .text.CS_Init  0x0000de48        0xc All_StdlinkSec_SamR21_Atsamr21e18a_Rf233_4Mhz_Gcc/Obj/configServer.o
                0x0000de48                CS_Init
 .text.CS_GetMemory
                0x0000de54       0x38 All_StdlinkSec_SamR21_Atsamr21e18a_Rf233_4Mhz_Gcc/Obj/configServer.o
                0x0000de54                CS_GetMemory
 .text.CS_ReadParameter
                0x0000de8c       0x58 All_StdlinkSec_SamR21_Atsamr21e18a_Rf233_4Mhz_Gcc/Obj/configServer.o
                0x0000de8c                CS_ReadParameter
 .text.CS_WriteParameter
                0x0000dee4       0x4c All_StdlinkSec_SamR21_Atsamr21e18a_Rf233_4Mhz_Gcc/Obj/configServer.o
                0x0000dee4                CS_WriteParameter
 .text.findKey  0x0000df30       0x74 ../../../../BitCloud/lib/libBc_All_StdlinkSec_Atsamr21e18a_Rf233_Gcc.a(aps.o)
 .text.apsFreeBuffer
                0x0000dfa4       0xc4 ../../../../BitCloud/lib/libBc_All_StdlinkSec_Atsamr21e18a_Rf233_Gcc.a(aps.o)
 .text.apsConfirmUpdateDeviceCommand
                0x0000e068       0x2c ../../../../BitCloud/lib/libBc_All_StdlinkSec_Atsamr21e18a_Rf233_Gcc.a(aps.o)
 .text.apsPrepareFragmentedTransmission
                0x0000e094       0xd8 ../../../../BitCloud/lib/libBc_All_StdlinkSec_Atsamr21e18a_Rf233_Gcc.a(aps.o)
 .text.apsPostTask
                0x0000e16c       0x34 ../../../../BitCloud/lib/libBc_All_StdlinkSec_Atsamr21e18a_Rf233_Gcc.a(aps.o)
 .text.apsDataManagerNwkDataConf
                0x0000e1a0       0x20 ../../../../BitCloud/lib/libBc_All_StdlinkSec_Atsamr21e18a_Rf233_Gcc.a(aps.o)
 .text.commandReqAddressResolvingConf
                0x0000e1c0       0x1c ../../../../BitCloud/lib/libBc_All_StdlinkSec_Atsamr21e18a_Rf233_Gcc.a(aps.o)
 .text.dataIndAddrResolvingConf
                0x0000e1dc       0x1c ../../../../BitCloud/lib/libBc_All_StdlinkSec_Atsamr21e18a_Rf233_Gcc.a(aps.o)
 .text.dataReqAddrResolvingConf
                0x0000e1f8       0x1c ../../../../BitCloud/lib/libBc_All_StdlinkSec_Atsamr21e18a_Rf233_Gcc.a(aps.o)
 .text.apsCreateKeyPair
                0x0000e214      0x104 ../../../../BitCloud/lib/libBc_All_StdlinkSec_Atsamr21e18a_Rf233_Gcc.a(aps.o)
 .text.apsRemoveDevicePrepare
                0x0000e318       0x6c ../../../../BitCloud/lib/libBc_All_StdlinkSec_Atsamr21e18a_Rf233_Gcc.a(aps.o)
 .text.apsCommandReq
                0x0000e384       0x34 ../../../../BitCloud/lib/libBc_All_StdlinkSec_Atsamr21e18a_Rf233_Gcc.a(aps.o)
 .text.apsRequestKeyConf
                0x0000e3b8       0x30 ../../../../BitCloud/lib/libBc_All_StdlinkSec_Atsamr21e18a_Rf233_Gcc.a(aps.o)
 .text.apsProcessEvent
                0x0000e3e8       0x48 ../../../../BitCloud/lib/libBc_All_StdlinkSec_Atsamr21e18a_Rf233_Gcc.a(aps.o)
 .text.apsSwitchKeyConf
                0x0000e430       0x38 ../../../../BitCloud/lib/libBc_All_StdlinkSec_Atsamr21e18a_Rf233_Gcc.a(aps.o)
 .text.apsSwitchKeyPrepare
                0x0000e468       0x4c ../../../../BitCloud/lib/libBc_All_StdlinkSec_Atsamr21e18a_Rf233_Gcc.a(aps.o)
 .text.apsTransportTrustKeyCommand
                0x0000e4b4       0x54 ../../../../BitCloud/lib/libBc_All_StdlinkSec_Atsamr21e18a_Rf233_Gcc.a(aps.o)
 .text.apsConfirmTransportKeyCommand
                0x0000e508       0x40 ../../../../BitCloud/lib/libBc_All_StdlinkSec_Atsamr21e18a_Rf233_Gcc.a(aps.o)
 .text.apsTransportAppKeyCommand
                0x0000e548       0x5c ../../../../BitCloud/lib/libBc_All_StdlinkSec_Atsamr21e18a_Rf233_Gcc.a(aps.o)
 .text.apsGetBuffer
                0x0000e5a4      0x10c ../../../../BitCloud/lib/libBc_All_StdlinkSec_Atsamr21e18a_Rf233_Gcc.a(aps.o)
 .text.apsMakeNwkDataResp
                0x0000e6b0       0x30 ../../../../BitCloud/lib/libBc_All_StdlinkSec_Atsamr21e18a_Rf233_Gcc.a(aps.o)
 .text.apsPrepareUpdateDeviceCommand
                0x0000e6e0       0x80 ../../../../BitCloud/lib/libBc_All_StdlinkSec_Atsamr21e18a_Rf233_Gcc.a(aps.o)
 .text.apsPrepareTransportTrustKeyCommand
                0x0000e760       0x78 ../../../../BitCloud/lib/libBc_All_StdlinkSec_Atsamr21e18a_Rf233_Gcc.a(aps.o)
 .text.apsPrepareTransportAppKeyCommand
                0x0000e7d8       0x78 ../../../../BitCloud/lib/libBc_All_StdlinkSec_Atsamr21e18a_Rf233_Gcc.a(aps.o)
 .text.apsProcessGroupAddrModeDataReq
                0x0000e850      0x144 ../../../../BitCloud/lib/libBc_All_StdlinkSec_Atsamr21e18a_Rf233_Gcc.a(aps.o)
 .text.apsConstructAndSendAck
                0x0000e994      0x1d8 ../../../../BitCloud/lib/libBc_All_StdlinkSec_Atsamr21e18a_Rf233_Gcc.a(aps.o)
 .text.apsSendAckForFragmentedReceive
                0x0000eb6c      0x120 ../../../../BitCloud/lib/libBc_All_StdlinkSec_Atsamr21e18a_Rf233_Gcc.a(aps.o)
 .text.apsCommandNwkDataReq
                0x0000ec8c       0x80 ../../../../BitCloud/lib/libBc_All_StdlinkSec_Atsamr21e18a_Rf233_Gcc.a(aps.o)
 .text.apsGroupNwkDataConf
                0x0000ed0c       0x40 ../../../../BitCloud/lib/libBc_All_StdlinkSec_Atsamr21e18a_Rf233_Gcc.a(aps.o)
 .text.apsResetMemoryManager
                0x0000ed4c       0xf4 ../../../../BitCloud/lib/libBc_All_StdlinkSec_Atsamr21e18a_Rf233_Gcc.a(aps.o)
 .text.apsResetBindingTable
                0x0000ee40       0x5c ../../../../BitCloud/lib/libBc_All_StdlinkSec_Atsamr21e18a_Rf233_Gcc.a(aps.o)
 .text.apsRemoveDeviceConf
                0x0000ee9c       0x58 ../../../../BitCloud/lib/libBc_All_StdlinkSec_Atsamr21e18a_Rf233_Gcc.a(aps.o)
 .text.apsRequestedKeyReceived
                0x0000eef4       0xac ../../../../BitCloud/lib/libBc_All_StdlinkSec_Atsamr21e18a_Rf233_Gcc.a(aps.o)
 .text.apsRequestKeyTimerFired
                0x0000efa0       0x60 ../../../../BitCloud/lib/libBc_All_StdlinkSec_Atsamr21e18a_Rf233_Gcc.a(aps.o)
 .text.apsStopConf
                0x0000f000       0x4c ../../../../BitCloud/lib/libBc_All_StdlinkSec_Atsamr21e18a_Rf233_Gcc.a(aps.o)
 .text.apsTransportKeyTaskHandler
                0x0000f04c      0x1c4 ../../../../BitCloud/lib/libBc_All_StdlinkSec_Atsamr21e18a_Rf233_Gcc.a(aps.o)
 .text.apsPrepareTunnelCommand
                0x0000f210       0x78 ../../../../BitCloud/lib/libBc_All_StdlinkSec_Atsamr21e18a_Rf233_Gcc.a(aps.o)
 .text.apsCommandEncryptConf
                0x0000f288       0xa4 ../../../../BitCloud/lib/libBc_All_StdlinkSec_Atsamr21e18a_Rf233_Gcc.a(aps.o)
 .text.apsTransportTrustKeyToChildConf
                0x0000f32c       0x28 ../../../../BitCloud/lib/libBc_All_StdlinkSec_Atsamr21e18a_Rf233_Gcc.a(aps.o)
 .text.apsSendNwkKeyToChildConf
                0x0000f354       0x48 ../../../../BitCloud/lib/libBc_All_StdlinkSec_Atsamr21e18a_Rf233_Gcc.a(aps.o)
 .text.apsSwitchKeyInd
                0x0000f39c       0x5c ../../../../BitCloud/lib/libBc_All_StdlinkSec_Atsamr21e18a_Rf233_Gcc.a(aps.o)
 .text.apsRequestKeyInd
                0x0000f3f8       0x64 ../../../../BitCloud/lib/libBc_All_StdlinkSec_Atsamr21e18a_Rf233_Gcc.a(aps.o)
 .text.apsRemoveDeviceInd
                0x0000f45c       0x80 ../../../../BitCloud/lib/libBc_All_StdlinkSec_Atsamr21e18a_Rf233_Gcc.a(aps.o)
 .text.apsUpdateDeviceInd
                0x0000f4dc       0x98 ../../../../BitCloud/lib/libBc_All_StdlinkSec_Atsamr21e18a_Rf233_Gcc.a(aps.o)
 .text.apsStartAckTimer
                0x0000f574      0x15c ../../../../BitCloud/lib/libBc_All_StdlinkSec_Atsamr21e18a_Rf233_Gcc.a(aps.o)
 .text.apsAckForFragmentedReceiveConfirmHandler
                0x0000f6d0       0x7c ../../../../BitCloud/lib/libBc_All_StdlinkSec_Atsamr21e18a_Rf233_Gcc.a(aps.o)
 .text.apsAckOnTimerFired
                0x0000f74c      0x110 ../../../../BitCloud/lib/libBc_All_StdlinkSec_Atsamr21e18a_Rf233_Gcc.a(aps.o)
 .text.apsFindBindingEntry
                0x0000f85c       0xe0 ../../../../BitCloud/lib/libBc_All_StdlinkSec_Atsamr21e18a_Rf233_Gcc.a(aps.o)
 .text.apsCommandReqTaskHandler
                0x0000f93c       0xdc ../../../../BitCloud/lib/libBc_All_StdlinkSec_Atsamr21e18a_Rf233_Gcc.a(aps.o)
 .text.apsIsFragmentationDataReq
                0x0000fa18       0x30 ../../../../BitCloud/lib/libBc_All_StdlinkSec_Atsamr21e18a_Rf233_Gcc.a(aps.o)
 .text.apsProcessShortAddrModeDataReq
                0x0000fa48      0x2e0 ../../../../BitCloud/lib/libBc_All_StdlinkSec_Atsamr21e18a_Rf233_Gcc.a(aps.o)
 .text.apsSendNextBlock
                0x0000fd28       0x18 ../../../../BitCloud/lib/libBc_All_StdlinkSec_Atsamr21e18a_Rf233_Gcc.a(aps.o)
 .text.apsGetHeaderSize
                0x0000fd40       0x50 ../../../../BitCloud/lib/libBc_All_StdlinkSec_Atsamr21e18a_Rf233_Gcc.a(aps.o)
 .text.apsMakeApsDataConf
                0x0000fd90       0x58 ../../../../BitCloud/lib/libBc_All_StdlinkSec_Atsamr21e18a_Rf233_Gcc.a(aps.o)
 .text.apsIsValidBindingParameters
                0x0000fde8       0x78 ../../../../BitCloud/lib/libBc_All_StdlinkSec_Atsamr21e18a_Rf233_Gcc.a(aps.o)
 .text.apsIsGlobalLinkKey.isra.13
                0x0000fe60       0x30 ../../../../BitCloud/lib/libBc_All_StdlinkSec_Atsamr21e18a_Rf233_Gcc.a(aps.o)
 .text.apsExtractOutSecCounter.isra.14
                0x0000fe90       0x68 ../../../../BitCloud/lib/libBc_All_StdlinkSec_Atsamr21e18a_Rf233_Gcc.a(aps.o)
 .text.apsGetUpdatedOutFrameCounter.isra.16
                0x0000fef8       0x88 ../../../../BitCloud/lib/libBc_All_StdlinkSec_Atsamr21e18a_Rf233_Gcc.a(aps.o)
 .text.apsGetAckByDataBuffer.isra.18
                0x0000ff80       0x58 ../../../../BitCloud/lib/libBc_All_StdlinkSec_Atsamr21e18a_Rf233_Gcc.a(aps.o)
 .text.apsForwardKeyToChild.isra.24
                0x0000ffd8       0xac ../../../../BitCloud/lib/libBc_All_StdlinkSec_Atsamr21e18a_Rf233_Gcc.a(aps.o)
 .text.apsTunnelInd
                0x00010084       0x88 ../../../../BitCloud/lib/libBc_All_StdlinkSec_Atsamr21e18a_Rf233_Gcc.a(aps.o)
 .text.APS_GetOwnTcMode.part.31
                0x0001010c       0x24 ../../../../BitCloud/lib/libBc_All_StdlinkSec_Atsamr21e18a_Rf233_Gcc.a(aps.o)
 .text.apsPrepareTransportNwkKeyCommand
                0x00010130       0xec ../../../../BitCloud/lib/libBc_All_StdlinkSec_Atsamr21e18a_Rf233_Gcc.a(aps.o)
 .text.apsAuthReqTaskHandler
                0x0001021c       0x6c ../../../../BitCloud/lib/libBc_All_StdlinkSec_Atsamr21e18a_Rf233_Gcc.a(aps.o)
 .text.apsNextBind
                0x00010288       0xac ../../../../BitCloud/lib/libBc_All_StdlinkSec_Atsamr21e18a_Rf233_Gcc.a(aps.o)
 .text.apsSendToNextBoundDevice
                0x00010334       0xe8 ../../../../BitCloud/lib/libBc_All_StdlinkSec_Atsamr21e18a_Rf233_Gcc.a(aps.o)
 .text.bindDataReqAddrResolvingConf
                0x0001041c       0x6c ../../../../BitCloud/lib/libBc_All_StdlinkSec_Atsamr21e18a_Rf233_Gcc.a(aps.o)
                0x0001041c                bindDataReqAddrResolvingConf
 .text.apsProcessIndirectDataReq
                0x00010488       0x40 ../../../../BitCloud/lib/libBc_All_StdlinkSec_Atsamr21e18a_Rf233_Gcc.a(aps.o)
 .text.apsHandleTransmittedData
                0x000104c8      0x100 ../../../../BitCloud/lib/libBc_All_StdlinkSec_Atsamr21e18a_Rf233_Gcc.a(aps.o)
 .text.apsSmDecryptSentFrameConf
                0x000105c8       0x28 ../../../../BitCloud/lib/libBc_All_StdlinkSec_Atsamr21e18a_Rf233_Gcc.a(aps.o)
 .text.apsEncryptDataFrameConf
                0x000105f0       0x44 ../../../../BitCloud/lib/libBc_All_StdlinkSec_Atsamr21e18a_Rf233_Gcc.a(aps.o)
 .text.apsSmEncryptDataConf
                0x00010634       0x30 ../../../../BitCloud/lib/libBc_All_StdlinkSec_Atsamr21e18a_Rf233_Gcc.a(aps.o)
 .text.apsTransportNwkKeyCommand
                0x00010664       0x98 ../../../../BitCloud/lib/libBc_All_StdlinkSec_Atsamr21e18a_Rf233_Gcc.a(aps.o)
 .text.APS_AuthenticateReq
                0x000106fc       0x70 ../../../../BitCloud/lib/libBc_All_StdlinkSec_Atsamr21e18a_Rf233_Gcc.a(aps.o)
                0x000106fc                APS_AuthenticateReq
 .text.APS_BindReq
                0x0001076c       0xc4 ../../../../BitCloud/lib/libBc_All_StdlinkSec_Atsamr21e18a_Rf233_Gcc.a(aps.o)
                0x0001076c                APS_BindReq
 .text.APS_FreeBindingEntry
                0x00010830       0x58 ../../../../BitCloud/lib/libBc_All_StdlinkSec_Atsamr21e18a_Rf233_Gcc.a(aps.o)
                0x00010830                APS_FreeBindingEntry
 .text.APS_UnbindReq
                0x00010888       0x28 ../../../../BitCloud/lib/libBc_All_StdlinkSec_Atsamr21e18a_Rf233_Gcc.a(aps.o)
                0x00010888                APS_UnbindReq
 .text.APS_NextBindingEntry
                0x000108b0       0x48 ../../../../BitCloud/lib/libBc_All_StdlinkSec_Atsamr21e18a_Rf233_Gcc.a(aps.o)
                0x000108b0                APS_NextBindingEntry
 .text.APS_DataReq
                0x000108f8       0x20 ../../../../BitCloud/lib/libBc_All_StdlinkSec_Atsamr21e18a_Rf233_Gcc.a(aps.o)
                0x000108f8                APS_DataReq
 .text.NWK_DataInd
                0x00010918       0x20 ../../../../BitCloud/lib/libBc_All_StdlinkSec_Atsamr21e18a_Rf233_Gcc.a(aps.o)
                0x00010918                NWK_DataInd
 .text.APS_CalculateTimes
                0x00010938       0xf4 ../../../../BitCloud/lib/libBc_All_StdlinkSec_Atsamr21e18a_Rf233_Gcc.a(aps.o)
                0x00010938                APS_CalculateTimes
 .text.apsResetDataManager
                0x00010a2c       0xb4 ../../../../BitCloud/lib/libBc_All_StdlinkSec_Atsamr21e18a_Rf233_Gcc.a(aps.o)
 .text.apsNwkResetConf
                0x00010ae0      0x1f4 ../../../../BitCloud/lib/libBc_All_StdlinkSec_Atsamr21e18a_Rf233_Gcc.a(aps.o)
 .text.apsStateMachineTaskHandler
                0x00010cd4       0xfc ../../../../BitCloud/lib/libBc_All_StdlinkSec_Atsamr21e18a_Rf233_Gcc.a(aps.o)
 .text.APS_IsProfileIdMatched
                0x00010dd0       0x54 ../../../../BitCloud/lib/libBc_All_StdlinkSec_Atsamr21e18a_Rf233_Gcc.a(aps.o)
                0x00010dd0                APS_IsProfileIdMatched
 .text.apsGroupIndication
                0x00010e24       0xa0 ../../../../BitCloud/lib/libBc_All_StdlinkSec_Atsamr21e18a_Rf233_Gcc.a(aps.o)
 .text.apsUnicastDataInd
                0x00010ec4      0x220 ../../../../BitCloud/lib/libBc_All_StdlinkSec_Atsamr21e18a_Rf233_Gcc.a(aps.o)
 .text.apsApduUnicastHandler
                0x000110e4      0x358 ../../../../BitCloud/lib/libBc_All_StdlinkSec_Atsamr21e18a_Rf233_Gcc.a(aps.o)
 .text.APS_RegisterEndpointReq
                0x0001143c       0x48 ../../../../BitCloud/lib/libBc_All_StdlinkSec_Atsamr21e18a_Rf233_Gcc.a(aps.o)
                0x0001143c                APS_RegisterEndpointReq
 .text.APS_NextEndpoint
                0x00011484       0x14 ../../../../BitCloud/lib/libBc_All_StdlinkSec_Atsamr21e18a_Rf233_Gcc.a(aps.o)
                0x00011484                APS_NextEndpoint
 .text.NWK_IntrpDataInd
                0x00011498       0xf8 ../../../../BitCloud/lib/libBc_All_StdlinkSec_Atsamr21e18a_Rf233_Gcc.a(aps.o)
                0x00011498                NWK_IntrpDataInd
 .text.APS_FindKeys
                0x00011590       0x94 ../../../../BitCloud/lib/libBc_All_StdlinkSec_Atsamr21e18a_Rf233_Gcc.a(aps.o)
                0x00011590                APS_FindKeys
 .text.apsIsAllowedCommand
                0x00011624       0x88 ../../../../BitCloud/lib/libBc_All_StdlinkSec_Atsamr21e18a_Rf233_Gcc.a(aps.o)
                0x00011624                apsIsAllowedCommand
 .text.apsUnsecuredNwkDataIndHandler
                0x000116ac       0x90 ../../../../BitCloud/lib/libBc_All_StdlinkSec_Atsamr21e18a_Rf233_Gcc.a(aps.o)
 .text.apsContinueNwkDataIndProcessing
                0x0001173c      0x350 ../../../../BitCloud/lib/libBc_All_StdlinkSec_Atsamr21e18a_Rf233_Gcc.a(aps.o)
 .text.apsDataTaskHandler
                0x00011a8c      0x8f0 ../../../../BitCloud/lib/libBc_All_StdlinkSec_Atsamr21e18a_Rf233_Gcc.a(aps.o)
 .text.apsTransportKeyInd
                0x0001237c      0x214 ../../../../BitCloud/lib/libBc_All_StdlinkSec_Atsamr21e18a_Rf233_Gcc.a(aps.o)
 .text.apsCommandEncryptReq
                0x00012590      0x114 ../../../../BitCloud/lib/libBc_All_StdlinkSec_Atsamr21e18a_Rf233_Gcc.a(aps.o)
 .text.apsCommandNwkDataConf
                0x000126a4       0x4c ../../../../BitCloud/lib/libBc_All_StdlinkSec_Atsamr21e18a_Rf233_Gcc.a(aps.o)
 .text.apsCommandAllocDataConf
                0x000126f0       0xf8 ../../../../BitCloud/lib/libBc_All_StdlinkSec_Atsamr21e18a_Rf233_Gcc.a(aps.o)
 .text.apsDecryptAnyFrame.constprop.33
                0x000127e8      0x2a0 ../../../../BitCloud/lib/libBc_All_StdlinkSec_Atsamr21e18a_Rf233_Gcc.a(aps.o)
 .text.apsSecurityTaskHandler
                0x00012a88      0x25c ../../../../BitCloud/lib/libBc_All_StdlinkSec_Atsamr21e18a_Rf233_Gcc.a(aps.o)
 .text.APS_SetLinkKey
                0x00012ce4       0x6c ../../../../BitCloud/lib/libBc_All_StdlinkSec_Atsamr21e18a_Rf233_Gcc.a(aps.o)
                0x00012ce4                APS_SetLinkKey
 .text.APS_SetMasterKey
                0x00012d50       0x78 ../../../../BitCloud/lib/libBc_All_StdlinkSec_Atsamr21e18a_Rf233_Gcc.a(aps.o)
                0x00012d50                APS_SetMasterKey
 .text.APS_NextKeys
                0x00012dc8       0x88 ../../../../BitCloud/lib/libBc_All_StdlinkSec_Atsamr21e18a_Rf233_Gcc.a(aps.o)
                0x00012dc8                APS_NextKeys
 .text.apsSmDecryptIncommingFrameConf
                0x00012e50      0x124 ../../../../BitCloud/lib/libBc_All_StdlinkSec_Atsamr21e18a_Rf233_Gcc.a(aps.o)
 .text.APS_SetAuthorizedStatus
                0x00012f74       0x4c ../../../../BitCloud/lib/libBc_All_StdlinkSec_Atsamr21e18a_Rf233_Gcc.a(aps.o)
                0x00012f74                APS_SetAuthorizedStatus
 .text.APS_MarkGlobalKeyAsPrimary
                0x00012fc0       0x70 ../../../../BitCloud/lib/libBc_All_StdlinkSec_Atsamr21e18a_Rf233_Gcc.a(aps.o)
                0x00012fc0                APS_MarkGlobalKeyAsPrimary
 .text.APS_UpdateGlobalTCKey
                0x00013030       0x68 ../../../../BitCloud/lib/libBc_All_StdlinkSec_Atsamr21e18a_Rf233_Gcc.a(aps.o)
                0x00013030                APS_UpdateGlobalTCKey
 .text.APS_AreKeysAuthorized
                0x00013098       0x30 ../../../../BitCloud/lib/libBc_All_StdlinkSec_Atsamr21e18a_Rf233_Gcc.a(aps.o)
                0x00013098                APS_AreKeysAuthorized
 .text.APS_ResetKeys
                0x000130c8       0xf0 ../../../../BitCloud/lib/libBc_All_StdlinkSec_Atsamr21e18a_Rf233_Gcc.a(aps.o)
                0x000130c8                APS_ResetKeys
 .text.APS_InitKeyPairSet
                0x000131b8       0x68 ../../../../BitCloud/lib/libBc_All_StdlinkSec_Atsamr21e18a_Rf233_Gcc.a(aps.o)
                0x000131b8                APS_InitKeyPairSet
 .text.APS_GetKeyPairDeviceAddress
                0x00013220       0x2c ../../../../BitCloud/lib/libBc_All_StdlinkSec_Atsamr21e18a_Rf233_Gcc.a(aps.o)
                0x00013220                APS_GetKeyPairDeviceAddress
 .text.APS_SetDefaultTcLinkKey
                0x0001324c       0x40 ../../../../BitCloud/lib/libBc_All_StdlinkSec_Atsamr21e18a_Rf233_Gcc.a(aps.o)
                0x0001324c                APS_SetDefaultTcLinkKey
 .text.APS_RemoveDeviceReq
                0x0001328c       0x58 ../../../../BitCloud/lib/libBc_All_StdlinkSec_Atsamr21e18a_Rf233_Gcc.a(aps.o)
                0x0001328c                APS_RemoveDeviceReq
 .text.APS_Init
                0x000132e4       0x30 ../../../../BitCloud/lib/libBc_All_StdlinkSec_Atsamr21e18a_Rf233_Gcc.a(aps.o)
                0x000132e4                APS_Init
 .text.APS_ResetReq
                0x00013314       0x40 ../../../../BitCloud/lib/libBc_All_StdlinkSec_Atsamr21e18a_Rf233_Gcc.a(aps.o)
                0x00013314                APS_ResetReq
 .text.APS_StartReq
                0x00013354       0x24 ../../../../BitCloud/lib/libBc_All_StdlinkSec_Atsamr21e18a_Rf233_Gcc.a(aps.o)
                0x00013354                APS_StartReq
 .text.APS_StopReq
                0x00013378       0x24 ../../../../BitCloud/lib/libBc_All_StdlinkSec_Atsamr21e18a_Rf233_Gcc.a(aps.o)
                0x00013378                APS_StopReq
 .text.APS_IsActiveTransaction
                0x0001339c       0x7c ../../../../BitCloud/lib/libBc_All_StdlinkSec_Atsamr21e18a_Rf233_Gcc.a(aps.o)
                0x0001339c                APS_IsActiveTransaction
 .text.isApsBusyOrPollCheck
                0x00013418       0x6c ../../../../BitCloud/lib/libBc_All_StdlinkSec_Atsamr21e18a_Rf233_Gcc.a(aps.o)
 .text.APS_HandleLeave
                0x00013484       0x44 ../../../../BitCloud/lib/libBc_All_StdlinkSec_Atsamr21e18a_Rf233_Gcc.a(aps.o)
                0x00013484                APS_HandleLeave
 .text.APS_SwitchKeyReq
                0x000134c8       0x5c ../../../../BitCloud/lib/libBc_All_StdlinkSec_Atsamr21e18a_Rf233_Gcc.a(aps.o)
                0x000134c8                APS_SwitchKeyReq
 .text.APS_TaskHandler
                0x00013524       0x9c ../../../../BitCloud/lib/libBc_All_StdlinkSec_Atsamr21e18a_Rf233_Gcc.a(aps.o)
                0x00013524                APS_TaskHandler
 .text.APS_TransportKeyReq
                0x000135c0       0x34 ../../../../BitCloud/lib/libBc_All_StdlinkSec_Atsamr21e18a_Rf233_Gcc.a(aps.o)
                0x000135c0                APS_TransportKeyReq
 .text.APS_SetTrustCenterAddress
                0x000135f4       0x5c ../../../../BitCloud/lib/libBc_All_StdlinkSec_Atsamr21e18a_Rf233_Gcc.a(aps.o)
                0x000135f4                APS_SetTrustCenterAddress
 .text.APS_UpdateDeviceReq
                0x00013650       0x5c ../../../../BitCloud/lib/libBc_All_StdlinkSec_Atsamr21e18a_Rf233_Gcc.a(aps.o)
                0x00013650                APS_UpdateDeviceReq
 .text.APS_IsTcAddress
                0x000136ac       0x1c ../../../../BitCloud/lib/libBc_All_StdlinkSec_Atsamr21e18a_Rf233_Gcc.a(aps.o)
                0x000136ac                APS_IsTcAddress
 .text.APS_GetTrustCenterAddress
                0x000136c8        0x8 ../../../../BitCloud/lib/libBc_All_StdlinkSec_Atsamr21e18a_Rf233_Gcc.a(aps.o)
                0x000136c8                APS_GetTrustCenterAddress
 .text.APS_GetTrustCenterNwkAddress
                0x000136d0        0x8 ../../../../BitCloud/lib/libBc_All_StdlinkSec_Atsamr21e18a_Rf233_Gcc.a(aps.o)
                0x000136d0                APS_GetTrustCenterNwkAddress
 .text.APS_GetOwnTcMode
                0x000136d8       0x20 ../../../../BitCloud/lib/libBc_All_StdlinkSec_Atsamr21e18a_Rf233_Gcc.a(aps.o)
                0x000136d8                APS_GetOwnTcMode
 .text.APS_IsTrustCenter
                0x000136f8       0x24 ../../../../BitCloud/lib/libBc_All_StdlinkSec_Atsamr21e18a_Rf233_Gcc.a(aps.o)
                0x000136f8                APS_IsTrustCenter
 .text.APS_IsTrustedAddress
                0x0001371c       0x28 ../../../../BitCloud/lib/libBc_All_StdlinkSec_Atsamr21e18a_Rf233_Gcc.a(aps.o)
                0x0001371c                APS_IsTrustedAddress
 .text.getSymbolsPerOctet
                0x00013744       0x30 ../../../../BitCloud/lib/libBc_All_StdlinkSec_Atsamr21e18a_Rf233_Gcc.a(macenvPib.o)
 .text.storeTransmitPower
                0x00013774       0x6c ../../../../BitCloud/lib/libBc_All_StdlinkSec_Atsamr21e18a_Rf233_Gcc.a(macenvPib.o)
 .text.macenvGetPhySymbolDuration
                0x000137e0       0x48 ../../../../BitCloud/lib/libBc_All_StdlinkSec_Atsamr21e18a_Rf233_Gcc.a(macenvPib.o)
                0x000137e0                macenvGetPhySymbolDuration
 .text.macenvConvertTransPersistTimeFromUnitsToMs
                0x00013828       0x1c ../../../../BitCloud/lib/libBc_All_StdlinkSec_Atsamr21e18a_Rf233_Gcc.a(macenvPib.o)
                0x00013828                macenvConvertTransPersistTimeFromUnitsToMs
 .text.updateMaxFrameTxTime
                0x00013844       0x30 ../../../../BitCloud/lib/libBc_All_StdlinkSec_Atsamr21e18a_Rf233_Gcc.a(macenvPib.o)
 .text.macenvResetPib
                0x00013874       0xbc ../../../../BitCloud/lib/libBc_All_StdlinkSec_Atsamr21e18a_Rf233_Gcc.a(macenvPib.o)
                0x00013874                macenvResetPib
 .text.macenvSetPibAttr
                0x00013930      0x1d0 ../../../../BitCloud/lib/libBc_All_StdlinkSec_Atsamr21e18a_Rf233_Gcc.a(macenvPib.o)
                0x00013930                macenvSetPibAttr
 .text.macenvGetPibAttr
                0x00013b00      0x1d0 ../../../../BitCloud/lib/libBc_All_StdlinkSec_Atsamr21e18a_Rf233_Gcc.a(macenvPib.o)
                0x00013b00                macenvGetPibAttr
 .text.macenvCalculateMaxFrameTotalWaitTimeInMs
                0x00013cd0       0x84 ../../../../BitCloud/lib/libBc_All_StdlinkSec_Atsamr21e18a_Rf233_Gcc.a(macenvPib.o)
                0x00013cd0                macenvCalculateMaxFrameTotalWaitTimeInMs
 .text.macenvCalculateResponceWaitTimeInMs
                0x00013d54       0x24 ../../../../BitCloud/lib/libBc_All_StdlinkSec_Atsamr21e18a_Rf233_Gcc.a(macenvPib.o)
                0x00013d54                macenvCalculateResponceWaitTimeInMs
 .text.MAC_GetExtAddr
                0x00013d78        0x8 ../../../../BitCloud/lib/libBc_All_StdlinkSec_Atsamr21e18a_Rf233_Gcc.a(macenvPib.o)
                0x00013d78                MAC_GetExtAddr
 .text.MAC_IsOwnExtAddr
                0x00013d80       0x20 ../../../../BitCloud/lib/libBc_All_StdlinkSec_Atsamr21e18a_Rf233_Gcc.a(macenvPib.o)
                0x00013d80                MAC_IsOwnExtAddr
 .text.MAC_GetOctetsTransmissionTimeInMs
                0x00013da0       0x1c ../../../../BitCloud/lib/libBc_All_StdlinkSec_Atsamr21e18a_Rf233_Gcc.a(macenvPib.o)
                0x00013da0                MAC_GetOctetsTransmissionTimeInMs
 .text.postNewMacRequest
                0x00013dbc       0x40 ../../../../BitCloud/lib/libBc_All_StdlinkSec_Atsamr21e18a_Rf233_Gcc.a(machwdManager.o)
 .text.putReqInQueue
                0x00013dfc       0x1c ../../../../BitCloud/lib/libBc_All_StdlinkSec_Atsamr21e18a_Rf233_Gcc.a(machwdManager.o)
 .text.MACHWD_DataReq
                0x00013e18        0xc ../../../../BitCloud/lib/libBc_All_StdlinkSec_Atsamr21e18a_Rf233_Gcc.a(machwdManager.o)
                0x00013e18                MACHWD_DataReq
 .text.MACHWD_SetTrxStateReq
                0x00013e24        0xc ../../../../BitCloud/lib/libBc_All_StdlinkSec_Atsamr21e18a_Rf233_Gcc.a(machwdManager.o)
                0x00013e24                MACHWD_SetTrxStateReq
 .text.MACHWD_SetReq
                0x00013e30        0xc ../../../../BitCloud/lib/libBc_All_StdlinkSec_Atsamr21e18a_Rf233_Gcc.a(machwdManager.o)
                0x00013e30                MACHWD_SetReq
 .text.MACHWD_EdReq
                0x00013e3c        0xc ../../../../BitCloud/lib/libBc_All_StdlinkSec_Atsamr21e18a_Rf233_Gcc.a(machwdManager.o)
                0x00013e3c                MACHWD_EdReq
 .text.RF_EncryptReq
                0x00013e48        0xc ../../../../BitCloud/lib/libBc_All_StdlinkSec_Atsamr21e18a_Rf233_Gcc.a(machwdManager.o)
                0x00013e48                RF_EncryptReq
 .text.RF_RandomReq
                0x00013e54       0x14 ../../../../BitCloud/lib/libBc_All_StdlinkSec_Atsamr21e18a_Rf233_Gcc.a(machwdManager.o)
                0x00013e54                RF_RandomReq
 .text.MACHWD_Reset
                0x00013e68       0x40 ../../../../BitCloud/lib/libBc_All_StdlinkSec_Atsamr21e18a_Rf233_Gcc.a(machwdManager.o)
                0x00013e68                MACHWD_Reset
 .text.MAC_PHY_HWD_TaskHandler
                0x00013ea8      0x200 ../../../../BitCloud/lib/libBc_All_StdlinkSec_Atsamr21e18a_Rf233_Gcc.a(machwdManager.o)
                0x00013ea8                MAC_PHY_HWD_TaskHandler
 .text.machwdSendConf2UpperLayer
                0x000140a8       0x7c ../../../../BitCloud/lib/libBc_All_StdlinkSec_Atsamr21e18a_Rf233_Gcc.a(machwdManager.o)
                0x000140a8                machwdSendConf2UpperLayer
 .text.machwdRegAccessReqHandler
                0x00014124       0x48 ../../../../BitCloud/lib/libBc_All_StdlinkSec_Atsamr21e18a_Rf233_Gcc.a(machwdRegAccessHandler.o)
                0x00014124                machwdRegAccessReqHandler
 .text.machwdRegAccessTaskHandler
                0x0001416c       0x40 ../../../../BitCloud/lib/libBc_All_StdlinkSec_Atsamr21e18a_Rf233_Gcc.a(machwdRegAccessHandler.o)
                0x0001416c                machwdRegAccessTaskHandler
 .text.machwdReset
                0x000141ac       0x80 ../../../../BitCloud/lib/libBc_All_StdlinkSec_Atsamr21e18a_Rf233_Gcc.a(machwdResetHandler.o)
                0x000141ac                machwdReset
 .text.machwdRndReqHandler
                0x0001422c       0x30 ../../../../BitCloud/lib/libBc_All_StdlinkSec_Atsamr21e18a_Rf233_Gcc.a(machwdRndHandler.o)
                0x0001422c                machwdRndReqHandler
 .text.machwdRndTaskHandler
                0x0001425c       0x28 ../../../../BitCloud/lib/libBc_All_StdlinkSec_Atsamr21e18a_Rf233_Gcc.a(machwdRndHandler.o)
                0x0001425c                machwdRndTaskHandler
 .text.machwdResetRndHandler
                0x00014284        0xc ../../../../BitCloud/lib/libBc_All_StdlinkSec_Atsamr21e18a_Rf233_Gcc.a(machwdRndHandler.o)
                0x00014284                machwdResetRndHandler
 .text.machwdResetRxBuffers
                0x00014290       0x88 ../../../../BitCloud/lib/libBc_All_StdlinkSec_Atsamr21e18a_Rf233_Gcc.a(machwdRxBuffer.o)
                0x00014290                machwdResetRxBuffers
 .text.machwdNextBuffer
                0x00014318       0x18 ../../../../BitCloud/lib/libBc_All_StdlinkSec_Atsamr21e18a_Rf233_Gcc.a(machwdRxBuffer.o)
                0x00014318                machwdNextBuffer
 .text.machwdReleaseBuffer
                0x00014330       0x48 ../../../../BitCloud/lib/libBc_All_StdlinkSec_Atsamr21e18a_Rf233_Gcc.a(machwdRxBuffer.o)
                0x00014330                machwdReleaseBuffer
 .text.machwdNextBufferPresent
                0x00014378       0x28 ../../../../BitCloud/lib/libBc_All_StdlinkSec_Atsamr21e18a_Rf233_Gcc.a(machwdRxBuffer.o)
                0x00014378                machwdNextBufferPresent
 .text.checkRxBuffer
                0x000143a0       0xa0 ../../../../BitCloud/lib/libBc_All_StdlinkSec_Atsamr21e18a_Rf233_Gcc.a(machwdRxFrameHandler.o)
 .text.machwdPerformIndicationFromBuffer.part.1
                0x00014440       0x6c ../../../../BitCloud/lib/libBc_All_StdlinkSec_Atsamr21e18a_Rf233_Gcc.a(machwdRxFrameHandler.o)
 .text.machwdDataReqIndTaskHandler
                0x000144ac       0x90 ../../../../BitCloud/lib/libBc_All_StdlinkSec_Atsamr21e18a_Rf233_Gcc.a(machwdRxFrameHandler.o)
                0x000144ac                machwdDataReqIndTaskHandler
 .text.machwdRxFrameIndTaskHandler
                0x0001453c       0x80 ../../../../BitCloud/lib/libBc_All_StdlinkSec_Atsamr21e18a_Rf233_Gcc.a(machwdRxFrameHandler.o)
                0x0001453c                machwdRxFrameIndTaskHandler
 .text.executeSetReq
                0x000145bc       0x68 ../../../../BitCloud/lib/libBc_All_StdlinkSec_Atsamr21e18a_Rf233_Gcc.a(machwdSetHandler.o)
 .text.machwdSetReqHandler
                0x00014624       0xc0 ../../../../BitCloud/lib/libBc_All_StdlinkSec_Atsamr21e18a_Rf233_Gcc.a(machwdSetHandler.o)
                0x00014624                machwdSetReqHandler
 .text.machwdSetTaskHandler
                0x000146e4       0x24 ../../../../BitCloud/lib/libBc_All_StdlinkSec_Atsamr21e18a_Rf233_Gcc.a(machwdSetHandler.o)
                0x000146e4                machwdSetTaskHandler
 .text.machwdResetSetHandler
                0x00014708       0x10 ../../../../BitCloud/lib/libBc_All_StdlinkSec_Atsamr21e18a_Rf233_Gcc.a(machwdSetHandler.o)
                0x00014708                machwdResetSetHandler
 .text.machwdGetPhyTrxCmd
                0x00014718       0x18 ../../../../BitCloud/lib/libBc_All_StdlinkSec_Atsamr21e18a_Rf233_Gcc.a(machwdTrxCtrl.o)
                0x00014718                machwdGetPhyTrxCmd
 .text.machwdConvertTrxCmdToTrxState
                0x00014730       0x18 ../../../../BitCloud/lib/libBc_All_StdlinkSec_Atsamr21e18a_Rf233_Gcc.a(machwdTrxCtrl.o)
                0x00014730                machwdConvertTrxCmdToTrxState
 .text.machwdConvertTrxStateToTrxCmd
                0x00014748       0x18 ../../../../BitCloud/lib/libBc_All_StdlinkSec_Atsamr21e18a_Rf233_Gcc.a(machwdTrxCtrl.o)
                0x00014748                machwdConvertTrxStateToTrxCmd
 .text.machwdTrxReqHandler
                0x00014760       0x44 ../../../../BitCloud/lib/libBc_All_StdlinkSec_Atsamr21e18a_Rf233_Gcc.a(machwdTrxHandler.o)
                0x00014760                machwdTrxReqHandler
 .text.machwdTrxTaskHandler
                0x000147a4       0x28 ../../../../BitCloud/lib/libBc_All_StdlinkSec_Atsamr21e18a_Rf233_Gcc.a(machwdTrxHandler.o)
                0x000147a4                machwdTrxTaskHandler
 .text.machwdResetTrxHandler
                0x000147cc        0xc ../../../../BitCloud/lib/libBc_All_StdlinkSec_Atsamr21e18a_Rf233_Gcc.a(machwdTrxHandler.o)
                0x000147cc                machwdResetTrxHandler
 .text.executePhyDataReq
                0x000147d8       0x28 ../../../../BitCloud/lib/libBc_All_StdlinkSec_Atsamr21e18a_Rf233_Gcc.a(machwdTxFrameHandler.o)
 .text.executeDataReq
                0x00014800       0x1c ../../../../BitCloud/lib/libBc_All_StdlinkSec_Atsamr21e18a_Rf233_Gcc.a(machwdTxFrameHandler.o)
 .text.machwdTxFrameReqHandler
                0x0001481c       0x64 ../../../../BitCloud/lib/libBc_All_StdlinkSec_Atsamr21e18a_Rf233_Gcc.a(machwdTxFrameHandler.o)
                0x0001481c                machwdTxFrameReqHandler
 .text.machwdTxFrameTaskHandler
                0x00014880       0x84 ../../../../BitCloud/lib/libBc_All_StdlinkSec_Atsamr21e18a_Rf233_Gcc.a(machwdTxFrameHandler.o)
                0x00014880                machwdTxFrameTaskHandler
 .text.machwdTxRetryHandler
                0x00014904       0x74 ../../../../BitCloud/lib/libBc_All_StdlinkSec_Atsamr21e18a_Rf233_Gcc.a(machwdTxFrameHandler.o)
                0x00014904                machwdTxRetryHandler
 .text.machwdResetTxFrameHandler
                0x00014978       0x10 ../../../../BitCloud/lib/libBc_All_StdlinkSec_Atsamr21e18a_Rf233_Gcc.a(machwdTxFrameHandler.o)
                0x00014978                machwdResetTxFrameHandler
 .text.isMacBusyRequest
                0x00014988       0x20 ../../../../BitCloud/lib/libBc_All_StdlinkSec_Atsamr21e18a_Rf233_Gcc.a(machwiManager.o)
 .text.putReqInQueue
                0x000149a8       0x38 ../../../../BitCloud/lib/libBc_All_StdlinkSec_Atsamr21e18a_Rf233_Gcc.a(machwiManager.o)
 .text.machwiSendConfToUpperLayer
                0x000149e0       0xc0 ../../../../BitCloud/lib/libBc_All_StdlinkSec_Atsamr21e18a_Rf233_Gcc.a(machwiManager.o)
                0x000149e0                machwiSendConfToUpperLayer
 .text.MAC_HWI_TaskHandler
                0x00014aa0       0xe0 ../../../../BitCloud/lib/libBc_All_StdlinkSec_Atsamr21e18a_Rf233_Gcc.a(machwiManager.o)
                0x00014aa0                MAC_HWI_TaskHandler
 .text.MAC_AssociateReq
                0x00014b80        0xc ../../../../BitCloud/lib/libBc_All_StdlinkSec_Atsamr21e18a_Rf233_Gcc.a(machwiManager.o)
                0x00014b80                MAC_AssociateReq
 .text.MAC_AssociateResp
                0x00014b8c        0xc ../../../../BitCloud/lib/libBc_All_StdlinkSec_Atsamr21e18a_Rf233_Gcc.a(machwiManager.o)
                0x00014b8c                MAC_AssociateResp
 .text.MAC_OrphanResp
                0x00014b98        0xc ../../../../BitCloud/lib/libBc_All_StdlinkSec_Atsamr21e18a_Rf233_Gcc.a(machwiManager.o)
                0x00014b98                MAC_OrphanResp
 .text.MAC_GetReq
                0x00014ba4        0xc ../../../../BitCloud/lib/libBc_All_StdlinkSec_Atsamr21e18a_Rf233_Gcc.a(machwiManager.o)
                0x00014ba4                MAC_GetReq
 .text.MAC_ResetReq
                0x00014bb0       0x6c ../../../../BitCloud/lib/libBc_All_StdlinkSec_Atsamr21e18a_Rf233_Gcc.a(machwiManager.o)
                0x00014bb0                MAC_ResetReq
 .text.MAC_RxEnableReq
                0x00014c1c        0xc ../../../../BitCloud/lib/libBc_All_StdlinkSec_Atsamr21e18a_Rf233_Gcc.a(machwiManager.o)
                0x00014c1c                MAC_RxEnableReq
 .text.MAC_ScanReq