Archive member included because of file (symbol)

../../../../BitCloud/lib/libBc_All_StdlinkSec_Atsamr21e18a_Rf233_Gcc.a(aps.o)
                              All_StdlinkSec_SamR21_Atsamr21e18a_Rf233_16Mhz_Gcc/Obj/ezModeManager.o (APS_BindReq)
../../../../BitCloud/lib/libBc_All_StdlinkSec_Atsamr21e18a_Rf233_Gcc.a(macenvPib.o)
                              All_StdlinkSec_SamR21_Atsamr21e18a_Rf233_16Mhz_Gcc/Obj/sysUtils.o (MAC_GetExtAddr)
../../../../BitCloud/lib/libBc_All_StdlinkSec_Atsamr21e18a_Rf233_Gcc.a(machwdManager.o)
                              All_StdlinkSec_SamR21_Atsamr21e18a_Rf233_16Mhz_Gcc/Obj/sysUtils.o (RF_RandomReq)
../../../../BitCloud/lib/libBc_All_StdlinkSec_Atsamr21e18a_Rf233_Gcc.a(machwdRegAccessHandler.o)
                              ../../../../BitCloud/lib/libBc_All_StdlinkSec_Atsamr21e18a_Rf233_Gcc.a(machwdManager.o) (machwdRegAccessReqHandler)
../../../../BitCloud/lib/libBc_All_StdlinkSec_Atsamr21e18a_Rf233_Gcc.a(machwdResetHandler.o)
                              ../../../../BitCloud/lib/libBc_All_StdlinkSec_Atsamr21e18a_Rf233_Gcc.a(machwdManager.o) (machwdReset)
../../../../BitCloud/lib/libBc_All_StdlinkSec_Atsamr21e18a_Rf233_Gcc.a(machwdRndHandler.o)
                              ../../../../BitCloud/lib/libBc_All_StdlinkSec_Atsamr21e18a_Rf233_Gcc.a(machwdManager.o) (machwdRndReqHandler)
../../../../BitCloud/lib/libBc_All_StdlinkSec_Atsamr21e18a_Rf233_Gcc.a(machwdRxBuffer.o)
                              ../../../../BitCloud/lib/libBc_All_StdlinkSec_Atsamr21e18a_Rf233_Gcc.a(machwdResetHandler.o) (machwdResetRxBuffers)
../../../../BitCloud/lib/libBc_All_StdlinkSec_Atsamr21e18a_Rf233_Gcc.a(machwdRxFrameHandler.o)
                              ../../../../BitCloud/lib/libBc_All_StdlinkSec_Atsamr21e18a_Rf233_Gcc.a(machwdManager.o) (machwdDataReqIndTaskHandler)
../../../../BitCloud/lib/libBc_All_StdlinkSec_Atsamr21e18a_Rf233_Gcc.a(machwdSetHandler.o)
                              ../../../../BitCloud/lib/libBc_All_StdlinkSec_Atsamr21e18a_Rf233_Gcc.a(machwdManager.o) (machwdSetReqHandler)
../../../../BitCloud/lib/libBc_All_StdlinkSec_Atsamr21e18a_Rf233_Gcc.a(machwdTrxCtrl.o)
                              ../../../../BitCloud/lib/libBc_All_StdlinkSec_Atsamr21e18a_Rf233_Gcc.a(machwdSetHandler.o) (machwdGetPhyTrxCmd)
../../../../BitCloud/lib/libBc_All_StdlinkSec_Atsamr21e18a_Rf233_Gcc.a(machwdTrxHandler.o)
                              ../../../../BitCloud/lib/libBc_All_StdlinkSec_Atsamr21e18a_Rf233_Gcc.a(machwdManager.o) (machwdTrxReqHandler)
../../../../BitCloud/lib/libBc_All_StdlinkSec_Atsamr21e18a_Rf233_Gcc.a(machwdTxFrameHandler.o)
                              ../../../../BitCloud/lib/libBc_All_StdlinkSec_Atsamr21e18a_Rf233_Gcc.a(machwdManager.o) (machwdTxFrameReqHandler)
../../../../BitCloud/lib/libBc_All_StdlinkSec_Atsamr21e18a_Rf233_Gcc.a(machwiManager.o)
                              All_StdlinkSec_SamR21_Atsamr21e18a_Rf233_16Mhz_Gcc/Obj/sysTaskManager.o (MAC_HWI_TaskHandler)
../../../../BitCloud/lib/libBc_All_StdlinkSec_Atsamr21e18a_Rf233_Gcc.a(machwiOrphanHandler.o)
                              ../../../../BitCloud/lib/libBc_All_StdlinkSec_Atsamr21e18a_Rf233_Gcc.a(machwiManager.o) (machwiOrphanRespHandler)
../../../../BitCloud/lib/libBc_All_StdlinkSec_Atsamr21e18a_Rf233_Gcc.a(machwiPanServer.o)
                              ../../../../BitCloud/lib/libBc_All_StdlinkSec_Atsamr21e18a_Rf233_Gcc.a(machwdManager.o) (MACHWD_DataInd)
../../../../BitCloud/lib/libBc_All_StdlinkSec_Atsamr21e18a_Rf233_Gcc.a(machwiPollHandler.o)
                              ../../../../BitCloud/lib/libBc_All_StdlinkSec_Atsamr21e18a_Rf233_Gcc.a(machwiPanServer.o) (machwiPollInd)
../../../../BitCloud/lib/libBc_All_StdlinkSec_Atsamr21e18a_Rf233_Gcc.a(machwiPurgeHandler.o)
                              ../../../../BitCloud/lib/libBc_All_StdlinkSec_Atsamr21e18a_Rf233_Gcc.a(machwiManager.o) (machwiPurgeReqHandler)
../../../../BitCloud/lib/libBc_All_StdlinkSec_Atsamr21e18a_Rf233_Gcc.a(machwiResetHandler.o)
                              ../../../../BitCloud/lib/libBc_All_StdlinkSec_Atsamr21e18a_Rf233_Gcc.a(machwiManager.o) (machwiResetReqHandler)
../../../../BitCloud/lib/libBc_All_StdlinkSec_Atsamr21e18a_Rf233_Gcc.a(machwiRxEnableHandler.o)
                              ../../../../BitCloud/lib/libBc_All_StdlinkSec_Atsamr21e18a_Rf233_Gcc.a(machwiManager.o) (machwiRxEnableReqHandler)
../../../../BitCloud/lib/libBc_All_StdlinkSec_Atsamr21e18a_Rf233_Gcc.a(machwiScanHandler.o)
                              ../../../../BitCloud/lib/libBc_All_StdlinkSec_Atsamr21e18a_Rf233_Gcc.a(machwiManager.o) (machwiScanReqHandler)
../../../../BitCloud/lib/libBc_All_StdlinkSec_Atsamr21e18a_Rf233_Gcc.a(machwiSetGetHandler.o)
                              ../../../../BitCloud/lib/libBc_All_StdlinkSec_Atsamr21e18a_Rf233_Gcc.a(machwiManager.o) (machwiGetReqHandler)
../../../../BitCloud/lib/libBc_All_StdlinkSec_Atsamr21e18a_Rf233_Gcc.a(machwiStartHandler.o)
[...]
Memory Configuration

Name             Origin             Length             Attributes
FLASH            0x00000000         0x0003f000         xr
EEPROM           0x0003f000         0x00001000         rw !x
RAM              0x20000000         0x00008000         rw
*default*        0x00000000         0xffffffff

Linker script and memory map

                0x00000800                MAIN_STACK_SIZE = 0x800
                0x00000000                PROCESS_STACK_SIZE = 0x0

.text           0x00000000    0x2dc2c
                0x00000000                __text = .
 *(.vectors)
 .vectors       0x00000000       0x40 ../../../../BitCloud/lib/libHAL_SamR21_Atsamr21e18a_16Mhz_Gcc.a(halVectorTable.o)
                0x00000000                __vector_table
                0x00000100                . = ALIGN (0x100)
 *fill*         0x00000040       0xc0 
                0x00000100                PROVIDE (__d_nv_mem_start, .)
                0x00004100                . = (. + ALIGN (0x4000))
 *fill*         0x00000100     0x4000 
                0x00004100                PROVIDE (__d_nv_mem_end, .)
                0x00004100                PROVIDE (__pds_ff_start, .)
 *(.pds_ff)
 .pds_ff        0x00004100       0x90 All_StdlinkSec_SamR21_Atsamr21e18a_Rf233_16Mhz_Gcc/Obj/csPersistentMem.o
                0x00004100                pds_ff_NWK_RREQ_IDENTIFIER_ITEM_ID
                0x00004110                pds_ff_CS_GROUP_TABLE_ITEM_ID
                0x00004120                pds_ff_CS_APS_BINDING_TABLE_ITEM_ID
                0x00004130                pds_ff_NWK_SECURITY_COUNTERS_ITEM_ID
                0x00004140                pds_ff_CS_NWK_SECURITY_KEYS_ITEM_ID
                0x00004150                pds_ff_CS_NWK_SECURITY_IB_ITEM_ID
                0x00004160                pds_ff_CS_APS_KEY_PAIR_DESCRIPTORS_ITEM_ID
                0x00004170                pds_ff_CS_NEIB_TABLE_ITEM_ID
                0x00004180                pds_ff_BC_EXT_GEN_MEMORY_ITEM_ID
                0x00004190                PROVIDE (__pds_ff_end, .)
                0x00004190                PROVIDE (__pds_fd_start, .)
 *(.pds_fd)
 .pds_fd        0x00004190        0x8 All_StdlinkSec_SamR21_Atsamr21e18a_Rf233_16Mhz_Gcc/Obj/csPersistentMem.o
                0x00004190                BCRejoinParamsDirDescr
                0x00004198                PROVIDE (__pds_fd_end, .)
 *(.text*main)
 .text.startup.main
                0x00004198        0xc All_StdlinkSec_SamR21_Atsamr21e18a_Rf233_16Mhz_Gcc/Obj/zclDevice.o
                0x00004198                main
 *(.text)
 .text          0x000041a4       0x9c c:/program files (x86)/atmel/atmel toolchain/arm gcc/native/4.8.1443/arm-gnu-toolchain/bin/../lib/gcc/arm-none-eabi/4.8.4/armv6-m\libgcc.a(_udivsi3.o)
                0x000041a4                __aeabi_uidiv
                0x000041a4                __udivsi3
                0x0000422c                __aeabi_uidivmod
 .text          0x00004240       0xc0 c:/program files (x86)/atmel/atmel toolchain/arm gcc/native/4.8.1443/arm-gnu-toolchain/bin/../lib/gcc/arm-none-eabi/4.8.4/armv6-m\libgcc.a(_divsi3.o)
                0x00004240                __divsi3
                0x00004240                __aeabi_idiv
                0x000042ec                __aeabi_idivmod
 .text          0x00004300        0x4 c:/program files (x86)/atmel/atmel toolchain/arm gcc/native/4.8.1443/arm-gnu-toolchain/bin/../lib/gcc/arm-none-eabi/4.8.4/armv6-m\libgcc.a(_dvmd_tls.o)
                0x00004300                __aeabi_idiv0
                0x00004300                __aeabi_ldiv0
 .text          0x00004304      0x644 c:/program files (x86)/atmel/atmel toolchain/arm gcc/native/4.8.1443/arm-gnu-toolchain/bin/../lib/gcc/arm-none-eabi/4.8.4/armv6-m\libgcc.a(adddf3.o)
                0x00004304                __aeabi_dadd
 .text          0x00004948      0x648 c:/program files (x86)/atmel/atmel toolchain/arm gcc/native/4.8.1443/arm-gnu-toolchain/bin/../lib/gcc/arm-none-eabi/4.8.4/armv6-m\libgcc.a(divdf3.o)
                0x00004948                __aeabi_ddiv
 .text          0x00004f90      0x520 c:/program files (x86)/atmel/atmel toolchain/arm gcc/native/4.8.1443/arm-gnu-toolchain/bin/../lib/gcc/arm-none-eabi/4.8.4/armv6-m\libgcc.a(muldf3.o)
                0x00004f90                __aeabi_dmul
 .text          0x000054b0      0x668 c:/program files (x86)/atmel/atmel toolchain/arm gcc/native/4.8.1443/arm-gnu-toolchain/bin/../lib/gcc/arm-none-eabi/4.8.4/armv6-m\libgcc.a(subdf3.o)
                0x000054b0                __aeabi_dsub
 .text          0x00005b18       0x3c c:/program files (x86)/atmel/atmel toolchain/arm gcc/native/4.8.1443/arm-gnu-toolchain/bin/../lib/gcc/arm-none-eabi/4.8.4/armv6-m\libgcc.a(_clzsi2.o)
                0x00005b18                __clzsi2
 .text          0x00005b54       0x7c c:/program files (x86)/atmel/atmel toolchain/arm gcc/native/4.8.1443/arm-gnu-toolchain/bin/../lib/gcc/arm-none-eabi/4.8.4/armv6-m\libgcc.a(_arm_cmpdf2.o)
                0x00005b54                __aeabi_cdrcmple
                0x00005b64                __aeabi_cdcmple
                0x00005b64                __aeabi_cdcmpeq
                0x00005b74                __aeabi_dcmpeq
                0x00005b80                __aeabi_dcmplt
                0x00005b94                __aeabi_dcmple
                0x00005ba8                __aeabi_dcmpgt
                0x00005bbc                __aeabi_dcmpge
 .text          0x00005bd0       0x40 c:/program files (x86)/atmel/atmel toolchain/arm gcc/native/4.8.1443/arm-gnu-toolchain/bin/../lib/gcc/arm-none-eabi/4.8.4/armv6-m\libgcc.a(_aeabi_uldivmod.o)
                0x00005bd0                __aeabi_uldivmod
 .text          0x00005c10       0x44 c:/program files (x86)/atmel/atmel toolchain/arm gcc/native/4.8.1443/arm-gnu-toolchain/bin/../lib/gcc/arm-none-eabi/4.8.4/armv6-m\libgcc.a(_muldi3.o)
                0x00005c10                __muldi3
                0x00005c10                __aeabi_lmul
 .text          0x00005c54       0x6c c:/program files (x86)/atmel/atmel toolchain/arm gcc/native/4.8.1443/arm-gnu-toolchain/bin/../lib/gcc/arm-none-eabi/4.8.4/armv6-m\libgcc.a(bpabi.o)
                0x00005c54                __gnu_ldivmod_helper
                0x00005c8c                __gnu_uldivmod_helper
 .text          0x00005cc0       0x94 c:/program files (x86)/atmel/atmel toolchain/arm gcc/native/4.8.1443/arm-gnu-toolchain/bin/../lib/gcc/arm-none-eabi/4.8.4/armv6-m\libgcc.a(eqdf2.o)
                0x00005cc0                __nedf2
                0x00005cc0                __eqdf2
 .text          0x00005d54       0xfc c:/program files (x86)/atmel/atmel toolchain/arm gcc/native/4.8.1443/arm-gnu-toolchain/bin/../lib/gcc/arm-none-eabi/4.8.4/armv6-m\libgcc.a(gedf2.o)
                0x00005d54                __gedf2
                0x00005d54                __gtdf2
 .text          0x00005e50       0xfc c:/program files (x86)/atmel/atmel toolchain/arm gcc/native/4.8.1443/arm-gnu-toolchain/bin/../lib/gcc/arm-none-eabi/4.8.4/armv6-m\libgcc.a(ledf2.o)
                0x00005e50                __ledf2
                0x00005e50                __ltdf2
 .text          0x00005f4c       0x68 c:/program files (x86)/atmel/atmel toolchain/arm gcc/native/4.8.1443/arm-gnu-toolchain/bin/../lib/gcc/arm-none-eabi/4.8.4/armv6-m\libgcc.a(fixdfsi.o)
                0x00005f4c                __aeabi_d2iz
 .text          0x00005fb4       0x7c c:/program files (x86)/atmel/atmel toolchain/arm gcc/native/4.8.1443/arm-gnu-toolchain/bin/../lib/gcc/arm-none-eabi/4.8.4/armv6-m\libgcc.a(floatsidf.o)
                0x00005fb4                __aeabi_i2d
 .text          0x00006030       0x68 c:/program files (x86)/atmel/atmel toolchain/arm gcc/native/4.8.1443/arm-gnu-toolchain/bin/../lib/gcc/arm-none-eabi/4.8.4/armv6-m\libgcc.a(floatunsidf.o)
                0x00006030                __aeabi_ui2d
 .text          0x00006098      0x3b8 c:/program files (x86)/atmel/atmel toolchain/arm gcc/native/4.8.1443/arm-gnu-toolchain/bin/../lib/gcc/arm-none-eabi/4.8.4/armv6-m\libgcc.a(_divdi3.o)
                0x00006098                __divdi3
 .text          0x00006450      0x384 c:/program files (x86)/atmel/atmel toolchain/arm gcc/native/4.8.1443/arm-gnu-toolchain/bin/../lib/gcc/arm-none-eabi/4.8.4/armv6-m\libgcc.a(_udivdi3.o)
                0x00006450                __udivdi3
 *(.text*)
 .text.appSnprintf
                0x000067d4       0x2c All_StdlinkSec_SamR21_Atsamr21e18a_Rf233_16Mhz_Gcc/Obj/uartManager.o
                0x000067d4                appSnprintf
 .text.ezModeTimerFired
                0x00006800       0x24 All_StdlinkSec_SamR21_Atsamr21e18a_Rf233_16Mhz_Gcc/Obj/ezModeManager.o
 .text.ezModeIdentifyQueryTimerFired
                0x00006824       0x14 All_StdlinkSec_SamR21_Atsamr21e18a_Rf233_16Mhz_Gcc/Obj/ezModeManager.o
 .text.matchBindDevices
                0x00006838       0xac All_StdlinkSec_SamR21_Atsamr21e18a_Rf233_16Mhz_Gcc/Obj/ezModeManager.o
 .text.commissionNextEndpoint
                0x000068e4       0x68 All_StdlinkSec_SamR21_Atsamr21e18a_Rf233_16Mhz_Gcc/Obj/ezModeManager.o
 .text.bindNextCluster
                0x0000694c       0x70 All_StdlinkSec_SamR21_Atsamr21e18a_Rf233_16Mhz_Gcc/Obj/ezModeManager.o
 .text.matchHandlingFinished
                0x000069bc       0x64 All_StdlinkSec_SamR21_Atsamr21e18a_Rf233_16Mhz_Gcc/Obj/ezModeManager.o
 .text.zdpMatchDescResp
                0x00006a20       0x40 All_StdlinkSec_SamR21_Atsamr21e18a_Rf233_16Mhz_Gcc/Obj/ezModeManager.o
 .text.doApsBinding.isra.2
                0x00006a60       0x4c All_StdlinkSec_SamR21_Atsamr21e18a_Rf233_16Mhz_Gcc/Obj/ezModeManager.o
 .text.zdoPermitJoiningResponse
                0x00006aac       0x80 All_StdlinkSec_SamR21_Atsamr21e18a_Rf233_16Mhz_Gcc/Obj/ezModeManager.o
 .text.identifyQueryResponseCb
                0x00006b2c       0x5c All_StdlinkSec_SamR21_Atsamr21e18a_Rf233_16Mhz_Gcc/Obj/ezModeManager.o
 .text.doApsAndZdoBinding.constprop.6
                0x00006b88      0x158 All_StdlinkSec_SamR21_Atsamr21e18a_Rf233_16Mhz_Gcc/Obj/ezModeManager.o
 .text.zdpBindResp
                0x00006ce0       0x2c All_StdlinkSec_SamR21_Atsamr21e18a_Rf233_16Mhz_Gcc/Obj/ezModeManager.o
 .text.zdpIeeeAddrResp
                0x00006d0c       0x30 All_StdlinkSec_SamR21_Atsamr21e18a_Rf233_16Mhz_Gcc/Obj/ezModeManager.o
 .text.initEzModeManager
                0x00006d3c       0x1c All_StdlinkSec_SamR21_Atsamr21e18a_Rf233_16Mhz_Gcc/Obj/ezModeManager.o
                0x00006d3c                initEzModeManager
 .text.invokeEzMode
                0x00006d58       0x64 All_StdlinkSec_SamR21_Atsamr21e18a_Rf233_16Mhz_Gcc/Obj/ezModeManager.o
                0x00006d58                invokeEzMode
 .text.resetEzModeInProgress
                0x00006dbc       0x18 All_StdlinkSec_SamR21_Atsamr21e18a_Rf233_16Mhz_Gcc/Obj/ezModeManager.o
                0x00006dbc                resetEzModeInProgress
 .text.nwkLeaveIndHandler
                0x00006dd4        0xc All_StdlinkSec_SamR21_Atsamr21e18a_Rf233_16Mhz_Gcc/Obj/zclDevice.o
 .text.zdoResetNwkConf
                0x00006de0       0x38 All_StdlinkSec_SamR21_Atsamr21e18a_Rf233_16Mhz_Gcc/Obj/zclDevice.o
 .text.setDeviceJoinParameters
                0x00006e18       0x50 All_StdlinkSec_SamR21_Atsamr21e18a_Rf233_16Mhz_Gcc/Obj/zclDevice.o
 .text.ZDO_StartNetworkConf
                0x00006e68       0xc4 All_StdlinkSec_SamR21_Atsamr21e18a_Rf233_16Mhz_Gcc/Obj/zclDevice.o
 .text.APL_TaskHandler
                0x00006f2c      0x12c All_StdlinkSec_SamR21_Atsamr21e18a_Rf233_16Mhz_Gcc/Obj/zclDevice.o
                0x00006f2c                APL_TaskHandler
 .text.ZDO_MgmtNwkUpdateNotf
                0x00007058       0x80 All_StdlinkSec_SamR21_Atsamr21e18a_Rf233_16Mhz_Gcc/Obj/zclDevice.o
                0x00007058                ZDO_MgmtNwkUpdateNotf
 .text.ZDO_WakeUpInd
                0x000070d8        0x4 All_StdlinkSec_SamR21_Atsamr21e18a_Rf233_16Mhz_Gcc/Obj/zclDevice.o
                0x000070d8                ZDO_WakeUpInd
 .text.fillExtendedBcSet
                0x000070dc       0xcc All_StdlinkSec_SamR21_Atsamr21e18a_Rf233_16Mhz_Gcc/Obj/wlPdsTypesConverter.o
                0x000070dc                fillExtendedBcSet
 .text.pdsGetItemDescr
                0x000071a8       0x44 All_StdlinkSec_SamR21_Atsamr21e18a_Rf233_16Mhz_Gcc/Obj/wlPdsTypesConverter.o
                0x000071a8                pdsGetItemDescr
 .text.pdsUpdateMemory
                0x000071ec      0x25c All_StdlinkSec_SamR21_Atsamr21e18a_Rf233_16Mhz_Gcc/Obj/wlPdsTypesConverter.o
                0x000071ec                pdsUpdateMemory
 .text.pdsGetDirDescr
                0x00007448       0x40 All_StdlinkSec_SamR21_Atsamr21e18a_Rf233_16Mhz_Gcc/Obj/wlPdsTypesConverter.o
                0x00007448                pdsGetDirDescr
 .text.pdsPostTask
                0x00007488       0x38 All_StdlinkSec_SamR21_Atsamr21e18a_Rf233_16Mhz_Gcc/Obj/wlPdsTaskManager.o
                0x00007488                pdsPostTask
 .text.PDS_TaskHandler
                0x000074c0       0x60 All_StdlinkSec_SamR21_Atsamr21e18a_Rf233_16Mhz_Gcc/Obj/wlPdsTaskManager.o
                0x000074c0                PDS_TaskHandler
 .text.PDS_EraseSecureItems
                0x00007520        0x4 All_StdlinkSec_SamR21_Atsamr21e18a_Rf233_16Mhz_Gcc/Obj/wlPdsSecurity.o
                0x00007520                PDS_EraseSecureItems
 .text.PDS_Init
                0x00007524        0xc All_StdlinkSec_SamR21_Atsamr21e18a_Rf233_16Mhz_Gcc/Obj/wlPdsInit.o
                0x00007524                PDS_Init
 .text.pdsObserver
                0x00007530       0x84 All_StdlinkSec_SamR21_Atsamr21e18a_Rf233_16Mhz_Gcc/Obj/wlPdsDataServer.o
 .text.pdsInitItemMask
                0x000075b4       0xa8 All_StdlinkSec_SamR21_Atsamr21e18a_Rf233_16Mhz_Gcc/Obj/wlPdsDataServer.o
 .text.PDS_Restore
                0x0000765c       0xd8 All_StdlinkSec_SamR21_Atsamr21e18a_Rf233_16Mhz_Gcc/Obj/wlPdsDataServer.o
                0x0000765c                PDS_Restore
 .text.PDS_DeleteAll
                0x00007734        0xc All_StdlinkSec_SamR21_Atsamr21e18a_Rf233_16Mhz_Gcc/Obj/wlPdsDataServer.o
                0x00007734                PDS_DeleteAll
 .text.pdsStoreItemTaskHandler
                0x00007740       0xe8 All_StdlinkSec_SamR21_Atsamr21e18a_Rf233_16Mhz_Gcc/Obj/wlPdsDataServer.o
                0x00007740                pdsStoreItemTaskHandler
 .text.PDS_StoreByEvents
                0x00007828       0x5c All_StdlinkSec_SamR21_Atsamr21e18a_Rf233_16Mhz_Gcc/Obj/wlPdsDataServer.o
                0x00007828                PDS_StoreByEvents
 .text.PDS_IsAbleToRestore
                0x00007884       0x5c All_StdlinkSec_SamR21_Atsamr21e18a_Rf233_16Mhz_Gcc/Obj/wlPdsDataServer.o
                0x00007884                PDS_IsAbleToRestore
 .text.ComputeHeaderCrc
                0x000078e0       0x30 All_StdlinkSec_SamR21_Atsamr21e18a_Rf233_16Mhz_Gcc/Obj/S_Nv.o
 .text.FindItemCache
                0x00007910       0x54 All_StdlinkSec_SamR21_Atsamr21e18a_Rf233_16Mhz_Gcc/Obj/S_Nv.o
 .text.CreateItemCache
                0x00007964       0x4c All_StdlinkSec_SamR21_Atsamr21e18a_Rf233_16Mhz_Gcc/Obj/S_Nv.o
 .text.DeleteItemCache
                0x000079b0       0x44 All_StdlinkSec_SamR21_Atsamr21e18a_Rf233_16Mhz_Gcc/Obj/S_Nv.o
 .text.WriteAndCheck
                0x000079f4       0x28 All_StdlinkSec_SamR21_Atsamr21e18a_Rf233_16Mhz_Gcc/Obj/S_Nv.o
 .text.InitSector
                0x00007a1c       0x74 All_StdlinkSec_SamR21_Atsamr21e18a_Rf233_16Mhz_Gcc/Obj/S_Nv.o
 .text.ActivateSector
                0x00007a90       0x18 All_StdlinkSec_SamR21_Atsamr21e18a_Rf233_16Mhz_Gcc/Obj/S_Nv.o
 .text.GatherData
                0x00007aa8      0x128 All_StdlinkSec_SamR21_Atsamr21e18a_Rf233_16Mhz_Gcc/Obj/S_Nv.o
 .text.eraseSectorTimerFired
                0x00007bd0       0x24 All_StdlinkSec_SamR21_Atsamr21e18a_Rf233_16Mhz_Gcc/Obj/S_Nv.o
 .text.WriteBlockHeader
                0x00007bf4       0x48 All_StdlinkSec_SamR21_Atsamr21e18a_Rf233_16Mhz_Gcc/Obj/S_Nv.o
 .text.CompactSector
                0x00007c3c      0x140 All_StdlinkSec_SamR21_Atsamr21e18a_Rf233_16Mhz_Gcc/Obj/S_Nv.o
 .text.WriteDataBlock
                0x00007d7c       0x70 All_StdlinkSec_SamR21_Atsamr21e18a_Rf233_16Mhz_Gcc/Obj/S_Nv.o
 .text.CompactSectorIfNeeded
                0x00007dec       0x5c All_StdlinkSec_SamR21_Atsamr21e18a_Rf233_16Mhz_Gcc/Obj/S_Nv.o
 .text.CompactItem
                0x00007e48      0x14c All_StdlinkSec_SamR21_Atsamr21e18a_Rf233_16Mhz_Gcc/Obj/S_Nv.o
 .text.compactItemTimerFired
                0x00007f94        0x8 All_StdlinkSec_SamR21_Atsamr21e18a_Rf233_16Mhz_Gcc/Obj/S_Nv.o
 .text.compactSectorTimerFired
                0x00007f9c       0x2c All_StdlinkSec_SamR21_Atsamr21e18a_Rf233_16Mhz_Gcc/Obj/S_Nv.o
 .text.S_Nv_EarlyInit
                0x00007fc8      0x16c All_StdlinkSec_SamR21_Atsamr21e18a_Rf233_16Mhz_Gcc/Obj/S_Nv.o
                0x00007fc8                S_Nv_EarlyInit
 .text.S_Nv_Init
                0x00008134       0x30 All_StdlinkSec_SamR21_Atsamr21e18a_Rf233_16Mhz_Gcc/Obj/S_Nv.o
                0x00008134                S_Nv_Init
 .text.S_Nv_Write_Impl
                0x00008164       0xf0 All_StdlinkSec_SamR21_Atsamr21e18a_Rf233_16Mhz_Gcc/Obj/S_Nv.o
                0x00008164                S_Nv_Write_Impl
 .text.S_Nv_Read_Impl
                0x00008254       0x84 All_StdlinkSec_SamR21_Atsamr21e18a_Rf233_16Mhz_Gcc/Obj/S_Nv.o
                0x00008254                S_Nv_Read_Impl
 .text.S_Nv_ItemLength_Impl
                0x000082d8       0x58 All_StdlinkSec_SamR21_Atsamr21e18a_Rf233_16Mhz_Gcc/Obj/S_Nv.o
                0x000082d8                S_Nv_ItemLength_Impl
 .text.S_Nv_ItemInit_Impl
                0x00008330       0xdc All_StdlinkSec_SamR21_Atsamr21e18a_Rf233_16Mhz_Gcc/Obj/S_Nv.o
                0x00008330                S_Nv_ItemInit_Impl
 .text.S_Nv_EraseAll_Impl
                0x0000840c       0x90 All_StdlinkSec_SamR21_Atsamr21e18a_Rf233_16Mhz_Gcc/Obj/S_Nv.o
                0x0000840c                S_Nv_EraseAll_Impl
 .text.S_Nv_IsItemAvailable_Impl
                0x0000849c       0x20 All_StdlinkSec_SamR21_Atsamr21e18a_Rf233_16Mhz_Gcc/Obj/S_Nv.o
                0x0000849c                S_Nv_IsItemAvailable_Impl
 .text.CompareData
                0x000084bc       0xd8 All_StdlinkSec_SamR21_Atsamr21e18a_Rf233_16Mhz_Gcc/Obj/D_Nv.o
 .text.D_Nv_Init
                0x00008594       0x38 All_StdlinkSec_SamR21_Atsamr21e18a_Rf233_16Mhz_Gcc/Obj/D_Nv.o
                0x00008594                D_Nv_Init
 .text.D_Nv_Read_Impl
                0x000085cc       0x64 All_StdlinkSec_SamR21_Atsamr21e18a_Rf233_16Mhz_Gcc/Obj/D_Nv.o
                0x000085cc                D_Nv_Read_Impl
 .text.D_Nv_Write_Impl
                0x00008630       0xe0 All_StdlinkSec_SamR21_Atsamr21e18a_Rf233_16Mhz_Gcc/Obj/D_Nv.o
                0x00008630                D_Nv_Write_Impl
 .text.D_Nv_EraseSector_Impl
                0x00008710       0x3c All_StdlinkSec_SamR21_Atsamr21e18a_Rf233_16Mhz_Gcc/Obj/D_Nv.o
                0x00008710                D_Nv_EraseSector_Impl
 .text.D_Nv_IsEmpty_Impl
                0x0000874c        0xc All_StdlinkSec_SamR21_Atsamr21e18a_Rf233_16Mhz_Gcc/Obj/D_Nv.o
                0x0000874c                D_Nv_IsEmpty_Impl
 .text.D_Nv_IsEqual_Impl
                0x00008758        0x8 All_StdlinkSec_SamR21_Atsamr21e18a_Rf233_16Mhz_Gcc/Obj/D_Nv.o
                0x00008758                D_Nv_IsEqual_Impl
 .text.N_ErrH_Fatal
                0x00008760        0x4 All_StdlinkSec_SamR21_Atsamr21e18a_Rf233_16Mhz_Gcc/Obj/S_Nv_Stub.o
                0x00008760                N_ErrH_Fatal
 .text.N_Log_Prepare
                0x00008764        0x4 All_StdlinkSec_SamR21_Atsamr21e18a_Rf233_16Mhz_Gcc/Obj/S_Nv_Stub.o
                0x00008764                N_Log_Prepare
 .text.N_Log_Trace
                0x00008768        0x8 All_StdlinkSec_SamR21_Atsamr21e18a_Rf233_16Mhz_Gcc/Obj/S_Nv_Stub.o
                0x00008768                N_Log_Trace
 .text.zclSecurityTaskHandler
                0x00008770       0x34 All_StdlinkSec_SamR21_Atsamr21e18a_Rf233_16Mhz_Gcc/Obj/zclSecurityManager.o
                0x00008770                zclSecurityTaskHandler
 .text.ZCL_ResetSecurity
                0x000087a4        0xc All_StdlinkSec_SamR21_Atsamr21e18a_Rf233_16Mhz_Gcc/Obj/zclSecurityManager.o
                0x000087a4                ZCL_ResetSecurity
 .text.formZclHeader
                0x000087b0       0x6c All_StdlinkSec_SamR21_Atsamr21e18a_Rf233_16Mhz_Gcc/Obj/zclParser.o
 .text.zclParserDataConf
                0x0000881c        0xc All_StdlinkSec_SamR21_Atsamr21e18a_Rf233_16Mhz_Gcc/Obj/zclParser.o
 .text.formReadAttributesStructuredResponse
                0x00008828       0xf4 All_StdlinkSec_SamR21_Atsamr21e18a_Rf233_16Mhz_Gcc/Obj/zclParser.o
 .text.formReadAttributesResponse
                0x0000891c      0x10c All_StdlinkSec_SamR21_Atsamr21e18a_Rf233_16Mhz_Gcc/Obj/zclParser.o
 .text.sendDefaultResponse
                0x00008a28      0x120 All_StdlinkSec_SamR21_Atsamr21e18a_Rf233_16Mhz_Gcc/Obj/zclParser.o
 .text.getElementLength
                0x00008b48       0xb8 All_StdlinkSec_SamR21_Atsamr21e18a_Rf233_16Mhz_Gcc/Obj/zclParser.o
 .text.zclFindAppropriateRequest.isra.3
                0x00008c00       0x68 All_StdlinkSec_SamR21_Atsamr21e18a_Rf233_16Mhz_Gcc/Obj/zclParser.o
 .text.sendRelevantResponse
                0x00008c68       0xb8 All_StdlinkSec_SamR21_Atsamr21e18a_Rf233_16Mhz_Gcc/Obj/zclParser.o
 .text.zclParserInit
                0x00008d20       0x10 All_StdlinkSec_SamR21_Atsamr21e18a_Rf233_16Mhz_Gcc/Obj/zclParser.o
                0x00008d20                zclParserInit
 .text.zclDataInd
                0x00008d30       0xb8 All_StdlinkSec_SamR21_Atsamr21e18a_Rf233_16Mhz_Gcc/Obj/zclParser.o
                0x00008d30                zclDataInd
 .text.zclParserTaskHandler
                0x00008de8      0x81c All_StdlinkSec_SamR21_Atsamr21e18a_Rf233_16Mhz_Gcc/Obj/zclParser.o
                0x00008de8                zclParserTaskHandler
 .text.zclFormRequest
                0x00009604       0x44 All_StdlinkSec_SamR21_Atsamr21e18a_Rf233_16Mhz_Gcc/Obj/zclParser.o
                0x00009604                zclFormRequest
 .text.displayMessagePayloadChecker
                0x00009648        0x8 All_StdlinkSec_SamR21_Atsamr21e18a_Rf233_16Mhz_Gcc/Obj/zclCommandAnalyzer.o
 .text.publishPricePayloadChecker
                0x00009650        0xc All_StdlinkSec_SamR21_Atsamr21e18a_Rf233_16Mhz_Gcc/Obj/zclCommandAnalyzer.o
 .text.zclIsResponseRequiredByPayload
                0x0000965c       0x44 All_StdlinkSec_SamR21_Atsamr21e18a_Rf233_16Mhz_Gcc/Obj/zclCommandAnalyzer.o
                0x0000965c                zclIsResponseRequiredByPayload
 .text.zclIsResponseRequiredByAddrMode
                0x000096a0       0x24 All_StdlinkSec_SamR21_Atsamr21e18a_Rf233_16Mhz_Gcc/Obj/zclCommandAnalyzer.o
                0x000096a0                zclIsResponseRequiredByAddrMode
 .text.zclPostTask
                0x000096c4       0x38 All_StdlinkSec_SamR21_Atsamr21e18a_Rf233_16Mhz_Gcc/Obj/zclTaskManager.o
                0x000096c4                zclPostTask
 .text.ZCL_TaskHandler
                0x000096fc       0x94 All_StdlinkSec_SamR21_Atsamr21e18a_Rf233_16Mhz_Gcc/Obj/zclTaskManager.o
                0x000096fc                ZCL_TaskHandler
 .text.readSignedLE
                0x00009790       0x44 All_StdlinkSec_SamR21_Atsamr21e18a_Rf233_16Mhz_Gcc/Obj/zclAttributes.o
 .text.zclNextEndpoint
                0x000097d4       0x1c All_StdlinkSec_SamR21_Atsamr21e18a_Rf233_16Mhz_Gcc/Obj/zclAttributes.o
                0x000097d4                zclNextEndpoint
 .text.zclGetEndpoint
                0x000097f0       0x1c All_StdlinkSec_SamR21_Atsamr21e18a_Rf233_16Mhz_Gcc/Obj/zclAttributes.o
                0x000097f0                zclGetEndpoint
 .text.ZCL_GetCluster
                0x0000980c       0x4c All_StdlinkSec_SamR21_Atsamr21e18a_Rf233_16Mhz_Gcc/Obj/zclAttributes.o
                0x0000980c                ZCL_GetCluster
 .text.ZCL_GetHeadCluster
                0x00009858       0x14 All_StdlinkSec_SamR21_Atsamr21e18a_Rf233_16Mhz_Gcc/Obj/zclAttributes.o
                0x00009858                ZCL_GetHeadCluster
 .text.ZCL_GetNextCluster
                0x0000986c        0x4 All_StdlinkSec_SamR21_Atsamr21e18a_Rf233_16Mhz_Gcc/Obj/zclAttributes.o
                0x0000986c                ZCL_GetNextCluster
 .text.zclGetCommand
                0x00009870       0x48 All_StdlinkSec_SamR21_Atsamr21e18a_Rf233_16Mhz_Gcc/Obj/zclAttributes.o
                0x00009870                zclGetCommand
 .text.zclGetCommandByCluster
                0x000098b8       0x40 All_StdlinkSec_SamR21_Atsamr21e18a_Rf233_16Mhz_Gcc/Obj/zclAttributes.o
                0x000098b8                zclGetCommandByCluster
 .text.zclGetNextCommand
                0x000098f8        0x4 All_StdlinkSec_SamR21_Atsamr21e18a_Rf233_16Mhz_Gcc/Obj/zclAttributes.o
                0x000098f8                zclGetNextCommand
 .text.zclGetSecurityTypeByClusterId
                0x000098fc       0x30 All_StdlinkSec_SamR21_Atsamr21e18a_Rf233_16Mhz_Gcc/Obj/zclAttributes.o
                0x000098fc                zclGetSecurityTypeByClusterId
 .text.ZCL_GetDataTypeDescriptor
                0x0000992c      0x100 All_StdlinkSec_SamR21_Atsamr21e18a_Rf233_16Mhz_Gcc/Obj/zclAttributes.o
                0x0000992c                ZCL_GetDataTypeDescriptor
 .text.jumpToNextAttribute
                0x00009a2c       0x38 All_StdlinkSec_SamR21_Atsamr21e18a_Rf233_16Mhz_Gcc/Obj/zclAttributes.o
                0x00009a2c                jumpToNextAttribute
 .text.zclGetAttribute
                0x00009a64       0x44 All_StdlinkSec_SamR21_Atsamr21e18a_Rf233_16Mhz_Gcc/Obj/zclAttributes.o
                0x00009a64                zclGetAttribute
 .text.zclGetNextAttribute
                0x00009aa8       0x60 All_StdlinkSec_SamR21_Atsamr21e18a_Rf233_16Mhz_Gcc/Obj/zclAttributes.o
                0x00009aa8                zclGetNextAttribute
 .text.zclReadAttributeValueSafe
                0x00009b08       0x4c All_StdlinkSec_SamR21_Atsamr21e18a_Rf233_16Mhz_Gcc/Obj/zclAttributes.o
                0x00009b08                zclReadAttributeValueSafe
 .text.zclObtainStructureElement
                0x00009b54       0x50 All_StdlinkSec_SamR21_Atsamr21e18a_Rf233_16Mhz_Gcc/Obj/zclAttributes.o
 .text.zclReadIndexedAttribute
                0x00009ba4       0xfc All_StdlinkSec_SamR21_Atsamr21e18a_Rf233_16Mhz_Gcc/Obj/zclAttributes.o
                0x00009ba4                zclReadIndexedAttribute
 .text.isReportingPermitted
                0x00009ca0       0x34 All_StdlinkSec_SamR21_Atsamr21e18a_Rf233_16Mhz_Gcc/Obj/zclAttributes.o
                0x00009ca0                isReportingPermitted
 .text.zclReportOnChangeIfNeeded.isra.0
                0x00009cd4      0x16c All_StdlinkSec_SamR21_Atsamr21e18a_Rf233_16Mhz_Gcc/Obj/zclAttributes.o
 .text.zclWriteAttribute
                0x00009e40      0x240 All_StdlinkSec_SamR21_Atsamr21e18a_Rf233_16Mhz_Gcc/Obj/zclAttributes.o
 .text.zclRemoteWriteAttributeValue
                0x0000a080       0x20 All_StdlinkSec_SamR21_Atsamr21e18a_Rf233_16Mhz_Gcc/Obj/zclAttributes.o
                0x0000a080                zclRemoteWriteAttributeValue
 .text.ZCL_GetAttributeLength
                0x0000a0a0       0x14 All_StdlinkSec_SamR21_Atsamr21e18a_Rf233_16Mhz_Gcc/Obj/zclAttributes.o
                0x0000a0a0                ZCL_GetAttributeLength
 .text.zclRepostTaskTimerFired
                0x0000a0b4       0x18 All_StdlinkSec_SamR21_Atsamr21e18a_Rf233_16Mhz_Gcc/Obj/zcl.o
 .text.reportConfirm
                0x0000a0cc       0x24 All_StdlinkSec_SamR21_Atsamr21e18a_Rf233_16Mhz_Gcc/Obj/zcl.o
 .text.responseConfirm
                0x0000a0f0        0xc All_StdlinkSec_SamR21_Atsamr21e18a_Rf233_16Mhz_Gcc/Obj/zcl.o
 .text.zclWaitTimerFired
                0x0000a0fc       0x98 All_StdlinkSec_SamR21_Atsamr21e18a_Rf233_16Mhz_Gcc/Obj/zcl.o
 .text.zclVerifyConfirmResponseOrder
                0x0000a194       0x64 All_StdlinkSec_SamR21_Atsamr21e18a_Rf233_16Mhz_Gcc/Obj/zcl.o
 .text.zclStartWaitResponseTimer
                0x0000a1f8       0x98 All_StdlinkSec_SamR21_Atsamr21e18a_Rf233_16Mhz_Gcc/Obj/zcl.o
 .text.attributeConfirm
                0x0000a290       0x80 All_StdlinkSec_SamR21_Atsamr21e18a_Rf233_16Mhz_Gcc/Obj/zcl.o
 .text.zclReportTimerFired
                0x0000a310      0x2ec All_StdlinkSec_SamR21_Atsamr21e18a_Rf233_16Mhz_Gcc/Obj/zcl.o
 .text.commandConfirm
                0x0000a5fc       0x6c All_StdlinkSec_SamR21_Atsamr21e18a_Rf233_16Mhz_Gcc/Obj/zcl.o
 .text.ZCL_ResetReq
                0x0000a668       0x54 All_StdlinkSec_SamR21_Atsamr21e18a_Rf233_16Mhz_Gcc/Obj/zcl.o
                0x0000a668                ZCL_ResetReq
 .text.zclStopResponseWaitTimer
                0x0000a6bc       0x10 All_StdlinkSec_SamR21_Atsamr21e18a_Rf233_16Mhz_Gcc/Obj/zcl.o
                0x0000a6bc                zclStopResponseWaitTimer
 .text.zclTaskHandler
                0x0000a6cc      0x2d0 All_StdlinkSec_SamR21_Atsamr21e18a_Rf233_16Mhz_Gcc/Obj/zcl.o
                0x0000a6cc                zclTaskHandler
 .text.zclResponseInd
                0x0000a99c       0x98 All_StdlinkSec_SamR21_Atsamr21e18a_Rf233_16Mhz_Gcc/Obj/zcl.o
                0x0000a99c                zclResponseInd
 .text.zclReportInd
                0x0000aa34       0x78 All_StdlinkSec_SamR21_Atsamr21e18a_Rf233_16Mhz_Gcc/Obj/zcl.o
                0x0000aa34                zclReportInd
 .text.zclAttributeEventInd
                0x0000aaac       0x70 All_StdlinkSec_SamR21_Atsamr21e18a_Rf233_16Mhz_Gcc/Obj/zcl.o
                0x0000aaac                zclAttributeEventInd
 .text.zclCommandInd
                0x0000ab1c       0xd4 All_StdlinkSec_SamR21_Atsamr21e18a_Rf233_16Mhz_Gcc/Obj/zcl.o
                0x0000ab1c                zclCommandInd
 .text.zclReadReportingConfigurationHandler
                0x0000abf0      0x2ac All_StdlinkSec_SamR21_Atsamr21e18a_Rf233_16Mhz_Gcc/Obj/zcl.o
                0x0000abf0                zclReadReportingConfigurationHandler
 .text.zclConfigureReportingHandler
                0x0000ae9c      0x2dc All_StdlinkSec_SamR21_Atsamr21e18a_Rf233_16Mhz_Gcc/Obj/zcl.o
                0x0000ae9c                zclConfigureReportingHandler
 .text.zclApsDataReq
                0x0000b178       0x24 All_StdlinkSec_SamR21_Atsamr21e18a_Rf233_16Mhz_Gcc/Obj/zcl.o
                0x0000b178                zclApsDataReq
 .text.ZCL_IsBusy
                0x0000b19c       0x1c All_StdlinkSec_SamR21_Atsamr21e18a_Rf233_16Mhz_Gcc/Obj/zcl.o
                0x0000b19c                ZCL_IsBusy
 .text.isZclBusyOrPollRequest
                0x0000b1b8       0x58 All_StdlinkSec_SamR21_Atsamr21e18a_Rf233_16Mhz_Gcc/Obj/zcl.o
 .text.zclStartReportTimer
                0x0000b210      0x160 All_StdlinkSec_SamR21_Atsamr21e18a_Rf233_16Mhz_Gcc/Obj/zcl.o
                0x0000b210                zclStartReportTimer
 .text.configureReportingResponseConfirm
                0x0000b370       0x18 All_StdlinkSec_SamR21_Atsamr21e18a_Rf233_16Mhz_Gcc/Obj/zcl.o
 .text.zclMmGetMem
                0x0000b388      0x160 All_StdlinkSec_SamR21_Atsamr21e18a_Rf233_16Mhz_Gcc/Obj/zclMemoryManager.o
                0x0000b388                zclMmGetMem
 .text.zclMmFreeMem
                0x0000b4e8       0x4c All_StdlinkSec_SamR21_Atsamr21e18a_Rf233_16Mhz_Gcc/Obj/zclMemoryManager.o
                0x0000b4e8                zclMmFreeMem
 .text.zclMmGetNextOutputMemDescriptor
                0x0000b534       0x74 All_StdlinkSec_SamR21_Atsamr21e18a_Rf233_16Mhz_Gcc/Obj/zclMemoryManager.o
                0x0000b534                zclMmGetNextOutputMemDescriptor
 .text.sysIdleHandlerSleepConf
                0x0000b5a8        0x4 All_StdlinkSec_SamR21_Atsamr21e18a_Rf233_16Mhz_Gcc/Obj/sysIdleHandler.o
 .text.SYS_IdleHandler
                0x0000b5ac       0x4c All_StdlinkSec_SamR21_Atsamr21e18a_Rf233_16Mhz_Gcc/Obj/sysIdleHandler.o
                0x0000b5ac                SYS_IdleHandler
 .text.SYS_IsSleepWhenIdleEnabled
                0x0000b5f8        0xc All_StdlinkSec_SamR21_Atsamr21e18a_Rf233_16Mhz_Gcc/Obj/sysIdleHandler.o
                0x0000b5f8                SYS_IsSleepWhenIdleEnabled
 .text.SYS_Sleep
                0x0000b604        0x8 All_StdlinkSec_SamR21_Atsamr21e18a_Rf233_16Mhz_Gcc/Obj/sysSleep.o
                0x0000b604                SYS_Sleep
 .text.SYS_SubscribeToEvent
                0x0000b60c       0x7c All_StdlinkSec_SamR21_Atsamr21e18a_Rf233_16Mhz_Gcc/Obj/sysEventsHandler.o
                0x0000b60c                SYS_SubscribeToEvent
 .text.SYS_UnsubscribeFromEvent
                0x0000b688       0x5c All_StdlinkSec_SamR21_Atsamr21e18a_Rf233_16Mhz_Gcc/Obj/sysEventsHandler.o
                0x0000b688                SYS_UnsubscribeFromEvent
 .text.SYS_PostEvent
                0x0000b6e4       0x88 All_StdlinkSec_SamR21_Atsamr21e18a_Rf233_16Mhz_Gcc/Obj/sysEventsHandler.o
                0x0000b6e4                SYS_PostEvent
 .text.SYS_IsEventDeliverable
                0x0000b76c       0x24 All_StdlinkSec_SamR21_Atsamr21e18a_Rf233_16Mhz_Gcc/Obj/sysEventsHandler.o
                0x0000b76c                SYS_IsEventDeliverable
 .text.putQueueElem
                0x0000b790       0x4c All_StdlinkSec_SamR21_Atsamr21e18a_Rf233_16Mhz_Gcc/Obj/sysQueue.o
                0x0000b790                putQueueElem
 .text.deleteHeadQueueElem
                0x0000b7dc       0x10 All_StdlinkSec_SamR21_Atsamr21e18a_Rf233_16Mhz_Gcc/Obj/sysQueue.o
                0x0000b7dc                deleteHeadQueueElem
 .text.deleteQueueElem
                0x0000b7ec       0x3c All_StdlinkSec_SamR21_Atsamr21e18a_Rf233_16Mhz_Gcc/Obj/sysQueue.o
                0x0000b7ec                deleteQueueElem
 .text.isQueueElem
                0x0000b828       0x1c All_StdlinkSec_SamR21_Atsamr21e18a_Rf233_16Mhz_Gcc/Obj/sysQueue.o
                0x0000b828                isQueueElem
 .text.sysRndConfirm
                0x0000b844       0x38 All_StdlinkSec_SamR21_Atsamr21e18a_Rf233_16Mhz_Gcc/Obj/sysUtils.o
 .text.sysUpdateRndSeedTimerFired
                0x0000b87c       0x10 All_StdlinkSec_SamR21_Atsamr21e18a_Rf233_16Mhz_Gcc/Obj/sysUtils.o
 .text.sysStartUpdatingRandSeed
                0x0000b88c       0x2c All_StdlinkSec_SamR21_Atsamr21e18a_Rf233_16Mhz_Gcc/Obj/sysUtils.o
                0x0000b88c                sysStartUpdatingRandSeed
 .text.SYS_GetRandomSequence
                0x0000b8b8       0x40 All_StdlinkSec_SamR21_Atsamr21e18a_Rf233_16Mhz_Gcc/Obj/sysUtils.o
                0x0000b8b8                SYS_GetRandomSequence
 .text.sysStopUpdatingRandSeed
                0x0000b8f8       0x10 All_StdlinkSec_SamR21_Atsamr21e18a_Rf233_16Mhz_Gcc/Obj/sysUtils.o
                0x0000b8f8                sysStopUpdatingRandSeed
 .text.SYS_DefAssertCallbackError
                0x0000b908       0x28 All_StdlinkSec_SamR21_Atsamr21e18a_Rf233_16Mhz_Gcc/Obj/sysAssert.o
                0x0000b908                SYS_DefAssertCallbackError
 .text.SYS_DefAssertCallbackFatal
                0x0000b930       0x28 All_StdlinkSec_SamR21_Atsamr21e18a_Rf233_16Mhz_Gcc/Obj/sysAssert.o
                0x0000b930                SYS_DefAssertCallbackFatal
 .text.SYS_DuplicateTableReset
                0x0000b958       0x7c All_StdlinkSec_SamR21_Atsamr21e18a_Rf233_16Mhz_Gcc/Obj/sysDuplicateTable.o
                0x0000b958                SYS_DuplicateTableReset
 .text.SYS_DuplicateTableCheck
                0x0000b9d4       0xd8 All_StdlinkSec_SamR21_Atsamr21e18a_Rf233_16Mhz_Gcc/Obj/sysDuplicateTable.o
                0x0000b9d4                SYS_DuplicateTableCheck
 .text.SYS_InitZsiLayer
                0x0000baac        0x8 All_StdlinkSec_SamR21_Atsamr21e18a_Rf233_16Mhz_Gcc/Obj/sysInit.o
                0x0000baac                SYS_InitZsiLayer
 .text.SYS_InitZclLayer
                0x0000bab4        0x8 All_StdlinkSec_SamR21_Atsamr21e18a_Rf233_16Mhz_Gcc/Obj/sysInit.o
                0x0000bab4                SYS_InitZclLayer
 .text._sbrk    0x0000babc       0x1c All_StdlinkSec_SamR21_Atsamr21e18a_Rf233_16Mhz_Gcc/Obj/sysInit.o
                0x0000babc                _sbrk
 .text.processManagerTask
                0x0000bad8       0x68 All_StdlinkSec_SamR21_Atsamr21e18a_Rf233_16Mhz_Gcc/Obj/sysTaskManager.o
 .text.SYS_SysInit
                0x0000bb40       0x38 All_StdlinkSec_SamR21_Atsamr21e18a_Rf233_16Mhz_Gcc/Obj/sysTaskManager.o
                0x0000bb40                SYS_SysInit
 .text.SYS_RunTask
                0x0000bb78       0x28 All_StdlinkSec_SamR21_Atsamr21e18a_Rf233_16Mhz_Gcc/Obj/sysTaskManager.o
                0x0000bb78                SYS_RunTask
 .text.SYS_MutexLock
                0x0000bba0       0x34 All_StdlinkSec_SamR21_Atsamr21e18a_Rf233_16Mhz_Gcc/Obj/sysMutex.o
                0x0000bba0                SYS_MutexLock
 .text.SYS_MutexUnlock
                0x0000bbd4       0x84 All_StdlinkSec_SamR21_Atsamr21e18a_Rf233_16Mhz_Gcc/Obj/sysMutex.o
                0x0000bbd4                SYS_MutexUnlock
 .text.SYS_IsMutexLocked
                0x0000bc58       0x2c All_StdlinkSec_SamR21_Atsamr21e18a_Rf233_16Mhz_Gcc/Obj/sysMutex.o
                0x0000bc58                SYS_IsMutexLocked
 .text.SYS_InitTimer
                0x0000bc84       0x28 All_StdlinkSec_SamR21_Atsamr21e18a_Rf233_16Mhz_Gcc/Obj/sysTimer.o
                0x0000bc84                SYS_InitTimer
 .text.SYS_StartTimer
                0x0000bcac       0x14 All_StdlinkSec_SamR21_Atsamr21e18a_Rf233_16Mhz_Gcc/Obj/sysTimer.o
                0x0000bcac                SYS_StartTimer
 .text.SYS_StopTimer
                0x0000bcc0       0x18 All_StdlinkSec_SamR21_Atsamr21e18a_Rf233_16Mhz_Gcc/Obj/sysTimer.o
                0x0000bcc0                SYS_StopTimer
 .text.bspButtonsHandler
                0x0000bcd8       0x90 All_StdlinkSec_SamR21_Atsamr21e18a_Rf233_16Mhz_Gcc/Obj/buttons.o
                0x0000bcd8                bspButtonsHandler
 .text.bspTemperatureSensorHandler
                0x0000bd68       0x14 All_StdlinkSec_SamR21_Atsamr21e18a_Rf233_16Mhz_Gcc/Obj/fakeBSP.o
                0x0000bd68                bspTemperatureSensorHandler
 .text.bspLightSensorHandler
                0x0000bd7c       0x14 All_StdlinkSec_SamR21_Atsamr21e18a_Rf233_16Mhz_Gcc/Obj/fakeBSP.o
                0x0000bd7c                bspLightSensorHandler
 .text.bspEmptyBatteryHandler
                0x0000bd90       0x10 All_StdlinkSec_SamR21_Atsamr21e18a_Rf233_16Mhz_Gcc/Obj/fakeBSP.o
                0x0000bd90                bspEmptyBatteryHandler
 .text.bspEnableJoystickAdcRead
                0x0000bda0       0x10 All_StdlinkSec_SamR21_Atsamr21e18a_Rf233_16Mhz_Gcc/Obj/joyStick.o
                0x0000bda0                bspEnableJoystickAdcRead
 .text.bspJoystickHandler
                0x0000bdb0       0x34 All_StdlinkSec_SamR21_Atsamr21e18a_Rf233_16Mhz_Gcc/Obj/joyStick.o
                0x0000bdb0                bspJoystickHandler
 .text.userCallback
                0x0000bde4        0x4 All_StdlinkSec_SamR21_Atsamr21e18a_Rf233_16Mhz_Gcc/Obj/bspUid.o
 .text.BSP_ReadUid
                0x0000bde8       0x70 All_StdlinkSec_SamR21_Atsamr21e18a_Rf233_16Mhz_Gcc/Obj/bspUid.o
                0x0000bde8                BSP_ReadUid
 .text.BSP_BoardSpecificI2cPinInit
                0x0000be58       0x30 All_StdlinkSec_SamR21_Atsamr21e18a_Rf233_16Mhz_Gcc/Obj/bspI2c.o
                0x0000be58                BSP_BoardSpecificI2cPinInit
 .text.BSP_TaskHandler
                0x0000be88       0x94 All_StdlinkSec_SamR21_Atsamr21e18a_Rf233_16Mhz_Gcc/Obj/bspTaskManager.o
                0x0000be88                BSP_TaskHandler
 .text.csSetToDefault
                0x0000bf1c       0x74 All_StdlinkSec_SamR21_Atsamr21e18a_Rf233_16Mhz_Gcc/Obj/csMem.o
                0x0000bf1c                csSetToDefault
 .text.csGetItem
                0x0000bf90       0x84 All_StdlinkSec_SamR21_Atsamr21e18a_Rf233_16Mhz_Gcc/Obj/configServer.o
 .text.CS_Init  0x0000c014        0xc All_StdlinkSec_SamR21_Atsamr21e18a_Rf233_16Mhz_Gcc/Obj/configServer.o
                0x0000c014                CS_Init
 .text.CS_GetMemory
                0x0000c020       0x38 All_StdlinkSec_SamR21_Atsamr21e18a_Rf233_16Mhz_Gcc/Obj/configServer.o
                0x0000c020                CS_GetMemory
 .text.CS_ReadParameter
                0x0000c058       0x58 All_StdlinkSec_SamR21_Atsamr21e18a_Rf233_16Mhz_Gcc/Obj/configServer.o
                0x0000c058                CS_ReadParameter
 .text.CS_WriteParameter
                0x0000c0b0       0x4c All_StdlinkSec_SamR21_Atsamr21e18a_Rf233_16Mhz_Gcc/Obj/configServer.o
                0x0000c0b0                CS_WriteParameter
 .text.findKey  0x0000c0fc       0x74 ../../../../BitCloud/lib/libBc_All_StdlinkSec_Atsamr21e18a_Rf233_Gcc.a(aps.o)
 .text.apsFreeBuffer
                0x0000c170       0xc4 ../../../../BitCloud/lib/libBc_All_StdlinkSec_Atsamr21e18a_Rf233_Gcc.a(aps.o)
 .text.apsConfirmUpdateDeviceCommand
                0x0000c234       0x2c ../../../../BitCloud/lib/libBc_All_StdlinkSec_Atsamr21e18a_Rf233_Gcc.a(aps.o)
 .text.apsPrepareFragmentedTransmission
                0x0000c260       0xd8 ../../../../BitCloud/lib/libBc_All_StdlinkSec_Atsamr21e18a_Rf233_Gcc.a(aps.o)
 .text.apsPostTask
                0x0000c338       0x34 ../../../../BitCloud/lib/libBc_All_StdlinkSec_Atsamr21e18a_Rf233_Gcc.a(aps.o)
 .text.apsDataManagerNwkDataConf
                0x0000c36c       0x20 ../../../../BitCloud/lib/libBc_All_StdlinkSec_Atsamr21e18a_Rf233_Gcc.a(aps.o)
 .text.commandReqAddressResolvingConf
                0x0000c38c       0x1c ../../../../BitCloud/lib/libBc_All_StdlinkSec_Atsamr21e18a_Rf233_Gcc.a(aps.o)
 .text.dataIndAddrResolvingConf
                0x0000c3a8       0x1c ../../../../BitCloud/lib/libBc_All_StdlinkSec_Atsamr21e18a_Rf233_Gcc.a(aps.o)
 .text.dataReqAddrResolvingConf
                0x0000c3c4       0x1c ../../../../BitCloud/lib/libBc_All_StdlinkSec_Atsamr21e18a_Rf233_Gcc.a(aps.o)
 .text.apsCreateKeyPair
                0x0000c3e0      0x104 ../../../../BitCloud/lib/libBc_All_StdlinkSec_Atsamr21e18a_Rf233_Gcc.a(aps.o)
 .text.apsRemoveDevicePrepare
                0x0000c4e4       0x6c ../../../../BitCloud/lib/libBc_All_StdlinkSec_Atsamr21e18a_Rf233_Gcc.a(aps.o)
 .text.apsCommandReq
                0x0000c550       0x34 ../../../../BitCloud/lib/libBc_All_StdlinkSec_Atsamr21e18a_Rf233_Gcc.a(aps.o)
 .text.apsRequestKeyConf
                0x0000c584       0x30 ../../../../BitCloud/lib/libBc_All_StdlinkSec_Atsamr21e18a_Rf233_Gcc.a(aps.o)
 .text.apsProcessEvent
                0x0000c5b4       0x48 ../../../../BitCloud/lib/libBc_All_StdlinkSec_Atsamr21e18a_Rf233_Gcc.a(aps.o)
 .text.apsSwitchKeyConf
                0x0000c5fc       0x38 ../../../../BitCloud/lib/libBc_All_StdlinkSec_Atsamr21e18a_Rf233_Gcc.a(aps.o)
 .text.apsSwitchKeyPrepare
                0x0000c634       0x4c ../../../../BitCloud/lib/libBc_All_StdlinkSec_Atsamr21e18a_Rf233_Gcc.a(aps.o)
 .text.apsTransportTrustKeyCommand
                0x0000c680       0x54 ../../../../BitCloud/lib/libBc_All_StdlinkSec_Atsamr21e18a_Rf233_Gcc.a(aps.o)
 .text.apsConfirmTransportKeyCommand
                0x0000c6d4       0x40 ../../../../BitCloud/lib/libBc_All_StdlinkSec_Atsamr21e18a_Rf233_Gcc.a(aps.o)
 .text.apsTransportAppKeyCommand
                0x0000c714       0x5c ../../../../BitCloud/lib/libBc_All_StdlinkSec_Atsamr21e18a_Rf233_Gcc.a(aps.o)
 .text.apsGetBuffer
                0x0000c770      0x10c ../../../../BitCloud/lib/libBc_All_StdlinkSec_Atsamr21e18a_Rf233_Gcc.a(aps.o)
 .text.apsMakeNwkDataResp
                0x0000c87c       0x30 ../../../../BitCloud/lib/libBc_All_StdlinkSec_Atsamr21e18a_Rf233_Gcc.a(aps.o)
 .text.apsPrepareUpdateDeviceCommand
                0x0000c8ac       0x80 ../../../../BitCloud/lib/libBc_All_StdlinkSec_Atsamr21e18a_Rf233_Gcc.a(aps.o)
 .text.apsPrepareTransportTrustKeyCommand
                0x0000c92c       0x78 ../../../../BitCloud/lib/libBc_All_StdlinkSec_Atsamr21e18a_Rf233_Gcc.a(aps.o)
 .text.apsPrepareTransportAppKeyCommand
                0x0000c9a4       0x78 ../../../../BitCloud/lib/libBc_All_StdlinkSec_Atsamr21e18a_Rf233_Gcc.a(aps.o)
 .text.apsProcessGroupAddrModeDataReq
                0x0000ca1c      0x144 ../../../../BitCloud/lib/libBc_All_StdlinkSec_Atsamr21e18a_Rf233_Gcc.a(aps.o)
 .text.apsConstructAndSendAck
                0x0000cb60      0x1d8 ../../../../BitCloud/lib/libBc_All_StdlinkSec_Atsamr21e18a_Rf233_Gcc.a(aps.o)
 .text.apsSendAckForFragmentedReceive
                0x0000cd38      0x120 ../../../../BitCloud/lib/libBc_All_StdlinkSec_Atsamr21e18a_Rf233_Gcc.a(aps.o)
 .text.apsCommandNwkDataReq
                0x0000ce58       0x80 ../../../../BitCloud/lib/libBc_All_StdlinkSec_Atsamr21e18a_Rf233_Gcc.a(aps.o)
 .text.apsGroupNwkDataConf
                0x0000ced8       0x40 ../../../../BitCloud/lib/libBc_All_StdlinkSec_Atsamr21e18a_Rf233_Gcc.a(aps.o)
 .text.apsResetMemoryManager
                0x0000cf18       0xf4 ../../../../BitCloud/lib/libBc_All_StdlinkSec_Atsamr21e18a_Rf233_Gcc.a(aps.o)
 .text.apsResetBindingTable
                0x0000d00c       0x5c ../../../../BitCloud/lib/libBc_All_StdlinkSec_Atsamr21e18a_Rf233_Gcc.a(aps.o)
 .text.apsRemoveDeviceConf
                0x0000d068       0x58 ../../../../BitCloud/lib/libBc_All_StdlinkSec_Atsamr21e18a_Rf233_Gcc.a(aps.o)
 .text.apsRequestedKeyReceived
                0x0000d0c0       0xac ../../../../BitCloud/lib/libBc_All_StdlinkSec_Atsamr21e18a_Rf233_Gcc.a(aps.o)
 .text.apsRequestKeyTimerFired
                0x0000d16c       0x60 ../../../../BitCloud/lib/libBc_All_StdlinkSec_Atsamr21e18a_Rf233_Gcc.a(aps.o)
 .text.apsStopConf
                0x0000d1cc       0x4c ../../../../BitCloud/lib/libBc_All_StdlinkSec_Atsamr21e18a_Rf233_Gcc.a(aps.o)
 .text.apsTransportKeyTaskHandler
                0x0000d218      0x1c4 ../../../../BitCloud/lib/libBc_All_StdlinkSec_Atsamr21e18a_Rf233_Gcc.a(aps.o)
 .text.apsPrepareTunnelCommand
                0x0000d3dc       0x78 ../../../../BitCloud/lib/libBc_All_StdlinkSec_Atsamr21e18a_Rf233_Gcc.a(aps.o)
 .text.apsCommandEncryptConf
                0x0000d454       0xa4 ../../../../BitCloud/lib/libBc_All_StdlinkSec_Atsamr21e18a_Rf233_Gcc.a(aps.o)
 .text.apsTransportTrustKeyToChildConf
                0x0000d4f8       0x28 ../../../../BitCloud/lib/libBc_All_StdlinkSec_Atsamr21e18a_Rf233_Gcc.a(aps.o)
 .text.apsSendNwkKeyToChildConf
                0x0000d520       0x48 ../../../../BitCloud/lib/libBc_All_StdlinkSec_Atsamr21e18a_Rf233_Gcc.a(aps.o)
 .text.apsSwitchKeyInd
                0x0000d568       0x5c ../../../../BitCloud/lib/libBc_All_StdlinkSec_Atsamr21e18a_Rf233_Gcc.a(aps.o)
 .text.apsRequestKeyInd
                0x0000d5c4       0x64 ../../../../BitCloud/lib/libBc_All_StdlinkSec_Atsamr21e18a_Rf233_Gcc.a(aps.o)
 .text.apsRemoveDeviceInd
                0x0000d628       0x80 ../../../../BitCloud/lib/libBc_All_StdlinkSec_Atsamr21e18a_Rf233_Gcc.a(aps.o)
 .text.apsUpdateDeviceInd
                0x0000d6a8       0x98 ../../../../BitCloud/lib/libBc_All_StdlinkSec_Atsamr21e18a_Rf233_Gcc.a(aps.o)
 .text.apsStartAckTimer
                0x0000d740      0x15c ../../../../BitCloud/lib/libBc_All_StdlinkSec_Atsamr21e18a_Rf233_Gcc.a(aps.o)
 .text.apsAckForFragmentedReceiveConfirmHandler
                0x0000d89c       0x7c ../../../../BitCloud/lib/libBc_All_StdlinkSec_Atsamr21e18a_Rf233_Gcc.a(aps.o)
 .text.apsAckOnTimerFired
                0x0000d918      0x110 ../../../../BitCloud/lib/libBc_All_StdlinkSec_Atsamr21e18a_Rf233_Gcc.a(aps.o)
 .text.apsFindBindingEntry
                0x0000da28       0xe0 ../../../../BitCloud/lib/libBc_All_StdlinkSec_Atsamr21e18a_Rf233_Gcc.a(aps.o)
 .text.apsCommandReqTaskHandler
                0x0000db08       0xdc ../../../../BitCloud/lib/libBc_All_StdlinkSec_Atsamr21e18a_Rf233_Gcc.a(aps.o)
 .text.apsIsFragmentationDataReq
                0x0000dbe4       0x30 ../../../../BitCloud/lib/libBc_All_StdlinkSec_Atsamr21e18a_Rf233_Gcc.a(aps.o)
 .text.apsProcessShortAddrModeDataReq
                0x0000dc14      0x2e0 ../../../../BitCloud/lib/libBc_All_StdlinkSec_Atsamr21e18a_Rf233_Gcc.a(aps.o)
 .text.apsSendNextBlock
                0x0000def4       0x18 ../../../../BitCloud/lib/libBc_All_StdlinkSec_Atsamr21e18a_Rf233_Gcc.a(aps.o)
 .text.apsGetHeaderSize
                0x0000df0c       0x50 ../../../../BitCloud/lib/libBc_All_StdlinkSec_Atsamr21e18a_Rf233_Gcc.a(aps.o)
 .text.apsMakeApsDataConf
                0x0000df5c       0x58 ../../../../BitCloud/lib/libBc_All_StdlinkSec_Atsamr21e18a_Rf233_Gcc.a(aps.o)
 .text.apsIsValidBindingParameters
                0x0000dfb4       0x78 ../../../../BitCloud/lib/libBc_All_StdlinkSec_Atsamr21e18a_Rf233_Gcc.a(aps.o)
 .text.apsIsGlobalLinkKey.isra.13
                0x0000e02c       0x30 ../../../../BitCloud/lib/libBc_All_StdlinkSec_Atsamr21e18a_Rf233_Gcc.a(aps.o)
 .text.apsExtractOutSecCounter.isra.14
                0x0000e05c       0x68 ../../../../BitCloud/lib/libBc_All_StdlinkSec_Atsamr21e18a_Rf233_Gcc.a(aps.o)
 .text.apsGetUpdatedOutFrameCounter.isra.16
                0x0000e0c4       0x88 ../../../../BitCloud/lib/libBc_All_StdlinkSec_Atsamr21e18a_Rf233_Gcc.a(aps.o)
 .text.apsGetAckByDataBuffer.isra.18
                0x0000e14c       0x58 ../../../../BitCloud/lib/libBc_All_StdlinkSec_Atsamr21e18a_Rf233_Gcc.a(aps.o)
 .text.apsForwardKeyToChild.isra.24
                0x0000e1a4       0xac ../../../../BitCloud/lib/libBc_All_StdlinkSec_Atsamr21e18a_Rf233_Gcc.a(aps.o)
 .text.apsTunnelInd
                0x0000e250       0x88 ../../../../BitCloud/lib/libBc_All_StdlinkSec_Atsamr21e18a_Rf233_Gcc.a(aps.o)
 .text.APS_GetOwnTcMode.part.31
                0x0000e2d8       0x24 ../../../../BitCloud/lib/libBc_All_StdlinkSec_Atsamr21e18a_Rf233_Gcc.a(aps.o)
 .text.apsPrepareTransportNwkKeyCommand
                0x0000e2fc       0xec ../../../../BitCloud/lib/libBc_All_StdlinkSec_Atsamr21e18a_Rf233_Gcc.a(aps.o)
 .text.apsAuthReqTaskHandler
                0x0000e3e8       0x6c ../../../../BitCloud/lib/libBc_All_StdlinkSec_Atsamr21e18a_Rf233_Gcc.a(aps.o)
 .text.apsNextBind
                0x0000e454       0xac ../../../../BitCloud/lib/libBc_All_StdlinkSec_Atsamr21e18a_Rf233_Gcc.a(aps.o)
 .text.apsSendToNextBoundDevice
                0x0000e500       0xe8 ../../../../BitCloud/lib/libBc_All_StdlinkSec_Atsamr21e18a_Rf233_Gcc.a(aps.o)
 .text.bindDataReqAddrResolvingConf
                0x0000e5e8       0x6c ../../../../BitCloud/lib/libBc_All_StdlinkSec_Atsamr21e18a_Rf233_Gcc.a(aps.o)
                0x0000e5e8                bindDataReqAddrResolvingConf
 .text.apsProcessIndirectDataReq
                0x0000e654       0x40 ../../../../BitCloud/lib/libBc_All_StdlinkSec_Atsamr21e18a_Rf233_Gcc.a(aps.o)
 .text.apsHandleTransmittedData
                0x0000e694      0x100 ../../../../BitCloud/lib/libBc_All_StdlinkSec_Atsamr21e18a_Rf233_Gcc.a(aps.o)
 .text.apsSmDecryptSentFrameConf
                0x0000e794       0x28 ../../../../BitCloud/lib/libBc_All_StdlinkSec_Atsamr21e18a_Rf233_Gcc.a(aps.o)
 .text.apsEncryptDataFrameConf
                0x0000e7bc       0x44 ../../../../BitCloud/lib/libBc_All_StdlinkSec_Atsamr21e18a_Rf233_Gcc.a(aps.o)
 .text.apsSmEncryptDataConf
                0x0000e800       0x30 ../../../../BitCloud/lib/libBc_All_StdlinkSec_Atsamr21e18a_Rf233_Gcc.a(aps.o)
 .text.apsTransportNwkKeyCommand
                0x0000e830       0x98 ../../../../BitCloud/lib/libBc_All_StdlinkSec_Atsamr21e18a_Rf233_Gcc.a(aps.o)
 .text.APS_AuthenticateReq
                0x0000e8c8       0x70 ../../../../BitCloud/lib/libBc_All_StdlinkSec_Atsamr21e18a_Rf233_Gcc.a(aps.o)
                0x0000e8c8                APS_AuthenticateReq
 .text.APS_BindReq
                0x0000e938       0xc4 ../../../../BitCloud/lib/libBc_All_StdlinkSec_Atsamr21e18a_Rf233_Gcc.a(aps.o)
                0x0000e938                APS_BindReq
 .text.APS_FreeBindingEntry
                0x0000e9fc       0x58 ../../../../BitCloud/lib/libBc_All_StdlinkSec_Atsamr21e18a_Rf233_Gcc.a(aps.o)
                0x0000e9fc                APS_FreeBindingEntry
 .text.APS_UnbindReq
                0x0000ea54       0x28 ../../../../BitCloud/lib/libBc_All_StdlinkSec_Atsamr21e18a_Rf233_Gcc.a(aps.o)
                0x0000ea54                APS_UnbindReq
 .text.APS_NextBindingEntry
                0x0000ea7c       0x48 ../../../../BitCloud/lib/libBc_All_StdlinkSec_Atsamr21e18a_Rf233_Gcc.a(aps.o)
                0x0000ea7c                APS_NextBindingEntry
 .text.APS_DataReq
                0x0000eac4       0x20 ../../../../BitCloud/lib/libBc_All_StdlinkSec_Atsamr21e18a_Rf233_Gcc.a(aps.o)
                0x0000eac4                APS_DataReq
 .text.NWK_DataInd
                0x0000eae4       0x20 ../../../../BitCloud/lib/libBc_All_StdlinkSec_Atsamr21e18a_Rf233_Gcc.a(aps.o)
                0x0000eae4                NWK_DataInd
 .text.APS_CalculateTimes
                0x0000eb04       0xf4 ../../../../BitCloud/lib/libBc_All_StdlinkSec_Atsamr21e18a_Rf233_Gcc.a(aps.o)
                0x0000eb04                APS_CalculateTimes
 .text.apsResetDataManager
                0x0000ebf8       0xb4 ../../../../BitCloud/lib/libBc_All_StdlinkSec_Atsamr21e18a_Rf233_Gcc.a(aps.o)
 .text.apsNwkResetConf
                0x0000ecac      0x1f4 ../../../../BitCloud/lib/libBc_All_StdlinkSec_Atsamr21e18a_Rf233_Gcc.a(aps.o)
 .text.apsStateMachineTaskHandler
                0x0000eea0       0xfc ../../../../BitCloud/lib/libBc_All_StdlinkSec_Atsamr21e18a_Rf233_Gcc.a(aps.o)
 .text.APS_IsProfileIdMatched
                0x0000ef9c       0x54 ../../../../BitCloud/lib/libBc_All_StdlinkSec_Atsamr21e18a_Rf233_Gcc.a(aps.o)
                0x0000ef9c                APS_IsProfileIdMatched
 .text.apsGroupIndication
                0x0000eff0       0xa0 ../../../../BitCloud/lib/libBc_All_StdlinkSec_Atsamr21e18a_Rf233_Gcc.a(aps.o)
 .text.apsUnicastDataInd
                0x0000f090      0x220 ../../../../BitCloud/lib/libBc_All_StdlinkSec_Atsamr21e18a_Rf233_Gcc.a(aps.o)
 .text.apsApduUnicastHandler
                0x0000f2b0      0x358 ../../../../BitCloud/lib/libBc_All_StdlinkSec_Atsamr21e18a_Rf233_Gcc.a(aps.o)
 .text.APS_NextEndpoint
                0x0000f608       0x14 ../../../../BitCloud/lib/libBc_All_StdlinkSec_Atsamr21e18a_Rf233_Gcc.a(aps.o)
                0x0000f608                APS_NextEndpoint
 .text.NWK_IntrpDataInd
                0x0000f61c       0xf8 ../../../../BitCloud/lib/libBc_All_StdlinkSec_Atsamr21e18a_Rf233_Gcc.a(aps.o)
                0x0000f61c                NWK_IntrpDataInd
 .text.APS_FindKeys
                0x0000f714       0x94 ../../../../BitCloud/lib/libBc_All_StdlinkSec_Atsamr21e18a_Rf233_Gcc.a(aps.o)
                0x0000f714                APS_FindKeys
 .text.apsIsAllowedCommand
                0x0000f7a8       0x88 ../../../../BitCloud/lib/libBc_All_StdlinkSec_Atsamr21e18a_Rf233_Gcc.a(aps.o)
                0x0000f7a8                apsIsAllowedCommand
 .text.apsUnsecuredNwkDataIndHandler
                0x0000f830       0x90 ../../../../BitCloud/lib/libBc_All_StdlinkSec_Atsamr21e18a_Rf233_Gcc.a(aps.o)
 .text.apsContinueNwkDataIndProcessing
                0x0000f8c0      0x350 ../../../../BitCloud/lib/libBc_All_StdlinkSec_Atsamr21e18a_Rf233_Gcc.a(aps.o)
 .text.apsDataTaskHandler
                0x0000fc10      0x8f0 ../../../../BitCloud/lib/libBc_All_StdlinkSec_Atsamr21e18a_Rf233_Gcc.a(aps.o)
 .text.apsTransportKeyInd
                0x00010500      0x214 ../../../../BitCloud/lib/libBc_All_StdlinkSec_Atsamr21e18a_Rf233_Gcc.a(aps.o)
 .text.apsCommandEncryptReq
                0x00010714      0x114 ../../../../BitCloud/lib/libBc_All_StdlinkSec_Atsamr21e18a_Rf233_Gcc.a(aps.o)
 .text.apsCommandNwkDataConf
                0x00010828       0x4c ../../../../BitCloud/lib/libBc_All_StdlinkSec_Atsamr21e18a_Rf233_Gcc.a(aps.o)
 .text.apsCommandAllocDataConf
                0x00010874       0xf8 ../../../../BitCloud/lib/libBc_All_StdlinkSec_Atsamr21e18a_Rf233_Gcc.a(aps.o)
 .text.apsDecryptAnyFrame.constprop.33
                0x0001096c      0x2a0 ../../../../BitCloud/lib/libBc_All_StdlinkSec_Atsamr21e18a_Rf233_Gcc.a(aps.o)
 .text.apsSecurityTaskHandler
                0x00010c0c      0x25c ../../../../BitCloud/lib/libBc_All_StdlinkSec_Atsamr21e18a_Rf233_Gcc.a(aps.o)
 .text.APS_SetLinkKey
                0x00010e68       0x6c ../../../../BitCloud/lib/libBc_All_StdlinkSec_Atsamr21e18a_Rf233_Gcc.a(aps.o)
                0x00010e68                APS_SetLinkKey
 .text.APS_SetMasterKey
                0x00010ed4       0x78 ../../../../BitCloud/lib/libBc_All_StdlinkSec_Atsamr21e18a_Rf233_Gcc.a(aps.o)
                0x00010ed4                APS_SetMasterKey
 .text.APS_NextKeys
                0x00010f4c       0x88 ../../../../BitCloud/lib/libBc_All_StdlinkSec_Atsamr21e18a_Rf233_Gcc.a(aps.o)
                0x00010f4c                APS_NextKeys
 .text.apsSmDecryptIncommingFrameConf
                0x00010fd4      0x124 ../../../../BitCloud/lib/libBc_All_StdlinkSec_Atsamr21e18a_Rf233_Gcc.a(aps.o)
 .text.APS_SetAuthorizedStatus
                0x000110f8       0x4c ../../../../BitCloud/lib/libBc_All_StdlinkSec_Atsamr21e18a_Rf233_Gcc.a(aps.o)
                0x000110f8                APS_SetAuthorizedStatus
 .text.APS_MarkGlobalKeyAsPrimary
                0x00011144       0x70 ../../../../BitCloud/lib/libBc_All_StdlinkSec_Atsamr21e18a_Rf233_Gcc.a(aps.o)
                0x00011144                APS_MarkGlobalKeyAsPrimary
 .text.APS_UpdateGlobalTCKey
                0x000111b4       0x68 ../../../../BitCloud/lib/libBc_All_StdlinkSec_Atsamr21e18a_Rf233_Gcc.a(aps.o)
                0x000111b4                APS_UpdateGlobalTCKey
 .text.APS_AreKeysAuthorized
                0x0001121c       0x30 ../../../../BitCloud/lib/libBc_All_StdlinkSec_Atsamr21e18a_Rf233_Gcc.a(aps.o)
                0x0001121c                APS_AreKeysAuthorized
 .text.APS_ResetKeys
                0x0001124c       0xf0 ../../../../BitCloud/lib/libBc_All_StdlinkSec_Atsamr21e18a_Rf233_Gcc.a(aps.o)
                0x0001124c                APS_ResetKeys
 .text.APS_InitKeyPairSet
                0x0001133c       0x68 ../../../../BitCloud/lib/libBc_All_StdlinkSec_Atsamr21e18a_Rf233_Gcc.a(aps.o)
                0x0001133c                APS_InitKeyPairSet
 .text.APS_GetKeyPairDeviceAddress
                0x000113a4       0x2c ../../../../BitCloud/lib/libBc_All_StdlinkSec_Atsamr21e18a_Rf233_Gcc.a(aps.o)
                0x000113a4                APS_GetKeyPairDeviceAddress
 .text.APS_SetDefaultTcLinkKey
                0x000113d0       0x40 ../../../../BitCloud/lib/libBc_All_StdlinkSec_Atsamr21e18a_Rf233_Gcc.a(aps.o)
                0x000113d0                APS_SetDefaultTcLinkKey
 .text.APS_RemoveDeviceReq
                0x00011410       0x58 ../../../../BitCloud/lib/libBc_All_StdlinkSec_Atsamr21e18a_Rf233_Gcc.a(aps.o)
                0x00011410                APS_RemoveDeviceReq
 .text.APS_Init
                0x00011468       0x30 ../../../../BitCloud/lib/libBc_All_StdlinkSec_Atsamr21e18a_Rf233_Gcc.a(aps.o)
                0x00011468                APS_Init
 .text.APS_ResetReq
                0x00011498       0x40 ../../../../BitCloud/lib/libBc_All_StdlinkSec_Atsamr21e18a_Rf233_Gcc.a(aps.o)
                0x00011498                APS_ResetReq
 .text.APS_StartReq
                0x000114d8       0x24 ../../../../BitCloud/lib/libBc_All_StdlinkSec_Atsamr21e18a_Rf233_Gcc.a(aps.o)
                0x000114d8                APS_StartReq
 .text.APS_StopReq
                0x000114fc       0x24 ../../../../BitCloud/lib/libBc_All_StdlinkSec_Atsamr21e18a_Rf233_Gcc.a(aps.o)
                0x000114fc                APS_StopReq
 .text.APS_IsActiveTransaction
                0x00011520       0x7c ../../../../BitCloud/lib/libBc_All_StdlinkSec_Atsamr21e18a_Rf233_Gcc.a(aps.o)
                0x00011520                APS_IsActiveTransaction
 .text.isApsBusyOrPollCheck
                0x0001159c       0x6c ../../../../BitCloud/lib/libBc_All_StdlinkSec_Atsamr21e18a_Rf233_Gcc.a(aps.o)
 .text.APS_HandleLeave
                0x00011608       0x44 ../../../../BitCloud/lib/libBc_All_StdlinkSec_Atsamr21e18a_Rf233_Gcc.a(aps.o)
                0x00011608                APS_HandleLeave
 .text.APS_SwitchKeyReq
                0x0001164c       0x5c ../../../../BitCloud/lib/libBc_All_StdlinkSec_Atsamr21e18a_Rf233_Gcc.a(aps.o)
                0x0001164c                APS_SwitchKeyReq
 .text.APS_TaskHandler
                0x000116a8       0x9c ../../../../BitCloud/lib/libBc_All_StdlinkSec_Atsamr21e18a_Rf233_Gcc.a(aps.o)
                0x000116a8                APS_TaskHandler
 .text.APS_TransportKeyReq
                0x00011744       0x34 ../../../../BitCloud/lib/libBc_All_StdlinkSec_Atsamr21e18a_Rf233_Gcc.a(aps.o)
                0x00011744                APS_TransportKeyReq
 .text.APS_SetTrustCenterAddress
                0x00011778       0x5c ../../../../BitCloud/lib/libBc_All_StdlinkSec_Atsamr21e18a_Rf233_Gcc.a(aps.o)
                0x00011778                APS_SetTrustCenterAddress
 .text.APS_UpdateDeviceReq
                0x000117d4       0x5c ../../../../BitCloud/lib/libBc_All_StdlinkSec_Atsamr21e18a_Rf233_Gcc.a(aps.o)
                0x000117d4                APS_UpdateDeviceReq
 .text.APS_IsTcAddress
                0x00011830       0x1c ../../../../BitCloud/lib/libBc_All_StdlinkSec_Atsamr21e18a_Rf233_Gcc.a(aps.o)
                0x00011830                APS_IsTcAddress
 .text.APS_GetTrustCenterAddress
                0x0001184c        0x8 ../../../../BitCloud/lib/libBc_All_StdlinkSec_Atsamr21e18a_Rf233_Gcc.a(aps.o)
                0x0001184c                APS_GetTrustCenterAddress
 .text.APS_GetTrustCenterNwkAddress
                0x00011854        0x8 ../../../../BitCloud/lib/libBc_All_StdlinkSec_Atsamr21e18a_Rf233_Gcc.a(aps.o)
                0x00011854                APS_GetTrustCenterNwkAddress
 .text.APS_GetOwnTcMode
                0x0001185c       0x20 ../../../../BitCloud/lib/libBc_All_StdlinkSec_Atsamr21e18a_Rf233_Gcc.a(aps.o)
                0x0001185c                APS_GetOwnTcMode
 .text.APS_IsTrustCenter
                0x0001187c       0x24 ../../../../BitCloud/lib/libBc_All_StdlinkSec_Atsamr21e18a_Rf233_Gcc.a(aps.o)
                0x0001187c                APS_IsTrustCenter
 .text.APS_IsTrustedAddress
                0x000118a0       0x28 ../../../../BitCloud/lib/libBc_All_StdlinkSec_Atsamr21e18a_Rf233_Gcc.a(aps.o)
                0x000118a0                APS_IsTrustedAddress
 .text.getSymbolsPerOctet
                0x000118c8       0x30 ../../../../BitCloud/lib/libBc_All_StdlinkSec_Atsamr21e18a_Rf233_Gcc.a(macenvPib.o)
 .text.storeTransmitPower
                0x000118f8       0x6c ../../../../BitCloud/lib/libBc_All_StdlinkSec_Atsamr21e18a_Rf233_Gcc.a(macenvPib.o)
 .text.macenvGetPhySymbolDuration
                0x00011964       0x48 ../../../../BitCloud/lib/libBc_All_StdlinkSec_Atsamr21e18a_Rf233_Gcc.a(macenvPib.o)
                0x00011964                macenvGetPhySymbolDuration
 .text.macenvConvertTransPersistTimeFromUnitsToMs
                0x000119ac       0x1c ../../../../BitCloud/lib/libBc_All_StdlinkSec_Atsamr21e18a_Rf233_Gcc.a(macenvPib.o)
                0x000119ac                macenvConvertTransPersistTimeFromUnitsToMs
 .text.updateMaxFrameTxTime
                0x000119c8       0x30 ../../../../BitCloud/lib/libBc_All_StdlinkSec_Atsamr21e18a_Rf233_Gcc.a(macenvPib.o)
 .text.macenvResetPib
                0x000119f8       0xbc ../../../../BitCloud/lib/libBc_All_StdlinkSec_Atsamr21e18a_Rf233_Gcc.a(macenvPib.o)
                0x000119f8                macenvResetPib
 .text.macenvSetPibAttr
                0x00011ab4      0x1d0 ../../../../BitCloud/lib/libBc_All_StdlinkSec_Atsamr21e18a_Rf233_Gcc.a(macenvPib.o)
                0x00011ab4                macenvSetPibAttr
 .text.macenvGetPibAttr
                0x00011c84      0x1d0 ../../../../BitCloud/lib/libBc_All_StdlinkSec_Atsamr21e18a_Rf233_Gcc.a(macenvPib.o)
                0x00011c84                macenvGetPibAttr
 .text.macenvCalculateMaxFrameTotalWaitTimeInMs
                0x00011e54       0x84 ../../../../BitCloud/lib/libBc_All_StdlinkSec_Atsamr21e18a_Rf233_Gcc.a(macenvPib.o)
                0x00011e54                macenvCalculateMaxFrameTotalWaitTimeInMs
 .text.macenvCalculateResponceWaitTimeInMs
                0x00011ed8       0x24 ../../../../BitCloud/lib/libBc_All_StdlinkSec_Atsamr21e18a_Rf233_Gcc.a(macenvPib.o)
                0x00011ed8                macenvCalculateResponceWaitTimeInMs
 .text.MAC_GetExtAddr
                0x00011efc        0x8 ../../../../BitCloud/lib/libBc_All_StdlinkSec_Atsamr21e18a_Rf233_Gcc.a(macenvPib.o)
                0x00011efc                MAC_GetExtAddr
 .text.MAC_IsOwnExtAddr
                0x00011f04       0x20 ../../../../BitCloud/lib/libBc_All_StdlinkSec_Atsamr21e18a_Rf233_Gcc.a(macenvPib.o)
                0x00011f04                MAC_IsOwnExtAddr
 .text.MAC_GetOctetsTransmissionTimeInMs
                0x00011f24       0x1c ../../../../BitCloud/lib/libBc_All_StdlinkSec_Atsamr21e18a_Rf233_Gcc.a(macenvPib.o)
                0x00011f24                MAC_GetOctetsTransmissionTimeInMs
 .text.postNewMacRequest
                0x00011f40       0x40 ../../../../BitCloud/lib/libBc_All_StdlinkSec_Atsamr21e18a_Rf233_Gcc.a(machwdManager.o)
 .text.putReqInQueue
                0x00011f80       0x1c ../../../../BitCloud/lib/libBc_All_StdlinkSec_Atsamr21e18a_Rf233_Gcc.a(machwdManager.o)
 .text.MACHWD_DataReq
                0x00011f9c        0xc ../../../../BitCloud/lib/libBc_All_StdlinkSec_Atsamr21e18a_Rf233_Gcc.a(machwdManager.o)
                0x00011f9c                MACHWD_DataReq
 .text.MACHWD_SetTrxStateReq
                0x00011fa8        0xc ../../../../BitCloud/lib/libBc_All_StdlinkSec_Atsamr21e18a_Rf233_Gcc.a(machwdManager.o)
                0x00011fa8                MACHWD_SetTrxStateReq
 .text.MACHWD_SetReq
                0x00011fb4        0xc ../../../../BitCloud/lib/libBc_All_StdlinkSec_Atsamr21e18a_Rf233_Gcc.a(machwdManager.o)
                0x00011fb4                MACHWD_SetReq
 .text.MACHWD_EdReq
                0x00011fc0        0xc ../../../../BitCloud/lib/libBc_All_StdlinkSec_Atsamr21e18a_Rf233_Gcc.a(machwdManager.o)
                0x00011fc0                MACHWD_EdReq
 .text.RF_EncryptReq
                0x00011fcc        0xc ../../../../BitCloud/lib/libBc_All_StdlinkSec_Atsamr21e18a_Rf233_Gcc.a(machwdManager.o)
                0x00011fcc                RF_EncryptReq
 .text.RF_RandomReq
                0x00011fd8       0x14 ../../../../BitCloud/lib/libBc_All_StdlinkSec_Atsamr21e18a_Rf233_Gcc.a(machwdManager.o)
                0x00011fd8                RF_RandomReq
 .text.MACHWD_Reset
                0x00011fec       0x40 ../../../../BitCloud/lib/libBc_All_StdlinkSec_Atsamr21e18a_Rf233_Gcc.a(machwdManager.o)
                0x00011fec                MACHWD_Reset
 .text.MAC_PHY_HWD_TaskHandler
                0x0001202c      0x200 ../../../../BitCloud/lib/libBc_All_StdlinkSec_Atsamr21e18a_Rf233_Gcc.a(machwdManager.o)
                0x0001202c                MAC_PHY_HWD_TaskHandler
 .text.machwdSendConf2UpperLayer
                0x0001222c       0x7c ../../../../BitCloud/lib/libBc_All_StdlinkSec_Atsamr21e18a_Rf233_Gcc.a(machwdManager.o)
                0x0001222c                machwdSendConf2UpperLayer
 .text.machwdRegAccessReqHandler
                0x000122a8       0x48 ../../../../BitCloud/lib/libBc_All_StdlinkSec_Atsamr21e18a_Rf233_Gcc.a(machwdRegAccessHandler.o)
                0x000122a8                machwdRegAccessReqHandler
 .text.machwdRegAccessTaskHandler
                0x000122f0       0x40 ../../../../BitCloud/lib/libBc_All_StdlinkSec_Atsamr21e18a_Rf233_Gcc.a(machwdRegAccessHandler.o)
                0x000122f0                machwdRegAccessTaskHandler
 .text.machwdReset
                0x00012330       0x80 ../../../../BitCloud/lib/libBc_All_StdlinkSec_Atsamr21e18a_Rf233_Gcc.a(machwdResetHandler.o)
                0x00012330                machwdReset
 .text.machwdRndReqHandler
                0x000123b0       0x30 ../../../../BitCloud/lib/libBc_All_StdlinkSec_Atsamr21e18a_Rf233_Gcc.a(machwdRndHandler.o)
                0x000123b0                machwdRndReqHandler
 .text.machwdRndTaskHandler
                0x000123e0       0x28 ../../../../BitCloud/lib/libBc_All_StdlinkSec_Atsamr21e18a_Rf233_Gcc.a(machwdRndHandler.o)
                0x000123e0                machwdRndTaskHandler
 .text.machwdResetRndHandler
                0x00012408        0xc ../../../../BitCloud/lib/libBc_All_StdlinkSec_Atsamr21e18a_Rf233_Gcc.a(machwdRndHandler.o)
                0x00012408                machwdResetRndHandler
 .text.machwdResetRxBuffers
                0x00012414       0x88 ../../../../BitCloud/lib/libBc_All_StdlinkSec_Atsamr21e18a_Rf233_Gcc.a(machwdRxBuffer.o)
                0x00012414                machwdResetRxBuffers
 .text.machwdNextBuffer
                0x0001249c       0x18 ../../../../BitCloud/lib/libBc_All_StdlinkSec_Atsamr21e18a_Rf233_Gcc.a(machwdRxBuffer.o)
                0x0001249c                machwdNextBuffer
 .text.machwdReleaseBuffer
                0x000124b4       0x48 ../../../../BitCloud/lib/libBc_All_StdlinkSec_Atsamr21e18a_Rf233_Gcc.a(machwdRxBuffer.o)
                0x000124b4                machwdReleaseBuffer
 .text.machwdNextBufferPresent
                0x000124fc       0x28 ../../../../BitCloud/lib/libBc_All_StdlinkSec_Atsamr21e18a_Rf233_Gcc.a(machwdRxBuffer.o)
                0x000124fc                machwdNextBufferPresent
 .text.checkRxBuffer
                0x00012524       0xa0 ../../../../BitCloud/lib/libBc_All_StdlinkSec_Atsamr21e18a_Rf233_Gcc.a(machwdRxFrameHandler.o)
 .text.machwdPerformIndicationFromBuffer.part.1
                0x000125c4       0x6c ../../../../BitCloud/lib/libBc_All_StdlinkSec_Atsamr21e18a_Rf233_Gcc.a(machwdRxFrameHandler.o)
 .text.machwdDataReqIndTaskHandler
                0x00012630       0x90 ../../../../BitCloud/lib/libBc_All_StdlinkSec_Atsamr21e18a_Rf233_Gcc.a(machwdRxFrameHandler.o)
                0x00012630                machwdDataReqIndTaskHandler
 .text.machwdRxFrameIndTaskHandler
                0x000126c0       0x80 ../../../../BitCloud/lib/libBc_All_StdlinkSec_Atsamr21e18a_Rf233_Gcc.a(machwdRxFrameHandler.o)
                0x000126c0                machwdRxFrameIndTaskHandler
 .text.executeSetReq
                0x00012740       0x68 ../../../../BitCloud/lib/libBc_All_StdlinkSec_Atsamr21e18a_Rf233_Gcc.a(machwdSetHandler.o)
 .text.machwdSetReqHandler
                0x000127a8       0xc0 ../../../../BitCloud/lib/libBc_All_StdlinkSec_Atsamr21e18a_Rf233_Gcc.a(machwdSetHandler.o)
                0x000127a8                machwdSetReqHandler
 .text.machwdSetTaskHandler
                0x00012868       0x24 ../../../../BitCloud/lib/libBc_All_StdlinkSec_Atsamr21e18a_Rf233_Gcc.a(machwdSetHandler.o)
                0x00012868                machwdSetTaskHandler
 .text.machwdResetSetHandler
                0x0001288c       0x10 ../../../../BitCloud/lib/libBc_All_StdlinkSec_Atsamr21e18a_Rf233_Gcc.a(machwdSetHandler.o)
                0x0001288c                machwdResetSetHandler
 .text.machwdGetPhyTrxCmd
                0x0001289c       0x18 ../../../../BitCloud/lib/libBc_All_StdlinkSec_Atsamr21e18a_Rf233_Gcc.a(machwdTrxCtrl.o)
                0x0001289c                machwdGetPhyTrxCmd
 .text.machwdConvertTrxCmdToTrxState
                0x000128b4       0x18 ../../../../BitCloud/lib/libBc_All_StdlinkSec_Atsamr21e18a_Rf233_Gcc.a(machwdTrxCtrl.o)
                0x000128b4                machwdConvertTrxCmdToTrxState
 .text.machwdConvertTrxStateToTrxCmd
                0x000128cc       0x18 ../../../../BitCloud/lib/libBc_All_StdlinkSec_Atsamr21e18a_Rf233_Gcc.a(machwdTrxCtrl.o)
                0x000128cc                machwdConvertTrxStateToTrxCmd
 .text.machwdTrxReqHandler
                0x000128e4       0x44 ../../../../BitCloud/lib/libBc_All_StdlinkSec_Atsamr21e18a_Rf233_Gcc.a(machwdTrxHandler.o)
                0x000128e4                machwdTrxReqHandler
 .text.machwdTrxTaskHandler
                0x00012928       0x28 ../../../../BitCloud/lib/libBc_All_StdlinkSec_Atsamr21e18a_Rf233_Gcc.a(machwdTrxHandler.o)
                0x00012928                machwdTrxTaskHandler
 .text.machwdResetTrxHandler
                0x00012950        0xc ../../../../BitCloud/lib/libBc_All_StdlinkSec_Atsamr21e18a_Rf233_Gcc.a(machwdTrxHandler.o)
                0x00012950                machwdResetTrxHandler
 .text.executePhyDataReq
                0x0001295c       0x28 ../../../../BitCloud/lib/libBc_All_StdlinkSec_Atsamr21e18a_Rf233_Gcc.a(machwdTxFrameHandler.o)
 .text.executeDataReq
                0x00012984       0x1c ../../../../BitCloud/lib/libBc_All_StdlinkSec_Atsamr21e18a_Rf233_Gcc.a(machwdTxFrameHandler.o)
 .text.machwdTxFrameReqHandler
                0x000129a0       0x64 ../../../../BitCloud/lib/libBc_All_StdlinkSec_Atsamr21e18a_Rf233_Gcc.a(machwdTxFrameHandler.o)
                0x000129a0                machwdTxFrameReqHandler
 .text.machwdTxFrameTaskHandler
                0x00012a04       0x84 ../../../../BitCloud/lib/libBc_All_StdlinkSec_Atsamr21e18a_Rf233_Gcc.a(machwdTxFrameHandler.o)
                0x00012a04                machwdTxFrameTaskHandler
 .text.machwdTxRetryHandler
                0x00012a88       0x74 ../../../../BitCloud/lib/libBc_All_StdlinkSec_Atsamr21e18a_Rf233_Gcc.a(machwdTxFrameHandler.o)
                0x00012a88                machwdTxRetryHandler
 .text.machwdResetTxFrameHandler
                0x00012afc       0x10 ../../../../BitCloud/lib/libBc_All_StdlinkSec_Atsamr21e18a_Rf233_Gcc.a(machwdTxFrameHandler.o)
                0x00012afc                machwdResetTxFrameHandler
 .text.isMacBusyRequest
                0x00012b0c       0x20 ../../../../BitCloud/lib/libBc_All_StdlinkSec_Atsamr21e18a_Rf233_Gcc.a(machwiManager.o)
 .text.putReqInQueue
                0x00012b2c       0x38 ../../../../BitCloud/lib/libBc_All_StdlinkSec_Atsamr21e18a_Rf233_Gcc.a(machwiManager.o)
 .text.machwiSendConfToUpperLayer
                0x00012b64       0xc0 ../../../../BitCloud/lib/libBc_All_StdlinkSec_Atsamr21e18a_Rf233_Gcc.a(machwiManager.o)
                0x00012b64                machwiSendConfToUpperLayer
 .text.MAC_HWI_TaskHandler
                0x00012c24       0xe0 ../../../../BitCloud/lib/libBc_All_StdlinkSec_Atsamr21e18a_Rf233_Gcc.a(machwiManager.o)
                0x00012c24                MAC_HWI_TaskHandler
 .text.MAC_AssociateReq
                0x00012d04        0xc ../../../../BitCloud/lib/libBc_All_StdlinkSec_Atsamr21e18a_Rf233_Gcc.a(machwiManager.o)
                0x00012d04                MAC_AssociateReq
 .text.MAC_AssociateResp
                0x00012d10        0xc ../../../../BitCloud/lib/libBc_All_StdlinkSec_Atsamr21e18a_Rf233_Gcc.a(machwiManager.o)
                0x00012d10                MAC_AssociateResp
 .text.MAC_OrphanResp
                0x00012d1c        0xc ../../../../BitCloud/lib/libBc_All_StdlinkSec_Atsamr21e18a_Rf233_Gcc.a(machwiManager.o)
                0x00012d1c                MAC_OrphanResp
 .text.MAC_GetReq
                0x00012d28        0xc ../../../../BitCloud/lib/libBc_All_StdlinkSec_Atsamr21e18a_Rf233_Gcc.a(machwiManager.o)
                0x00012d28                MAC_GetReq
 .text.MAC_ResetReq
                0x00012d34       0x6c ../../../../BitCloud/lib/libBc_All_StdlinkSec_Atsamr21e18a_Rf233_Gcc.a(machwiManager.o)
                0x00012d34                MAC_ResetReq
 .text.MAC_RxEnableReq
                0x00012da0        0xc ../../../../BitCloud/lib/libBc_All_StdlinkSec_Atsamr21e18a_Rf233_Gcc.a(machwiManager.o)
                0x00012da0                MAC_RxEnableReq
 .text.MAC_ScanReq
                0x00012dac        0xc ../../../../BitCloud/lib/libBc_All_StdlinkSec_Atsamr21e18a_Rf233_Gcc.a(machwiManager.o)
                0x00012dac                MAC_ScanReq
 .text.MAC_SetReq
                0x00012db8        0xc ../../../../BitCloud/lib/libBc_All_StdlinkSec_Atsamr21e18a_Rf233_Gcc.a(machwiManager.o)
                0x00012db8                MAC_SetReq
 .text.MAC_StartReq
                0x00012dc4        0xc ../../../../BitCloud/lib/libBc_All_StdlinkSec_Atsamr21e18a_Rf233_Gcc.a(machwiManager.o)
                0x00012dc4                MAC_StartReq
 .text.MAC_PollReq
                0x00012dd0        0xc ../../../../BitCloud/lib/libBc_All_StdlinkSec_Atsamr21e18a_Rf233_Gcc.a(machwiManager.o)
                0x00012dd0                MAC_PollReq
 .text.MAC_DataReq
                0x00012ddc        0xc ../../../../BitCloud/lib/libBc_All_StdlinkSec_Atsamr21e18a_Rf233_Gcc.a(machwiManager.o)
                0x00012ddc                MAC_DataReq
 .text.machwiSendAssociateInd
                0x00012de8       0x14 ../../../../BitCloud/lib/libBc_All_StdlinkSec_Atsamr21e18a_Rf233_Gcc.a(machwiManager.o)
                0x00012de8                machwiSendAssociateInd
 .text.machwiSendDataInd
                0x00012dfc       0x14 ../../../../BitCloud/lib/libBc_All_StdlinkSec_Atsamr21e18a_Rf233_Gcc.a(machwiManager.o)
                0x00012dfc                machwiSendDataInd
 .text.machwiSendBeaconNotifyInd
                0x00012e10       0x14 ../../../../BitCloud/lib/libBc_All_StdlinkSec_Atsamr21e18a_Rf233_Gcc.a(machwiManager.o)
                0x00012e10                machwiSendBeaconNotifyInd
 .text.machwiSendSyncLossNotifyInd
                0x00012e24       0x14 ../../../../BitCloud/lib/libBc_All_StdlinkSec_Atsamr21e18a_Rf233_Gcc.a(machwiManager.o)
                0x00012e24                machwiSendSyncLossNotifyInd
 .text.machwiSendOrphanInd
                0x00012e38       0x14 ../../../../BitCloud/lib/libBc_All_StdlinkSec_Atsamr21e18a_Rf233_Gcc.a(machwiManager.o)
                0x00012e38                machwiSendOrphanInd
 .text.machwiSendPollInd
                0x00012e4c       0x14 ../../../../BitCloud/lib/libBc_All_StdlinkSec_Atsamr21e18a_Rf233_Gcc.a(machwiManager.o)
                0x00012e4c                machwiSendPollInd
 .text.machwiTxTransactionReq
                0x00012e60       0x38 ../../../../BitCloud/lib/libBc_All_StdlinkSec_Atsamr21e18a_Rf233_Gcc.a(machwiManager.o)
                0x00012e60                machwiTxTransactionReq
 .text.machwiTxBeaconReq
                0x00012e98       0x38 ../../../../BitCloud/lib/libBc_All_StdlinkSec_Atsamr21e18a_Rf233_Gcc.a(machwiManager.o)
                0x00012e98                machwiTxBeaconReq
 .text.machwiTxEmptyDataFrameReq
                0x00012ed0       0x18 ../../../../BitCloud/lib/libBc_All_StdlinkSec_Atsamr21e18a_Rf233_Gcc.a(machwiManager.o)
                0x00012ed0                machwiTxEmptyDataFrameReq
 .text.machwdDataConfirm
                0x00012ee8       0x1c ../../../../BitCloud/lib/libBc_All_StdlinkSec_Atsamr21e18a_Rf233_Gcc.a(machwiOrphanHandler.o)
 .text.machwiOrphanRespHandler
                0x00012f04      0x10c ../../../../BitCloud/lib/libBc_All_StdlinkSec_Atsamr21e18a_Rf233_Gcc.a(machwiOrphanHandler.o)
                0x00012f04                machwiOrphanRespHandler
 .text.machwiOrphanNotificationInd
                0x00013010       0x1c ../../../../BitCloud/lib/libBc_All_StdlinkSec_Atsamr21e18a_Rf233_Gcc.a(machwiOrphanHandler.o)
                0x00013010                machwiOrphanNotificationInd
 .text.MACHWD_DataInd
                0x0001302c       0xb0 ../../../../BitCloud/lib/libBc_All_StdlinkSec_Atsamr21e18a_Rf233_Gcc.a(machwiPanServer.o)
                0x0001302c                MACHWD_DataInd
 .text.machwiEnableBeaconTransmission
                0x000130dc       0x10 ../../../../BitCloud/lib/libBc_All_StdlinkSec_Atsamr21e18a_Rf233_Gcc.a(machwiPanServer.o)
                0x000130dc                machwiEnableBeaconTransmission
 .text.machwiResetPanServer
                0x000130ec       0x10 ../../../../BitCloud/lib/libBc_All_StdlinkSec_Atsamr21e18a_Rf233_Gcc.a(machwiPanServer.o)
                0x000130ec                machwiResetPanServer
 .text.halPollTimerFired
                0x000130fc       0x20 ../../../../BitCloud/lib/libBc_All_StdlinkSec_Atsamr21e18a_Rf233_Gcc.a(machwiPollHandler.o)
 .text.switchingCompleted
                0x0001311c       0x14 ../../../../BitCloud/lib/libBc_All_StdlinkSec_Atsamr21e18a_Rf233_Gcc.a(machwiPollHandler.o)
 .text.machwdDataConfirmEmptyData
                0x00013130       0x14 ../../../../BitCloud/lib/libBc_All_StdlinkSec_Atsamr21e18a_Rf233_Gcc.a(machwiPollHandler.o)
 .text.machwdDataConfirm
                0x00013144       0x64 ../../../../BitCloud/lib/libBc_All_StdlinkSec_Atsamr21e18a_Rf233_Gcc.a(machwiPollHandler.o)
 .text.machwiResetPollHandler
                0x000131a8        0xc ../../../../BitCloud/lib/libBc_All_StdlinkSec_Atsamr21e18a_Rf233_Gcc.a(machwiPollHandler.o)
                0x000131a8                machwiResetPollHandler
 .text.machwiPollInd
                0x000131b4       0x34 ../../../../BitCloud/lib/libBc_All_StdlinkSec_Atsamr21e18a_Rf233_Gcc.a(machwiPollHandler.o)
                0x000131b4                machwiPollInd
 .text.machwiDataIndication
                0x000131e8      0x148 ../../../../BitCloud/lib/libBc_All_StdlinkSec_Atsamr21e18a_Rf233_Gcc.a(machwiPollHandler.o)
                0x000131e8                machwiDataIndication
 .text.machwiPollReqHandler
                0x00013330      0x10c ../../../../BitCloud/lib/libBc_All_StdlinkSec_Atsamr21e18a_Rf233_Gcc.a(machwiPollHandler.o)
                0x00013330                machwiPollReqHandler
 .text.machwiPollHandlerReplyWithEmptyDataFrame
                0x0001343c       0x7c ../../../../BitCloud/lib/libBc_All_StdlinkSec_Atsamr21e18a_Rf233_Gcc.a(machwiPollHandler.o)
                0x0001343c                machwiPollHandlerReplyWithEmptyDataFrame
 .text.machwiPurgeReqHandler
                0x000134b8       0x2c ../../../../BitCloud/lib/libBc_All_StdlinkSec_Atsamr21e18a_Rf233_Gcc.a(machwiPurgeHandler.o)
                0x000134b8                machwiPurgeReqHandler
 .text.machwdSetTrxStateConfirm
                0x000134e4       0x10 ../../../../BitCloud/lib/libBc_All_StdlinkSec_Atsamr21e18a_Rf233_Gcc.a(machwiResetHandler.o)
 .text.machwdSetConfirm
                0x000134f4       0x20 ../../../../BitCloud/lib/libBc_All_StdlinkSec_Atsamr21e18a_Rf233_Gcc.a(machwiResetHandler.o)
 .text.machwiResetReqHandler
                0x00013514       0x74 ../../../../BitCloud/lib/libBc_All_StdlinkSec_Atsamr21e18a_Rf233_Gcc.a(machwiResetHandler.o)
                0x00013514                machwiResetReqHandler
 .text.machwdSetTrxStateConfirm
                0x00013588       0x14 ../../../../BitCloud/lib/libBc_All_StdlinkSec_Atsamr21e18a_Rf233_Gcc.a(machwiRxEnableHandler.o)
 .text.machwiRxEnableReqHandler
                0x0001359c       0x30 ../../../../BitCloud/lib/libBc_All_StdlinkSec_Atsamr21e18a_Rf233_Gcc.a(machwiRxEnableHandler.o)
                0x0001359c                machwiRxEnableReqHandler
 .text.switchToActiveChannel
                0x000135cc       0x38 ../../../../BitCloud/lib/libBc_All_StdlinkSec_Atsamr21e18a_Rf233_Gcc.a(machwiScanHandler.o)
 .text.finishScan
                0x00013604       0x34 ../../../../BitCloud/lib/libBc_All_StdlinkSec_Atsamr21e18a_Rf233_Gcc.a(machwiScanHandler.o)
 .text.setNextChannel
                0x00013638       0x78 ../../../../BitCloud/lib/libBc_All_StdlinkSec_Atsamr21e18a_Rf233_Gcc.a(machwiScanHandler.o)
 .text.machwdSetTrxStateConfirm
                0x000136b0       0x8c ../../../../BitCloud/lib/libBc_All_StdlinkSec_Atsamr21e18a_Rf233_Gcc.a(machwiScanHandler.o)
 .text.machwdSetConfirm
                0x0001373c      0x260 ../../../../BitCloud/lib/libBc_All_StdlinkSec_Atsamr21e18a_Rf233_Gcc.a(machwiScanHandler.o)
 .text.halScanTimerFired
                0x0001399c       0x2c ../../../../BitCloud/lib/libBc_All_StdlinkSec_Atsamr21e18a_Rf233_Gcc.a(machwiScanHandler.o)
 .text.machwdDataConfirm
                0x000139c8       0x48 ../../../../BitCloud/lib/libBc_All_StdlinkSec_Atsamr21e18a_Rf233_Gcc.a(machwiScanHandler.o)
 .text.machwdEdConfirm
                0x00013a10       0x7c ../../../../BitCloud/lib/libBc_All_StdlinkSec_Atsamr21e18a_Rf233_Gcc.a(machwiScanHandler.o)
 .text.machwiScanReqHandler
                0x00013a8c       0xfc ../../../../BitCloud/lib/libBc_All_StdlinkSec_Atsamr21e18a_Rf233_Gcc.a(machwiScanHandler.o)
                0x00013a8c                machwiScanReqHandler
 .text.machwiBeaconInd
                0x00013b88      0x1b0 ../../../../BitCloud/lib/libBc_All_StdlinkSec_Atsamr21e18a_Rf233_Gcc.a(machwiScanHandler.o)
                0x00013b88                machwiBeaconInd
 .text.machwiCoordRealignmentCommandInd
                0x00013d38       0xc4 ../../../../BitCloud/lib/libBc_All_StdlinkSec_Atsamr21e18a_Rf233_Gcc.a(machwiScanHandler.o)
                0x00013d38                machwiCoordRealignmentCommandInd
 .text.machwiResetScanHandler
                0x00013dfc        0xc ../../../../BitCloud/lib/libBc_All_StdlinkSec_Atsamr21e18a_Rf233_Gcc.a(machwiScanHandler.o)
                0x00013dfc                machwiResetScanHandler
 .text.machwdSetConfirm
                0x00013e08       0x10 ../../../../BitCloud/lib/libBc_All_StdlinkSec_Atsamr21e18a_Rf233_Gcc.a(machwiSetGetHandler.o)
 .text.machwiGetReqHandler
                0x00013e18       0x34 ../../../../BitCloud/lib/libBc_All_StdlinkSec_Atsamr21e18a_Rf233_Gcc.a(machwiSetGetHandler.o)
                0x00013e18                machwiGetReqHandler
 .text.machwiSetReqHandler
                0x00013e4c       0xac ../../../../BitCloud/lib/libBc_All_StdlinkSec_Atsamr21e18a_Rf233_Gcc.a(machwiSetGetHandler.o)
                0x00013e4c                machwiSetReqHandler
 .text.setStartReqParam
                0x00013ef8       0xac ../../../../BitCloud/lib/libBc_All_StdlinkSec_Atsamr21e18a_Rf233_Gcc.a(machwiStartHandler.o)
 .text.generateConfirm
                0x00013fa4       0x3c ../../../../BitCloud/lib/libBc_All_StdlinkSec_Atsamr21e18a_Rf233_Gcc.a(machwiStartHandler.o)
 .text.machwdSetConfirm
                0x00013fe0      0x158 ../../../../BitCloud/lib/libBc_All_StdlinkSec_Atsamr21e18a_Rf233_Gcc.a(machwiStartHandler.o)
 .text.machwdDataConfirm
                0x00014138       0x30 ../../../../BitCloud/lib/libBc_All_StdlinkSec_Atsamr21e18a_Rf233_Gcc.a(machwiStartHandler.o)
 .text.machwiStartReqHandler
                0x00014168       0x48 ../../../../BitCloud/lib/libBc_All_StdlinkSec_Atsamr21e18a_Rf233_Gcc.a(machwiStartHandler.o)
                0x00014168                machwiStartReqHandler
 .text.machwiResetStartHandler
                0x000141b0       0x10 ../../../../BitCloud/lib/libBc_All_StdlinkSec_Atsamr21e18a_Rf233_Gcc.a(machwiStartHandler.o)
                0x000141b0                machwiResetStartHandler
 .text.machwdSetTrxStateConfirm
                0x000141c0       0x10 ../../../../BitCloud/lib/libBc_All_StdlinkSec_Atsamr21e18a_Rf233_Gcc.a(machwiSwitchRxCtrl.o)
 .text.machwiSwitchRxAccordToRxOnWhenIdle
                0x000141d0       0x30 ../../../../BitCloud/lib/libBc_All_StdlinkSec_Atsamr21e18a_Rf233_Gcc.a(machwiSwitchRxCtrl.o)
                0x000141d0                machwiSwitchRxAccordToRxOnWhenIdle
 .text.machwiResetTransactionHandler
                0x00014200       0x14 ../../../../BitCloud/lib/libBc_All_StdlinkSec_Atsamr21e18a_Rf233_Gcc.a(machwiTransactionHandler.o)
                0x00014200                machwiResetTransactionHandler
 .text.machwiSendTransactionEvent
                0x00014214      0x160 ../../../../BitCloud/lib/libBc_All_StdlinkSec_Atsamr21e18a_Rf233_Gcc.a(machwiTransactionHandler.o)
                0x00014214                machwiSendTransactionEvent
 .text.finishTransactionHandling
                0x00014374       0xa0 ../../../../BitCloud/lib/libBc_All_StdlinkSec_Atsamr21e18a_Rf233_Gcc.a(machwiTransactionHandler.o)
 .text.machwdDataConfirm
                0x00014414       0x50 ../../../../BitCloud/lib/libBc_All_StdlinkSec_Atsamr21e18a_Rf233_Gcc.a(machwiTransactionHandler.o)
 .text.transactionTimerFired
                0x00014464       0x38 ../../../../BitCloud/lib/libBc_All_StdlinkSec_Atsamr21e18a_Rf233_Gcc.a(machwiTransactionQueue.o)
 .text.machwiPutTransactionToQueue
                0x0001449c       0x5c ../../../../BitCloud/lib/libBc_All_StdlinkSec_Atsamr21e18a_Rf233_Gcc.a(machwiTransactionQueue.o)
                0x0001449c                machwiPutTransactionToQueue
 .text.machwiGetActivatedTransactionFromQueue
                0x000144f8       0x1c ../../../../BitCloud/lib/libBc_All_StdlinkSec_Atsamr21e18a_Rf233_Gcc.a(machwiTransactionQueue.o)
                0x000144f8                machwiGetActivatedTransactionFromQueue
 .text.machwiTestAndKickQueueTransactions
                0x00014514       0xcc ../../../../BitCloud/lib/libBc_All_StdlinkSec_Atsamr21e18a_Rf233_Gcc.a(machwiTransactionQueue.o)
                0x00014514                machwiTestAndKickQueueTransactions
 .text.machwiFillPendingAddrSpecAndList
                0x000145e0        0x8 ../../../../BitCloud/lib/libBc_All_StdlinkSec_Atsamr21e18a_Rf233_Gcc.a(machwiTransactionQueue.o)
                0x000145e0                machwiFillPendingAddrSpecAndList
 .text.machwiDeleteTransactionFromQueue
                0x000145e8       0x28 ../../../../BitCloud/lib/libBc_All_StdlinkSec_Atsamr21e18a_Rf233_Gcc.a(machwiTransactionQueue.o)
                0x000145e8                machwiDeleteTransactionFromQueue
 .text.machwiPurgeTransactionFromQueue
                0x00014610       0x34 ../../../../BitCloud/lib/libBc_All_StdlinkSec_Atsamr21e18a_Rf233_Gcc.a(machwiTransactionQueue.o)
                0x00014610                machwiPurgeTransactionFromQueue
 .text.machwiResetTransactionQueue
                0x00014644       0x4c ../../../../BitCloud/lib/libBc_All_StdlinkSec_Atsamr21e18a_Rf233_Gcc.a(machwiTransactionQueue.o)
                0x00014644                machwiResetTransactionQueue
 .text.machwiTransactionQueueEmpty
                0x00014690       0x14 ../../../../BitCloud/lib/libBc_All_StdlinkSec_Atsamr21e18a_Rf233_Gcc.a(machwiTransactionQueue.o)
                0x00014690                machwiTransactionQueueEmpty
 .text.nwkAddressConflictIsIdle
                0x000146a4       0x18 ../../../../BitCloud/lib/libBc_All_StdlinkSec_Atsamr21e18a_Rf233_Gcc.a(nwk.o)
 .text.unlikely.nwkClearBTR
                0x000146bc       0x40 ../../../../BitCloud/lib/libBc_All_StdlinkSec_Atsamr21e18a_Rf233_Gcc.a(nwk.o)
 .text.nwkDataReqIsIdle
                0x000146fc       0x14 ../../../../BitCloud/lib/libBc_All_StdlinkSec_Atsamr21e18a_Rf233_Gcc.a(nwk.o)
 .text.nwkDiscoveryIsIdle
                0x00014710       0x14 ../../../../BitCloud/lib/libBc_All_StdlinkSec_Atsamr21e18a_Rf233_Gcc.a(nwk.o)
 .text.nwkEDScanIsIdle
                0x00014724       0x14 ../../../../BitCloud/lib/libBc_All_StdlinkSec_Atsamr21e18a_Rf233_Gcc.a(nwk.o)
 .text.nwkFormationIsIdle
                0x00014738       0x18 ../../../../BitCloud/lib/libBc_All_StdlinkSec_Atsamr21e18a_Rf233_Gcc.a(nwk.o)
 .text.nwkParseHeader
                0x00014750       0x74 ../../../../BitCloud/lib/libBc_All_StdlinkSec_Atsamr21e18a_Rf233_Gcc.a(nwk.o)
 .text.nwkGetInCounterSet
                0x000147c4       0x40 ../../../../BitCloud/lib/libBc_All_StdlinkSec_Atsamr21e18a_Rf233_Gcc.a(nwk.o)
 .text.findInFrameCounter
                0x00014804       0x3c ../../../../BitCloud/lib/libBc_All_StdlinkSec_Atsamr21e18a_Rf233_Gcc.a(nwk.o)
 .text.nwkJoinIndIsIdle
                0x00014840       0x34 ../../../../BitCloud/lib/libBc_All_StdlinkSec_Atsamr21e18a_Rf233_Gcc.a(nwk.o)
 .text.nwkJoinReqIsIdle
                0x00014874       0x18 ../../../../BitCloud/lib/libBc_All_StdlinkSec_Atsamr21e18a_Rf233_Gcc.a(nwk.o)
 .text.nwkJoinComplete
                0x0001488c        0xc ../../../../BitCloud/lib/libBc_All_StdlinkSec_Atsamr21e18a_Rf233_Gcc.a(nwk.o)
 .text.nwkLeaveReqIsIdle
                0x00014898       0x14 ../../../../BitCloud/lib/libBc_All_StdlinkSec_Atsamr21e18a_Rf233_Gcc.a(nwk.o)
 .text.nwkLinkStatusIsIdle
                0x000148ac       0x18 ../../../../BitCloud/lib/libBc_All_StdlinkSec_Atsamr21e18a_Rf233_Gcc.a(nwk.o)
 .text.nwkLoopbackIsIdle
                0x000148c4       0x18 ../../../../BitCloud/lib/libBc_All_StdlinkSec_Atsamr21e18a_Rf233_Gcc.a(nwk.o)
 .text.nwkNextSleepingChildForIndirectTx
                0x000148dc       0x44 ../../../../BitCloud/lib/libBc_All_StdlinkSec_Atsamr21e18a_Rf233_Gcc.a(nwk.o)
 .text.nwkClearNeighborTable
                0x00014920       0x84 ../../../../BitCloud/lib/libBc_All_StdlinkSec_Atsamr21e18a_Rf233_Gcc.a(nwk.o)
 .text.nwkUpdateCapacityBits
                0x000149a4       0x80 ../../../../BitCloud/lib/libBc_All_StdlinkSec_Atsamr21e18a_Rf233_Gcc.a(nwk.o)
 .text.nwkUpdateCapacityBitsInBeacon
                0x00014a24       0x48 ../../../../BitCloud/lib/libBc_All_StdlinkSec_Atsamr21e18a_Rf233_Gcc.a(nwk.o)
 .text.nwkUpdateBeaconPayload
                0x00014a6c       0x80 ../../../../BitCloud/lib/libBc_All_StdlinkSec_Atsamr21e18a_Rf233_Gcc.a(nwk.o)
 .text.nwkUpdateLqiAndCostOfNeighbor
                0x00014aec       0x70 ../../../../BitCloud/lib/libBc_All_StdlinkSec_Atsamr21e18a_Rf233_Gcc.a(nwk.o)
 .text.nwkInitLqiAndCostOfNeighbor
                0x00014b5c       0x60 ../../../../BitCloud/lib/libBc_All_StdlinkSec_Atsamr21e18a_Rf233_Gcc.a(nwk.o)
 .text.nwkFindEndDeviceChild
                0x00014bbc       0x3c ../../../../BitCloud/lib/libBc_All_StdlinkSec_Atsamr21e18a_Rf233_Gcc.a(nwk.o)
 .text.nwkOrphanMacCommStatusInd
                0x00014bf8       0x10 ../../../../BitCloud/lib/libBc_All_StdlinkSec_Atsamr21e18a_Rf233_Gcc.a(nwk.o)
 .text.nwkNewPassiveAck
                0x00014c08       0xf4 ../../../../BitCloud/lib/libBc_All_StdlinkSec_Atsamr21e18a_Rf233_Gcc.a(nwk.o)
 .text.nwkFreePassiveAck
                0x00014cfc       0x48 ../../../../BitCloud/lib/libBc_All_StdlinkSec_Atsamr21e18a_Rf233_Gcc.a(nwk.o)
 .text.nwkPermitJoiningIsIdle
                0x00014d44       0x1c ../../../../BitCloud/lib/libBc_All_StdlinkSec_Atsamr21e18a_Rf233_Gcc.a(nwk.o)
 .text.nwkResetIsIdle
                0x00014d60       0x14 ../../../../BitCloud/lib/libBc_All_StdlinkSec_Atsamr21e18a_Rf233_Gcc.a(nwk.o)
 .text.nwkRouteDiscoveryIsIdle
                0x00014d74       0x14 ../../../../BitCloud/lib/libBc_All_StdlinkSec_Atsamr21e18a_Rf233_Gcc.a(nwk.o)
 .text.nwkFreeRouteDiscoveryEntry
                0x00014d88       0x2c ../../../../BitCloud/lib/libBc_All_StdlinkSec_Atsamr21e18a_Rf233_Gcc.a(nwk.o)
 .text.nwkConfirmRouteRequestTx
                0x00014db4       0x40 ../../../../BitCloud/lib/libBc_All_StdlinkSec_Atsamr21e18a_Rf233_Gcc.a(nwk.o)
 .text.nwkRouteDiscoveryTableIsIdle
                0x00014df4       0x14 ../../../../BitCloud/lib/libBc_All_StdlinkSec_Atsamr21e18a_Rf233_Gcc.a(nwk.o)
 .text.nwkFindRoutingEntry
                0x00014e08       0x3c ../../../../BitCloud/lib/libBc_All_StdlinkSec_Atsamr21e18a_Rf233_Gcc.a(nwk.o)
 .text.nwkUpdateNextHop
                0x00014e44       0x98 ../../../../BitCloud/lib/libBc_All_StdlinkSec_Atsamr21e18a_Rf233_Gcc.a(nwk.o)
 .text.NWK_GetKey