Archive member included because of file (symbol)

../../../../BitCloud/lib/libBc_All_StdlinkSec_Atsamr21e18a_Rf233_Gcc.a(aps.o)
                              All_StdlinkSec_SamR21_Atsamr21e18a_Rf233_16Mhz_Gcc/Obj/ezModeManager.o (APS_BindReq)
../../../../BitCloud/lib/libBc_All_StdlinkSec_Atsamr21e18a_Rf233_Gcc.a(macenvPib.o)
                              All_StdlinkSec_SamR21_Atsamr21e18a_Rf233_16Mhz_Gcc/Obj/sysUtils.o (MAC_GetExtAddr)
../../../../BitCloud/lib/libBc_All_StdlinkSec_Atsamr21e18a_Rf233_Gcc.a(machwdManager.o)
                              All_StdlinkSec_SamR21_Atsamr21e18a_Rf233_16Mhz_Gcc/Obj/sysUtils.o (RF_RandomReq)
../../../../BitCloud/lib/libBc_All_StdlinkSec_Atsamr21e18a_Rf233_Gcc.a(machwdRegAccessHandler.o)
                              ../../../../BitCloud/lib/libBc_All_StdlinkSec_Atsamr21e18a_Rf233_Gcc.a(machwdManager.o) (machwdRegAccessReqHandler)
../../../../BitCloud/lib/libBc_All_StdlinkSec_Atsamr21e18a_Rf233_Gcc.a(machwdResetHandler.o)
                              ../../../../BitCloud/lib/libBc_All_StdlinkSec_Atsamr21e18a_Rf233_Gcc.a(machwdManager.o) (machwdReset)
../../../../BitCloud/lib/libBc_All_StdlinkSec_Atsamr21e18a_Rf233_Gcc.a(machwdRndHandler.o)
                              ../../../../BitCloud/lib/libBc_All_StdlinkSec_Atsamr21e18a_Rf233_Gcc.a(machwdManager.o) (machwdRndReqHandler)
../../../../BitCloud/lib/libBc_All_StdlinkSec_Atsamr21e18a_Rf233_Gcc.a(machwdRxBuffer.o)
                              ../../../../BitCloud/lib/libBc_All_StdlinkSec_Atsamr21e18a_Rf233_Gcc.a(machwdResetHandler.o) (machwdResetRxBuffers)
../../../../BitCloud/lib/libBc_All_StdlinkSec_Atsamr21e18a_Rf233_Gcc.a(machwdRxFrameHandler.o)
                              ../../../../BitCloud/lib/libBc_All_StdlinkSec_Atsamr21e18a_Rf233_Gcc.a(machwdManager.o) (machwdDataReqIndTaskHandler)
../../../../BitCloud/lib/libBc_All_StdlinkSec_Atsamr21e18a_Rf233_Gcc.a(machwdSetHandler.o)
                              ../../../../BitCloud/lib/libBc_All_StdlinkSec_Atsamr21e18a_Rf233_Gcc.a(machwdManager.o) (machwdSetReqHandler)
../../../../BitCloud/lib/libBc_All_StdlinkSec_Atsamr21e18a_Rf233_Gcc.a(machwdTrxCtrl.o)
                              ../../../../BitCloud/lib/libBc_All_StdlinkSec_Atsamr21e18a_Rf233_Gcc.a(machwdSetHandler.o) (machwdGetPhyTrxCmd)
../../../../BitCloud/lib/libBc_All_StdlinkSec_Atsamr21e18a_Rf233_Gcc.a(machwdTrxHandler.o)
                              ../../../../BitCloud/lib/libBc_All_StdlinkSec_Atsamr21e18a_Rf233_Gcc.a(machwdManager.o) (machwdTrxReqHandler)
../../../../BitCloud/lib/libBc_All_StdlinkSec_Atsamr21e18a_Rf233_Gcc.a(machwdTxFrameHandler.o)
                              ../../../../BitCloud/lib/libBc_All_StdlinkSec_Atsamr21e18a_Rf233_Gcc.a(machwdManager.o) (machwdTxFrameReqHandler)
../../../../BitCloud/lib/libBc_All_StdlinkSec_Atsamr21e18a_Rf233_Gcc.a(machwiManager.o)
                              All_StdlinkSec_SamR21_Atsamr21e18a_Rf233_16Mhz_Gcc/Obj/sysTaskManager.o (MAC_HWI_TaskHandler)
../../../../BitCloud/lib/libBc_All_StdlinkSec_Atsamr21e18a_Rf233_Gcc.a(machwiOrphanHandler.o)
                              ../../../../BitCloud/lib/libBc_All_StdlinkSec_Atsamr21e18a_Rf233_Gcc.a(machwiManager.o) (machwiOrphanRespHandler)
../../../../BitCloud/lib/libBc_All_StdlinkSec_Atsamr21e18a_Rf233_Gcc.a(machwiPanServer.o)
                              ../../../../BitCloud/lib/libBc_All_StdlinkSec_Atsamr21e18a_Rf233_Gcc.a(machwdManager.o) (MACHWD_DataInd)
../../../../BitCloud/lib/libBc_All_StdlinkSec_Atsamr21e18a_Rf233_Gcc.a(machwiPollHandler.o)
                              ../../../../BitCloud/lib/libBc_All_StdlinkSec_Atsamr21e18a_Rf233_Gcc.a(machwiPanServer.o) (machwiPollInd)
../../../../BitCloud/lib/libBc_All_StdlinkSec_Atsamr21e18a_Rf233_Gcc.a(machwiPurgeHandler.o)
                              ../../../../BitCloud/lib/libBc_All_StdlinkSec_Atsamr21e18a_Rf233_Gcc.a(machwiManager.o) (machwiPurgeReqHandler)
../../../../BitCloud/lib/libBc_All_StdlinkSec_Atsamr21e18a_Rf233_Gcc.a(machwiResetHandler.o)
                              ../../../../BitCloud/lib/libBc_All_StdlinkSec_Atsamr21e18a_Rf233_Gcc.a(machwiManager.o) (machwiResetReqHandler)
../../../../BitCloud/lib/libBc_All_StdlinkSec_Atsamr21e18a_Rf233_Gcc.a(machwiRxEnableHandler.o)
                              ../../../../BitCloud/lib/libBc_All_StdlinkSec_Atsamr21e18a_Rf233_Gcc.a(machwiManager.o) (machwiRxEnableReqHandler)
../../../../BitCloud/lib/libBc_All_StdlinkSec_Atsamr21e18a_Rf233_Gcc.a(machwiScanHandler.o)
                              ../../../../BitCloud/lib/libBc_All_StdlinkSec_Atsamr21e18a_Rf233_Gcc.a(machwiManager.o) (machwiScanReqHandler)
../../../../BitCloud/lib/libBc_All_StdlinkSec_Atsamr21e18a_Rf233_Gcc.a(machwiSetGetHandler.o)
                              ../../../../BitCloud/lib/libBc_All_StdlinkSec_Atsamr21e18a_Rf233_Gcc.a(machwiManager.o) (machwiGetReqHandler)
../../../../BitCloud/lib/libBc_All_StdlinkSec_Atsamr21e18a_Rf233_Gcc.a(machwiStartHandler.o)
[...]
Memory Configuration

Name             Origin             Length             Attributes
FLASH            0x00000000         0x0003f000         xr
EEPROM           0x0003f000         0x00001000         rw !x
RAM              0x20000000         0x00008000         rw
*default*        0x00000000         0xffffffff

Linker script and memory map

                0x00000800                MAIN_STACK_SIZE = 0x800
                0x00000000                PROCESS_STACK_SIZE = 0x0

.text           0x00000000    0x30554
                0x00000000                __text = .
 *(.vectors)
 .vectors       0x00000000       0x40 ../../../../BitCloud/lib/libHAL_SamR21_Atsamr21e18a_8Mhz_Gcc.a(halVectorTable.o)
                0x00000000                __vector_table
                0x00000100                . = ALIGN (0x100)
 *fill*         0x00000040       0xc0 
                0x00000100                PROVIDE (__d_nv_mem_start, .)
                0x00004100                . = (. + ALIGN (0x4000))
 *fill*         0x00000100     0x4000 
                0x00004100                PROVIDE (__d_nv_mem_end, .)
                0x00004100                PROVIDE (__pds_ff_start, .)
 *(.pds_ff)
 .pds_ff        0x00004100       0x30 All_StdlinkSec_SamR21_Atsamr21e18a_Rf233_16Mhz_Gcc/Obj/myappPdt.o
                0x00004100                pds_ff_0x000CU
                0x00004110                pds_ff_0x000BU
                0x00004120                pds_ff_0x000AU
 .pds_ff        0x00004130       0x90 All_StdlinkSec_SamR21_Atsamr21e18a_Rf233_16Mhz_Gcc/Obj/csPersistentMem.o
                0x00004130                pds_ff_NWK_RREQ_IDENTIFIER_ITEM_ID
                0x00004140                pds_ff_CS_GROUP_TABLE_ITEM_ID
                0x00004150                pds_ff_CS_APS_BINDING_TABLE_ITEM_ID
                0x00004160                pds_ff_NWK_SECURITY_COUNTERS_ITEM_ID
                0x00004170                pds_ff_CS_NWK_SECURITY_KEYS_ITEM_ID
                0x00004180                pds_ff_CS_NWK_SECURITY_IB_ITEM_ID
                0x00004190                pds_ff_CS_APS_KEY_PAIR_DESCRIPTORS_ITEM_ID
                0x000041a0                pds_ff_CS_NEIB_TABLE_ITEM_ID
                0x000041b0                pds_ff_BC_EXT_GEN_MEMORY_ITEM_ID
                0x000041c0                PROVIDE (__pds_ff_end, .)
                0x000041c0                PROVIDE (__pds_fd_start, .)
 *(.pds_fd)
 .pds_fd        0x000041c0        0x8 All_StdlinkSec_SamR21_Atsamr21e18a_Rf233_16Mhz_Gcc/Obj/myappPdt.o
                0x000041c0                appEsiMemoryDirDescr
 .pds_fd        0x000041c8        0x8 All_StdlinkSec_SamR21_Atsamr21e18a_Rf233_16Mhz_Gcc/Obj/csPersistentMem.o
                0x000041c8                BCRejoinParamsDirDescr
                0x000041d0                PROVIDE (__pds_fd_end, .)
 *(.text*main)
 .text.startup.main
                0x000041d0        0xc All_StdlinkSec_SamR21_Atsamr21e18a_Rf233_16Mhz_Gcc/Obj/zclDevice.o
                0x000041d0                main
 *(.text)
 .text          0x000041dc       0x9c c:/program files (x86)/atmel/atmel toolchain/arm gcc/native/4.8.1443/arm-gnu-toolchain/bin/../lib/gcc/arm-none-eabi/4.8.4/armv6-m\libgcc.a(_udivsi3.o)
                0x000041dc                __aeabi_uidiv
                0x000041dc                __udivsi3
                0x00004264                __aeabi_uidivmod
 .text          0x00004278       0xc0 c:/program files (x86)/atmel/atmel toolchain/arm gcc/native/4.8.1443/arm-gnu-toolchain/bin/../lib/gcc/arm-none-eabi/4.8.4/armv6-m\libgcc.a(_divsi3.o)
                0x00004278                __divsi3
                0x00004278                __aeabi_idiv
                0x00004324                __aeabi_idivmod
 .text          0x00004338        0x4 c:/program files (x86)/atmel/atmel toolchain/arm gcc/native/4.8.1443/arm-gnu-toolchain/bin/../lib/gcc/arm-none-eabi/4.8.4/armv6-m\libgcc.a(_dvmd_tls.o)
                0x00004338                __aeabi_idiv0
                0x00004338                __aeabi_ldiv0
 .text          0x0000433c      0x644 c:/program files (x86)/atmel/atmel toolchain/arm gcc/native/4.8.1443/arm-gnu-toolchain/bin/../lib/gcc/arm-none-eabi/4.8.4/armv6-m\libgcc.a(adddf3.o)
                0x0000433c                __aeabi_dadd
 .text          0x00004980      0x648 c:/program files (x86)/atmel/atmel toolchain/arm gcc/native/4.8.1443/arm-gnu-toolchain/bin/../lib/gcc/arm-none-eabi/4.8.4/armv6-m\libgcc.a(divdf3.o)
                0x00004980                __aeabi_ddiv
 .text          0x00004fc8      0x520 c:/program files (x86)/atmel/atmel toolchain/arm gcc/native/4.8.1443/arm-gnu-toolchain/bin/../lib/gcc/arm-none-eabi/4.8.4/armv6-m\libgcc.a(muldf3.o)
                0x00004fc8                __aeabi_dmul
 .text          0x000054e8      0x668 c:/program files (x86)/atmel/atmel toolchain/arm gcc/native/4.8.1443/arm-gnu-toolchain/bin/../lib/gcc/arm-none-eabi/4.8.4/armv6-m\libgcc.a(subdf3.o)
                0x000054e8                __aeabi_dsub
 .text          0x00005b50       0x3c c:/program files (x86)/atmel/atmel toolchain/arm gcc/native/4.8.1443/arm-gnu-toolchain/bin/../lib/gcc/arm-none-eabi/4.8.4/armv6-m\libgcc.a(_clzsi2.o)
                0x00005b50                __clzsi2
 .text          0x00005b8c       0x14 c:/program files (x86)/atmel/atmel toolchain/arm gcc/native/4.8.1443/arm-gnu-toolchain/bin/../lib/gcc/arm-none-eabi/4.8.4/../../../../arm-none-eabi/lib/armv6-m\libc.a(lib_a-strcmp.o)
                0x00005b8c                strcmp
 .text          0x00005ba0       0x7c c:/program files (x86)/atmel/atmel toolchain/arm gcc/native/4.8.1443/arm-gnu-toolchain/bin/../lib/gcc/arm-none-eabi/4.8.4/armv6-m\libgcc.a(_arm_cmpdf2.o)
                0x00005ba0                __aeabi_cdrcmple
                0x00005bb0                __aeabi_cdcmple
                0x00005bb0                __aeabi_cdcmpeq
                0x00005bc0                __aeabi_dcmpeq
                0x00005bcc                __aeabi_dcmplt
                0x00005be0                __aeabi_dcmple
                0x00005bf4                __aeabi_dcmpgt
                0x00005c08                __aeabi_dcmpge
 .text          0x00005c1c       0x40 c:/program files (x86)/atmel/atmel toolchain/arm gcc/native/4.8.1443/arm-gnu-toolchain/bin/../lib/gcc/arm-none-eabi/4.8.4/armv6-m\libgcc.a(_aeabi_uldivmod.o)
                0x00005c1c                __aeabi_uldivmod
 .text          0x00005c5c       0x44 c:/program files (x86)/atmel/atmel toolchain/arm gcc/native/4.8.1443/arm-gnu-toolchain/bin/../lib/gcc/arm-none-eabi/4.8.4/armv6-m\libgcc.a(_muldi3.o)
                0x00005c5c                __muldi3
                0x00005c5c                __aeabi_lmul
 .text          0x00005ca0       0x6c c:/program files (x86)/atmel/atmel toolchain/arm gcc/native/4.8.1443/arm-gnu-toolchain/bin/../lib/gcc/arm-none-eabi/4.8.4/armv6-m\libgcc.a(bpabi.o)
                0x00005ca0                __gnu_ldivmod_helper
                0x00005cd8                __gnu_uldivmod_helper
 .text          0x00005d0c       0x94 c:/program files (x86)/atmel/atmel toolchain/arm gcc/native/4.8.1443/arm-gnu-toolchain/bin/../lib/gcc/arm-none-eabi/4.8.4/armv6-m\libgcc.a(eqdf2.o)
                0x00005d0c                __nedf2
                0x00005d0c                __eqdf2
 .text          0x00005da0       0xfc c:/program files (x86)/atmel/atmel toolchain/arm gcc/native/4.8.1443/arm-gnu-toolchain/bin/../lib/gcc/arm-none-eabi/4.8.4/armv6-m\libgcc.a(gedf2.o)
                0x00005da0                __gedf2
                0x00005da0                __gtdf2
 .text          0x00005e9c       0xfc c:/program files (x86)/atmel/atmel toolchain/arm gcc/native/4.8.1443/arm-gnu-toolchain/bin/../lib/gcc/arm-none-eabi/4.8.4/armv6-m\libgcc.a(ledf2.o)
                0x00005e9c                __ledf2
                0x00005e9c                __ltdf2
 .text          0x00005f98       0x68 c:/program files (x86)/atmel/atmel toolchain/arm gcc/native/4.8.1443/arm-gnu-toolchain/bin/../lib/gcc/arm-none-eabi/4.8.4/armv6-m\libgcc.a(fixdfsi.o)
                0x00005f98                __aeabi_d2iz
 .text          0x00006000       0x7c c:/program files (x86)/atmel/atmel toolchain/arm gcc/native/4.8.1443/arm-gnu-toolchain/bin/../lib/gcc/arm-none-eabi/4.8.4/armv6-m\libgcc.a(floatsidf.o)
                0x00006000                __aeabi_i2d
 .text          0x0000607c       0x68 c:/program files (x86)/atmel/atmel toolchain/arm gcc/native/4.8.1443/arm-gnu-toolchain/bin/../lib/gcc/arm-none-eabi/4.8.4/armv6-m\libgcc.a(floatunsidf.o)
                0x0000607c                __aeabi_ui2d
 .text          0x000060e4      0x3b8 c:/program files (x86)/atmel/atmel toolchain/arm gcc/native/4.8.1443/arm-gnu-toolchain/bin/../lib/gcc/arm-none-eabi/4.8.4/armv6-m\libgcc.a(_divdi3.o)
                0x000060e4                __divdi3
 .text          0x0000649c      0x384 c:/program files (x86)/atmel/atmel toolchain/arm gcc/native/4.8.1443/arm-gnu-toolchain/bin/../lib/gcc/arm-none-eabi/4.8.4/armv6-m\libgcc.a(_udivdi3.o)
                0x0000649c                __udivdi3
 *(.text*)
 .text.updateCommissioningStateInd
                0x00006820       0xac All_StdlinkSec_SamR21_Atsamr21e18a_Rf233_16Mhz_Gcc/Obj/myappIdentifyCluster.o
 .text.ezModeInvokeInd
                0x000068cc       0x64 All_StdlinkSec_SamR21_Atsamr21e18a_Rf233_16Mhz_Gcc/Obj/myappIdentifyCluster.o
 .text.identifyQueryInd
                0x00006930       0x6c All_StdlinkSec_SamR21_Atsamr21e18a_Rf233_16Mhz_Gcc/Obj/myappIdentifyCluster.o
 .text.identifyTimerFired
                0x0000699c       0x24 All_StdlinkSec_SamR21_Atsamr21e18a_Rf233_16Mhz_Gcc/Obj/myappIdentifyCluster.o
 .text.identifyInd
                0x000069c0       0x70 All_StdlinkSec_SamR21_Atsamr21e18a_Rf233_16Mhz_Gcc/Obj/myappIdentifyCluster.o
 .text.ZCL_IdentifyAttributeEventInd
                0x00006a30       0x30 All_StdlinkSec_SamR21_Atsamr21e18a_Rf233_16Mhz_Gcc/Obj/myappIdentifyCluster.o
 .text.identifyClusterInit
                0x00006a60       0x3c All_StdlinkSec_SamR21_Atsamr21e18a_Rf233_16Mhz_Gcc/Obj/myappIdentifyCluster.o
                0x00006a60                identifyClusterInit
 .text.identifyClusterStop
                0x00006a9c       0x10 All_StdlinkSec_SamR21_Atsamr21e18a_Rf233_16Mhz_Gcc/Obj/myappIdentifyCluster.o
                0x00006a9c                identifyClusterStop
 .text.identifySubscribe
                0x00006aac       0x20 All_StdlinkSec_SamR21_Atsamr21e18a_Rf233_16Mhz_Gcc/Obj/myappIdentifyCluster.o
                0x00006aac                identifySubscribe
 .text.identifySendIdentifyQuery
                0x00006acc        0x4 All_StdlinkSec_SamR21_Atsamr21e18a_Rf233_16Mhz_Gcc/Obj/myappIdentifyCluster.o
                0x00006acc                identifySendIdentifyQuery
 .text.identifySendUpdateCommissioningState
                0x00006ad0        0x4 All_StdlinkSec_SamR21_Atsamr21e18a_Rf233_16Mhz_Gcc/Obj/myappIdentifyCluster.o
                0x00006ad0                identifySendUpdateCommissioningState
 .text.identifyIsIdentifying
                0x00006ad4       0x10 All_StdlinkSec_SamR21_Atsamr21e18a_Rf233_16Mhz_Gcc/Obj/myappIdentifyCluster.o
                0x00006ad4                identifyIsIdentifying
 .text.idetifyStartIdentifying
                0x00006ae4       0x20 All_StdlinkSec_SamR21_Atsamr21e18a_Rf233_16Mhz_Gcc/Obj/myappIdentifyCluster.o
                0x00006ae4                idetifyStartIdentifying
 .text.identifyUpdateCommissioningState
                0x00006b04       0x18 All_StdlinkSec_SamR21_Atsamr21e18a_Rf233_16Mhz_Gcc/Obj/myappIdentifyCluster.o
                0x00006b04                identifyUpdateCommissioningState
 .text.initScenes
                0x00006b1c       0x14 All_StdlinkSec_SamR21_Atsamr21e18a_Rf233_16Mhz_Gcc/Obj/myappScenes.o
                0x00006b1c                initScenes
 .text.allocateScene
                0x00006b30       0x28 All_StdlinkSec_SamR21_Atsamr21e18a_Rf233_16Mhz_Gcc/Obj/myappScenes.o
                0x00006b30                allocateScene
 .text.freeScene
                0x00006b58       0x14 All_StdlinkSec_SamR21_Atsamr21e18a_Rf233_16Mhz_Gcc/Obj/myappScenes.o
                0x00006b58                freeScene
 .text.findSceneBySceneAndGroup
                0x00006b6c       0x34 All_StdlinkSec_SamR21_Atsamr21e18a_Rf233_16Mhz_Gcc/Obj/myappScenes.o
                0x00006b6c                findSceneBySceneAndGroup
 .text.removeScenesByGroup
                0x00006ba0       0x40 All_StdlinkSec_SamR21_Atsamr21e18a_Rf233_16Mhz_Gcc/Obj/myappScenes.o
                0x00006ba0                removeScenesByGroup
 .text.getNextSceneByGroup
                0x00006be0       0x58 All_StdlinkSec_SamR21_Atsamr21e18a_Rf233_16Mhz_Gcc/Obj/myappScenes.o
                0x00006be0                getNextSceneByGroup
 .text.recallSceneInd
                0x00006c38       0x70 All_StdlinkSec_SamR21_Atsamr21e18a_Rf233_16Mhz_Gcc/Obj/myappScenesCluster.o
 .text.addSceneInd
                0x00006ca8      0x120 All_StdlinkSec_SamR21_Atsamr21e18a_Rf233_16Mhz_Gcc/Obj/myappScenesCluster.o
 .text.storeSceneInd
                0x00006dc8       0xec All_StdlinkSec_SamR21_Atsamr21e18a_Rf233_16Mhz_Gcc/Obj/myappScenesCluster.o
 .text.removeAllScenesInd
                0x00006eb4       0xb8 All_StdlinkSec_SamR21_Atsamr21e18a_Rf233_16Mhz_Gcc/Obj/myappScenesCluster.o
 .text.removeSceneInd
                0x00006f6c       0xc4 All_StdlinkSec_SamR21_Atsamr21e18a_Rf233_16Mhz_Gcc/Obj/myappScenesCluster.o
 .text.getSceneMembershipInd
                0x00007030       0xe4 All_StdlinkSec_SamR21_Atsamr21e18a_Rf233_16Mhz_Gcc/Obj/myappScenesCluster.o
 .text.viewSceneInd
                0x00007114       0xe4 All_StdlinkSec_SamR21_Atsamr21e18a_Rf233_16Mhz_Gcc/Obj/myappScenesCluster.o
 .text.scenesClusterInit
                0x000071f8       0x20 All_StdlinkSec_SamR21_Atsamr21e18a_Rf233_16Mhz_Gcc/Obj/myappScenesCluster.o
                0x000071f8                scenesClusterInit
 .text.scenesInvalidate
                0x00007218        0xc All_StdlinkSec_SamR21_Atsamr21e18a_Rf233_16Mhz_Gcc/Obj/myappScenesCluster.o
                0x00007218                scenesInvalidate
 .text.stopWOnOffInd
                0x00007224       0x30 All_StdlinkSec_SamR21_Atsamr21e18a_Rf233_16Mhz_Gcc/Obj/myappLevelControlCluster.o
 .text.stopInd  0x00007254       0x2c All_StdlinkSec_SamR21_Atsamr21e18a_Rf233_16Mhz_Gcc/Obj/myappLevelControlCluster.o
 .text.moveLevel
                0x00007280       0x70 All_StdlinkSec_SamR21_Atsamr21e18a_Rf233_16Mhz_Gcc/Obj/myappLevelControlCluster.o
 .text.moveWOnOffInd
                0x000072f0       0x3c All_StdlinkSec_SamR21_Atsamr21e18a_Rf233_16Mhz_Gcc/Obj/myappLevelControlCluster.o
 .text.moveInd  0x0000732c       0x38 All_StdlinkSec_SamR21_Atsamr21e18a_Rf233_16Mhz_Gcc/Obj/myappLevelControlCluster.o
 .text.moveToLevel
                0x00007364       0x68 All_StdlinkSec_SamR21_Atsamr21e18a_Rf233_16Mhz_Gcc/Obj/myappLevelControlCluster.o
 .text.moveToLevelWOnOffInd
                0x000073cc       0x48 All_StdlinkSec_SamR21_Atsamr21e18a_Rf233_16Mhz_Gcc/Obj/myappLevelControlCluster.o
 .text.moveToLevelInd
                0x00007414       0x48 All_StdlinkSec_SamR21_Atsamr21e18a_Rf233_16Mhz_Gcc/Obj/myappLevelControlCluster.o
 .text.stepLevel
                0x0000745c       0x8c All_StdlinkSec_SamR21_Atsamr21e18a_Rf233_16Mhz_Gcc/Obj/myappLevelControlCluster.o
 .text.stepWOnOffInd
                0x000074e8       0x40 All_StdlinkSec_SamR21_Atsamr21e18a_Rf233_16Mhz_Gcc/Obj/myappLevelControlCluster.o
 .text.stepInd  0x00007528       0x48 All_StdlinkSec_SamR21_Atsamr21e18a_Rf233_16Mhz_Gcc/Obj/myappLevelControlCluster.o
 .text.levelTransitionTimerFired
                0x00007570       0x70 All_StdlinkSec_SamR21_Atsamr21e18a_Rf233_16Mhz_Gcc/Obj/myappLevelControlCluster.o
 .text.levelControlClusterInit
                0x000075e0       0x20 All_StdlinkSec_SamR21_Atsamr21e18a_Rf233_16Mhz_Gcc/Obj/myappLevelControlCluster.o
                0x000075e0                levelControlClusterInit
 .text.levelControlClusterStop
                0x00007600       0x10 All_StdlinkSec_SamR21_Atsamr21e18a_Rf233_16Mhz_Gcc/Obj/myappLevelControlCluster.o
                0x00007600                levelControlClusterStop
 .text.levelControlCurrentLevel
                0x00007610        0xc All_StdlinkSec_SamR21_Atsamr21e18a_Rf233_16Mhz_Gcc/Obj/myappLevelControlCluster.o
                0x00007610                levelControlCurrentLevel
 .text.levelControlSetLevel
                0x0000761c       0x24 All_StdlinkSec_SamR21_Atsamr21e18a_Rf233_16Mhz_Gcc/Obj/myappLevelControlCluster.o
                0x0000761c                levelControlSetLevel
 .text.resetToFactoryDefaultsInd
                0x00007640       0x28 All_StdlinkSec_SamR21_Atsamr21e18a_Rf233_16Mhz_Gcc/Obj/myappBasicCluster.o
 .text.basicClusterInit
                0x00007668       0x44 All_StdlinkSec_SamR21_Atsamr21e18a_Rf233_16Mhz_Gcc/Obj/myappBasicCluster.o
                0x00007668                basicClusterInit
 .text.buttonsPressed
                0x000076ac       0x10 All_StdlinkSec_SamR21_Atsamr21e18a_Rf233_16Mhz_Gcc/Obj/myapp.o
 .text.updateCommissioningStateCb
                0x000076bc       0x20 All_StdlinkSec_SamR21_Atsamr21e18a_Rf233_16Mhz_Gcc/Obj/myapp.o
 .text.dlConfigureReportingResp
                0x000076dc       0x20 All_StdlinkSec_SamR21_Atsamr21e18a_Rf233_16Mhz_Gcc/Obj/myapp.o
 .text.buttonsReleased
                0x000076fc       0x24 All_StdlinkSec_SamR21_Atsamr21e18a_Rf233_16Mhz_Gcc/Obj/myapp.o
 .text.appDeviceInit
                0x00007720       0xcc All_StdlinkSec_SamR21_Atsamr21e18a_Rf233_16Mhz_Gcc/Obj/myapp.o
                0x00007720                appDeviceInit
 .text.appSecurityInit
                0x000077ec       0x24 All_StdlinkSec_SamR21_Atsamr21e18a_Rf233_16Mhz_Gcc/Obj/myapp.o
                0x000077ec                appSecurityInit
 .text.appDeviceTaskHandler
                0x00007810       0x14 All_StdlinkSec_SamR21_Atsamr21e18a_Rf233_16Mhz_Gcc/Obj/myapp.o
                0x00007810                appDeviceTaskHandler
 .text.getDeviceBindRequest
                0x00007824        0x4 All_StdlinkSec_SamR21_Atsamr21e18a_Rf233_16Mhz_Gcc/Obj/myapp.o
                0x00007824                getDeviceBindRequest
 .text.appStop  0x00007828        0xc All_StdlinkSec_SamR21_Atsamr21e18a_Rf233_16Mhz_Gcc/Obj/myapp.o
                0x00007828                appStop
 .text.appIsInitiator
                0x00007834        0x4 All_StdlinkSec_SamR21_Atsamr21e18a_Rf233_16Mhz_Gcc/Obj/myapp.o
                0x00007834                appIsInitiator
 .text.appEzModeDone
                0x00007838        0x4 All_StdlinkSec_SamR21_Atsamr21e18a_Rf233_16Mhz_Gcc/Obj/myapp.o
                0x00007838                appEzModeDone
 .text.ZDO_BindIndication
                0x0000783c        0x4 All_StdlinkSec_SamR21_Atsamr21e18a_Rf233_16Mhz_Gcc/Obj/myapp.o
                0x0000783c                ZDO_BindIndication
 .text.ZDO_UnbindIndication
                0x00007840        0x4 All_StdlinkSec_SamR21_Atsamr21e18a_Rf233_16Mhz_Gcc/Obj/myapp.o
                0x00007840                ZDO_UnbindIndication
 .text.addGroupIfidentifyingInd
                0x00007844       0x5c All_StdlinkSec_SamR21_Atsamr21e18a_Rf233_16Mhz_Gcc/Obj/myappGroupsCluster.o
 .text.removeAllGroupsInd
                0x000078a0       0x48 All_StdlinkSec_SamR21_Atsamr21e18a_Rf233_16Mhz_Gcc/Obj/myappGroupsCluster.o
 .text.addGroupInd
                0x000078e8       0x98 All_StdlinkSec_SamR21_Atsamr21e18a_Rf233_16Mhz_Gcc/Obj/myappGroupsCluster.o
 .text.removeGroupInd
                0x00007980       0x9c All_StdlinkSec_SamR21_Atsamr21e18a_Rf233_16Mhz_Gcc/Obj/myappGroupsCluster.o
 .text.viewGroupInd
                0x00007a1c       0x98 All_StdlinkSec_SamR21_Atsamr21e18a_Rf233_16Mhz_Gcc/Obj/myappGroupsCluster.o
 .text.getGroupMembershipInd
                0x00007ab4       0xec All_StdlinkSec_SamR21_Atsamr21e18a_Rf233_16Mhz_Gcc/Obj/myappGroupsCluster.o
 .text.groupsClusterInit
                0x00007ba0        0xc All_StdlinkSec_SamR21_Atsamr21e18a_Rf233_16Mhz_Gcc/Obj/myappGroupsCluster.o
                0x00007ba0                groupsClusterInit
 .text.processPseudoPowerOffCmd
                0x00007bac       0x10 All_StdlinkSec_SamR21_Atsamr21e18a_Rf233_16Mhz_Gcc/Obj/myappConsole.o
 .text.zdoPermitJoiningResponse
                0x00007bbc       0x24 All_StdlinkSec_SamR21_Atsamr21e18a_Rf233_16Mhz_Gcc/Obj/myappConsole.o
 .text.processGetDeviceTypeCmd
                0x00007be0       0x24 All_StdlinkSec_SamR21_Atsamr21e18a_Rf233_16Mhz_Gcc/Obj/myappConsole.o
 .text.processHelpCmd
                0x00007c04       0x44 All_StdlinkSec_SamR21_Atsamr21e18a_Rf233_16Mhz_Gcc/Obj/myappConsole.o
 .text.processRestartNwkCmd
                0x00007c48       0x20 All_StdlinkSec_SamR21_Atsamr21e18a_Rf233_16Mhz_Gcc/Obj/myappConsole.o
 .text.processSetPermitJoinCmd
                0x00007c68       0x40 All_StdlinkSec_SamR21_Atsamr21e18a_Rf233_16Mhz_Gcc/Obj/myappConsole.o
 .text.processResetToFactoryFreshCmd
                0x00007ca8       0x10 All_StdlinkSec_SamR21_Atsamr21e18a_Rf233_16Mhz_Gcc/Obj/myappConsole.o
 .text.processResetCmd
                0x00007cb8        0x8 All_StdlinkSec_SamR21_Atsamr21e18a_Rf233_16Mhz_Gcc/Obj/myappConsole.o
 .text.processInvokeEzModeCmd
                0x00007cc0        0xc All_StdlinkSec_SamR21_Atsamr21e18a_Rf233_16Mhz_Gcc/Obj/myappConsole.o
 .text.consoleTxStr
                0x00007ccc        0x8 All_StdlinkSec_SamR21_Atsamr21e18a_Rf233_16Mhz_Gcc/Obj/myappConsole.o
                0x00007ccc                consoleTxStr
 .text.initConsole
                0x00007cd4       0x10 All_StdlinkSec_SamR21_Atsamr21e18a_Rf233_16Mhz_Gcc/Obj/myappConsole.o
                0x00007cd4                initConsole
 .text.processConsole
                0x00007ce4       0x38 All_StdlinkSec_SamR21_Atsamr21e18a_Rf233_16Mhz_Gcc/Obj/myappConsole.o
                0x00007ce4                processConsole
 .text.onOffClusterInit
                0x00007d1c        0xc All_StdlinkSec_SamR21_Atsamr21e18a_Rf233_16Mhz_Gcc/Obj/myappOnOffCluster.o
                0x00007d1c                onOffClusterInit
 .text.onOffSetOnOffState
                0x00007d28       0x24 All_StdlinkSec_SamR21_Atsamr21e18a_Rf233_16Mhz_Gcc/Obj/myappOnOffCluster.o
                0x00007d28                onOffSetOnOffState
 .text.toggleInd
                0x00007d4c       0x30 All_StdlinkSec_SamR21_Atsamr21e18a_Rf233_16Mhz_Gcc/Obj/myappOnOffCluster.o
 .text.offInd   0x00007d7c       0x44 All_StdlinkSec_SamR21_Atsamr21e18a_Rf233_16Mhz_Gcc/Obj/myappOnOffCluster.o
 .text.onInd    0x00007dc0       0x44 All_StdlinkSec_SamR21_Atsamr21e18a_Rf233_16Mhz_Gcc/Obj/myappOnOffCluster.o
 .text.onOffState
                0x00007e04        0xc All_StdlinkSec_SamR21_Atsamr21e18a_Rf233_16Mhz_Gcc/Obj/myappOnOffCluster.o
                0x00007e04                onOffState
 .text.commandZclRequestResp
                0x00007e10       0xc8 All_StdlinkSec_SamR21_Atsamr21e18a_Rf233_16Mhz_Gcc/Obj/commandManager.o
 .text.commandManagerAllocCommand
                0x00007ed8       0x54 All_StdlinkSec_SamR21_Atsamr21e18a_Rf233_16Mhz_Gcc/Obj/commandManager.o
                0x00007ed8                commandManagerAllocCommand
 .text.commandManagerSendCommand
                0x00007f2c       0x14 All_StdlinkSec_SamR21_Atsamr21e18a_Rf233_16Mhz_Gcc/Obj/commandManager.o
                0x00007f2c                commandManagerSendCommand
 .text.commandManagerSendAttribute
                0x00007f40       0x14 All_StdlinkSec_SamR21_Atsamr21e18a_Rf233_16Mhz_Gcc/Obj/commandManager.o
                0x00007f40                commandManagerSendAttribute
 .text.decimalStrToUlong.part.0
                0x00007f54       0x68 All_StdlinkSec_SamR21_Atsamr21e18a_Rf233_16Mhz_Gcc/Obj/console.o
 .text.decimalStrToSlong
                0x00007fbc       0x44 All_StdlinkSec_SamR21_Atsamr21e18a_Rf233_16Mhz_Gcc/Obj/console.o
                0x00007fbc                decimalStrToSlong
 .text.hexStrToUlong
                0x00008000       0x6c All_StdlinkSec_SamR21_Atsamr21e18a_Rf233_16Mhz_Gcc/Obj/console.o
                0x00008000                hexStrToUlong
 .text.consoleRegisterCommands
                0x0000806c        0xc All_StdlinkSec_SamR21_Atsamr21e18a_Rf233_16Mhz_Gcc/Obj/console.o
                0x0000806c                consoleRegisterCommands
 .text.consoleRx
                0x00008078      0x1d0 All_StdlinkSec_SamR21_Atsamr21e18a_Rf233_16Mhz_Gcc/Obj/console.o
                0x00008078                consoleRx
 .text.uartDataReceived
                0x00008248        0x8 All_StdlinkSec_SamR21_Atsamr21e18a_Rf233_16Mhz_Gcc/Obj/uartManager.o
 .text.uartInit
                0x00008250       0x50 All_StdlinkSec_SamR21_Atsamr21e18a_Rf233_16Mhz_Gcc/Obj/uartManager.o
                0x00008250                uartInit
 .text.readDataFromUart
                0x000082a0       0x18 All_StdlinkSec_SamR21_Atsamr21e18a_Rf233_16Mhz_Gcc/Obj/uartManager.o
                0x000082a0                readDataFromUart
 .text.appSnprintf
                0x000082b8       0x2c All_StdlinkSec_SamR21_Atsamr21e18a_Rf233_16Mhz_Gcc/Obj/uartManager.o
                0x000082b8                appSnprintf
 .text.ezModeTimerFired
                0x000082e4       0x24 All_StdlinkSec_SamR21_Atsamr21e18a_Rf233_16Mhz_Gcc/Obj/ezModeManager.o
 .text.ezModeIdentifyQueryTimerFired
                0x00008308       0x14 All_StdlinkSec_SamR21_Atsamr21e18a_Rf233_16Mhz_Gcc/Obj/ezModeManager.o
 .text.matchBindDevices
                0x0000831c       0xac All_StdlinkSec_SamR21_Atsamr21e18a_Rf233_16Mhz_Gcc/Obj/ezModeManager.o
 .text.commissionNextEndpoint
                0x000083c8       0x68 All_StdlinkSec_SamR21_Atsamr21e18a_Rf233_16Mhz_Gcc/Obj/ezModeManager.o
 .text.bindNextCluster
                0x00008430       0x70 All_StdlinkSec_SamR21_Atsamr21e18a_Rf233_16Mhz_Gcc/Obj/ezModeManager.o
 .text.matchHandlingFinished
                0x000084a0       0x64 All_StdlinkSec_SamR21_Atsamr21e18a_Rf233_16Mhz_Gcc/Obj/ezModeManager.o
 .text.zdpMatchDescResp
                0x00008504       0x40 All_StdlinkSec_SamR21_Atsamr21e18a_Rf233_16Mhz_Gcc/Obj/ezModeManager.o
 .text.doApsBinding.isra.2
                0x00008544       0x4c All_StdlinkSec_SamR21_Atsamr21e18a_Rf233_16Mhz_Gcc/Obj/ezModeManager.o
 .text.zdoPermitJoiningResponse
                0x00008590       0x80 All_StdlinkSec_SamR21_Atsamr21e18a_Rf233_16Mhz_Gcc/Obj/ezModeManager.o
 .text.identifyQueryResponseCb
                0x00008610       0x5c All_StdlinkSec_SamR21_Atsamr21e18a_Rf233_16Mhz_Gcc/Obj/ezModeManager.o
 .text.doApsAndZdoBinding.constprop.6
                0x0000866c      0x158 All_StdlinkSec_SamR21_Atsamr21e18a_Rf233_16Mhz_Gcc/Obj/ezModeManager.o
 .text.zdpBindResp
                0x000087c4       0x2c All_StdlinkSec_SamR21_Atsamr21e18a_Rf233_16Mhz_Gcc/Obj/ezModeManager.o
 .text.zdpIeeeAddrResp
                0x000087f0       0x30 All_StdlinkSec_SamR21_Atsamr21e18a_Rf233_16Mhz_Gcc/Obj/ezModeManager.o
 .text.initEzModeManager
                0x00008820       0x1c All_StdlinkSec_SamR21_Atsamr21e18a_Rf233_16Mhz_Gcc/Obj/ezModeManager.o
                0x00008820                initEzModeManager
 .text.invokeEzMode
                0x0000883c       0x64 All_StdlinkSec_SamR21_Atsamr21e18a_Rf233_16Mhz_Gcc/Obj/ezModeManager.o
                0x0000883c                invokeEzMode
 .text.resetEzModeInProgress
                0x000088a0       0x18 All_StdlinkSec_SamR21_Atsamr21e18a_Rf233_16Mhz_Gcc/Obj/ezModeManager.o
                0x000088a0                resetEzModeInProgress
 .text.nwkLeaveIndHandler
                0x000088b8        0xc All_StdlinkSec_SamR21_Atsamr21e18a_Rf233_16Mhz_Gcc/Obj/zclDevice.o
 .text.zdoResetNwkConf
                0x000088c4       0x38 All_StdlinkSec_SamR21_Atsamr21e18a_Rf233_16Mhz_Gcc/Obj/zclDevice.o
 .text.setDeviceJoinParameters
                0x000088fc       0x50 All_StdlinkSec_SamR21_Atsamr21e18a_Rf233_16Mhz_Gcc/Obj/zclDevice.o
 .text.ZDO_StartNetworkConf
                0x0000894c       0xc4 All_StdlinkSec_SamR21_Atsamr21e18a_Rf233_16Mhz_Gcc/Obj/zclDevice.o
 .text.APL_TaskHandler
                0x00008a10      0x148 All_StdlinkSec_SamR21_Atsamr21e18a_Rf233_16Mhz_Gcc/Obj/zclDevice.o
                0x00008a10                APL_TaskHandler
 .text.ZDO_MgmtNwkUpdateNotf
                0x00008b58       0x80 All_StdlinkSec_SamR21_Atsamr21e18a_Rf233_16Mhz_Gcc/Obj/zclDevice.o
                0x00008b58                ZDO_MgmtNwkUpdateNotf
 .text.ZDO_WakeUpInd
                0x00008bd8        0x4 All_StdlinkSec_SamR21_Atsamr21e18a_Rf233_16Mhz_Gcc/Obj/zclDevice.o
                0x00008bd8                ZDO_WakeUpInd
 .text.appRestart
                0x00008bdc       0x28 All_StdlinkSec_SamR21_Atsamr21e18a_Rf233_16Mhz_Gcc/Obj/zclDevice.o
                0x00008bdc                appRestart
 .text.ZCL_ConfigureReportingResp
                0x00008c04        0x4 All_StdlinkSec_SamR21_Atsamr21e18a_Rf233_16Mhz_Gcc/Obj/haClusters.o
 .text.fillCommandRequest
                0x00008c08       0x18 All_StdlinkSec_SamR21_Atsamr21e18a_Rf233_16Mhz_Gcc/Obj/haClusters.o
                0x00008c08                fillCommandRequest
 .text.getFreeCommand
                0x00008c20       0x38 All_StdlinkSec_SamR21_Atsamr21e18a_Rf233_16Mhz_Gcc/Obj/haClusters.o
                0x00008c20                getFreeCommand
 .text.fillDstAddressingViaSourceAddressing
                0x00008c58       0x10 All_StdlinkSec_SamR21_Atsamr21e18a_Rf233_16Mhz_Gcc/Obj/haClusters.o
                0x00008c58                fillDstAddressingViaSourceAddressing
 .text.sendConfigureReportingToNotify
                0x00008c68       0xc4 All_StdlinkSec_SamR21_Atsamr21e18a_Rf233_16Mhz_Gcc/Obj/haClusters.o
                0x00008c68                sendConfigureReportingToNotify
 .text.fillExtendedBcSet
                0x00008d2c       0xcc All_StdlinkSec_SamR21_Atsamr21e18a_Rf233_16Mhz_Gcc/Obj/wlPdsTypesConverter.o
                0x00008d2c                fillExtendedBcSet
 .text.pdsGetItemDescr
                0x00008df8       0x44 All_StdlinkSec_SamR21_Atsamr21e18a_Rf233_16Mhz_Gcc/Obj/wlPdsTypesConverter.o
                0x00008df8                pdsGetItemDescr
 .text.pdsUpdateMemory
                0x00008e3c      0x25c All_StdlinkSec_SamR21_Atsamr21e18a_Rf233_16Mhz_Gcc/Obj/wlPdsTypesConverter.o
                0x00008e3c                pdsUpdateMemory
 .text.pdsGetDirDescr
                0x00009098       0x40 All_StdlinkSec_SamR21_Atsamr21e18a_Rf233_16Mhz_Gcc/Obj/wlPdsTypesConverter.o
                0x00009098                pdsGetDirDescr
 .text.pdsPostTask
                0x000090d8       0x38 All_StdlinkSec_SamR21_Atsamr21e18a_Rf233_16Mhz_Gcc/Obj/wlPdsTaskManager.o
                0x000090d8                pdsPostTask
 .text.PDS_TaskHandler
                0x00009110       0x60 All_StdlinkSec_SamR21_Atsamr21e18a_Rf233_16Mhz_Gcc/Obj/wlPdsTaskManager.o
                0x00009110                PDS_TaskHandler
 .text.PDS_EraseSecureItems
                0x00009170        0x4 All_StdlinkSec_SamR21_Atsamr21e18a_Rf233_16Mhz_Gcc/Obj/wlPdsSecurity.o
                0x00009170                PDS_EraseSecureItems
 .text.PDS_Init
                0x00009174        0xc All_StdlinkSec_SamR21_Atsamr21e18a_Rf233_16Mhz_Gcc/Obj/wlPdsInit.o
                0x00009174                PDS_Init
 .text.pdsObserver
                0x00009180       0x84 All_StdlinkSec_SamR21_Atsamr21e18a_Rf233_16Mhz_Gcc/Obj/wlPdsDataServer.o
 .text.pdsInitItemMask
                0x00009204       0xa8 All_StdlinkSec_SamR21_Atsamr21e18a_Rf233_16Mhz_Gcc/Obj/wlPdsDataServer.o
 .text.PDS_Restore
                0x000092ac       0xd8 All_StdlinkSec_SamR21_Atsamr21e18a_Rf233_16Mhz_Gcc/Obj/wlPdsDataServer.o
                0x000092ac                PDS_Restore
 .text.PDS_Store
                0x00009384       0x1c All_StdlinkSec_SamR21_Atsamr21e18a_Rf233_16Mhz_Gcc/Obj/wlPdsDataServer.o
                0x00009384                PDS_Store
 .text.PDS_DeleteAll
                0x000093a0        0xc All_StdlinkSec_SamR21_Atsamr21e18a_Rf233_16Mhz_Gcc/Obj/wlPdsDataServer.o
                0x000093a0                PDS_DeleteAll
 .text.pdsStoreItemTaskHandler
                0x000093ac       0xe8 All_StdlinkSec_SamR21_Atsamr21e18a_Rf233_16Mhz_Gcc/Obj/wlPdsDataServer.o
                0x000093ac                pdsStoreItemTaskHandler
 .text.PDS_StoreByEvents
                0x00009494       0x5c All_StdlinkSec_SamR21_Atsamr21e18a_Rf233_16Mhz_Gcc/Obj/wlPdsDataServer.o
                0x00009494                PDS_StoreByEvents
 .text.PDS_IsAbleToRestore
                0x000094f0       0x5c All_StdlinkSec_SamR21_Atsamr21e18a_Rf233_16Mhz_Gcc/Obj/wlPdsDataServer.o
                0x000094f0                PDS_IsAbleToRestore
 .text.ComputeHeaderCrc
                0x0000954c       0x30 All_StdlinkSec_SamR21_Atsamr21e18a_Rf233_16Mhz_Gcc/Obj/S_Nv.o
 .text.FindItemCache
                0x0000957c       0x54 All_StdlinkSec_SamR21_Atsamr21e18a_Rf233_16Mhz_Gcc/Obj/S_Nv.o
 .text.CreateItemCache
                0x000095d0       0x4c All_StdlinkSec_SamR21_Atsamr21e18a_Rf233_16Mhz_Gcc/Obj/S_Nv.o
 .text.DeleteItemCache
                0x0000961c       0x44 All_StdlinkSec_SamR21_Atsamr21e18a_Rf233_16Mhz_Gcc/Obj/S_Nv.o
 .text.WriteAndCheck
                0x00009660       0x28 All_StdlinkSec_SamR21_Atsamr21e18a_Rf233_16Mhz_Gcc/Obj/S_Nv.o
 .text.InitSector
                0x00009688       0x74 All_StdlinkSec_SamR21_Atsamr21e18a_Rf233_16Mhz_Gcc/Obj/S_Nv.o
 .text.ActivateSector
                0x000096fc       0x18 All_StdlinkSec_SamR21_Atsamr21e18a_Rf233_16Mhz_Gcc/Obj/S_Nv.o
 .text.GatherData
                0x00009714      0x128 All_StdlinkSec_SamR21_Atsamr21e18a_Rf233_16Mhz_Gcc/Obj/S_Nv.o
 .text.eraseSectorTimerFired
                0x0000983c       0x24 All_StdlinkSec_SamR21_Atsamr21e18a_Rf233_16Mhz_Gcc/Obj/S_Nv.o
 .text.WriteBlockHeader
                0x00009860       0x48 All_StdlinkSec_SamR21_Atsamr21e18a_Rf233_16Mhz_Gcc/Obj/S_Nv.o
 .text.CompactSector
                0x000098a8      0x140 All_StdlinkSec_SamR21_Atsamr21e18a_Rf233_16Mhz_Gcc/Obj/S_Nv.o
 .text.WriteDataBlock
                0x000099e8       0x70 All_StdlinkSec_SamR21_Atsamr21e18a_Rf233_16Mhz_Gcc/Obj/S_Nv.o
 .text.CompactSectorIfNeeded
                0x00009a58       0x5c All_StdlinkSec_SamR21_Atsamr21e18a_Rf233_16Mhz_Gcc/Obj/S_Nv.o
 .text.CompactItem
                0x00009ab4      0x14c All_StdlinkSec_SamR21_Atsamr21e18a_Rf233_16Mhz_Gcc/Obj/S_Nv.o
 .text.compactItemTimerFired
                0x00009c00        0x8 All_StdlinkSec_SamR21_Atsamr21e18a_Rf233_16Mhz_Gcc/Obj/S_Nv.o
 .text.compactSectorTimerFired
                0x00009c08       0x2c All_StdlinkSec_SamR21_Atsamr21e18a_Rf233_16Mhz_Gcc/Obj/S_Nv.o
 .text.S_Nv_EarlyInit
                0x00009c34      0x16c All_StdlinkSec_SamR21_Atsamr21e18a_Rf233_16Mhz_Gcc/Obj/S_Nv.o
                0x00009c34                S_Nv_EarlyInit
 .text.S_Nv_Init
                0x00009da0       0x30 All_StdlinkSec_SamR21_Atsamr21e18a_Rf233_16Mhz_Gcc/Obj/S_Nv.o
                0x00009da0                S_Nv_Init
 .text.S_Nv_Write_Impl
                0x00009dd0       0xf0 All_StdlinkSec_SamR21_Atsamr21e18a_Rf233_16Mhz_Gcc/Obj/S_Nv.o
                0x00009dd0                S_Nv_Write_Impl
 .text.S_Nv_Read_Impl
                0x00009ec0       0x84 All_StdlinkSec_SamR21_Atsamr21e18a_Rf233_16Mhz_Gcc/Obj/S_Nv.o
                0x00009ec0                S_Nv_Read_Impl
 .text.S_Nv_ItemLength_Impl
                0x00009f44       0x58 All_StdlinkSec_SamR21_Atsamr21e18a_Rf233_16Mhz_Gcc/Obj/S_Nv.o
                0x00009f44                S_Nv_ItemLength_Impl
 .text.S_Nv_ItemInit_Impl
                0x00009f9c       0xdc All_StdlinkSec_SamR21_Atsamr21e18a_Rf233_16Mhz_Gcc/Obj/S_Nv.o
                0x00009f9c                S_Nv_ItemInit_Impl
 .text.S_Nv_EraseAll_Impl
                0x0000a078       0x90 All_StdlinkSec_SamR21_Atsamr21e18a_Rf233_16Mhz_Gcc/Obj/S_Nv.o
                0x0000a078                S_Nv_EraseAll_Impl
 .text.S_Nv_IsItemAvailable_Impl
                0x0000a108       0x20 All_StdlinkSec_SamR21_Atsamr21e18a_Rf233_16Mhz_Gcc/Obj/S_Nv.o
                0x0000a108                S_Nv_IsItemAvailable_Impl
 .text.CompareData
                0x0000a128       0xd8 All_StdlinkSec_SamR21_Atsamr21e18a_Rf233_16Mhz_Gcc/Obj/D_Nv.o
 .text.D_Nv_Init
                0x0000a200       0x38 All_StdlinkSec_SamR21_Atsamr21e18a_Rf233_16Mhz_Gcc/Obj/D_Nv.o
                0x0000a200                D_Nv_Init
 .text.D_Nv_Read_Impl
                0x0000a238       0x64 All_StdlinkSec_SamR21_Atsamr21e18a_Rf233_16Mhz_Gcc/Obj/D_Nv.o
                0x0000a238                D_Nv_Read_Impl
 .text.D_Nv_Write_Impl
                0x0000a29c       0xe0 All_StdlinkSec_SamR21_Atsamr21e18a_Rf233_16Mhz_Gcc/Obj/D_Nv.o
                0x0000a29c                D_Nv_Write_Impl
 .text.D_Nv_EraseSector_Impl
                0x0000a37c       0x3c All_StdlinkSec_SamR21_Atsamr21e18a_Rf233_16Mhz_Gcc/Obj/D_Nv.o
                0x0000a37c                D_Nv_EraseSector_Impl
 .text.D_Nv_IsEmpty_Impl
                0x0000a3b8        0xc All_StdlinkSec_SamR21_Atsamr21e18a_Rf233_16Mhz_Gcc/Obj/D_Nv.o
                0x0000a3b8                D_Nv_IsEmpty_Impl
 .text.D_Nv_IsEqual_Impl
                0x0000a3c4        0x8 All_StdlinkSec_SamR21_Atsamr21e18a_Rf233_16Mhz_Gcc/Obj/D_Nv.o
                0x0000a3c4                D_Nv_IsEqual_Impl
 .text.N_ErrH_Fatal
                0x0000a3cc        0x4 All_StdlinkSec_SamR21_Atsamr21e18a_Rf233_16Mhz_Gcc/Obj/S_Nv_Stub.o
                0x0000a3cc                N_ErrH_Fatal
 .text.N_Log_Prepare
                0x0000a3d0        0x4 All_StdlinkSec_SamR21_Atsamr21e18a_Rf233_16Mhz_Gcc/Obj/S_Nv_Stub.o
                0x0000a3d0                N_Log_Prepare
 .text.N_Log_Trace
                0x0000a3d4        0x8 All_StdlinkSec_SamR21_Atsamr21e18a_Rf233_16Mhz_Gcc/Obj/S_Nv_Stub.o
                0x0000a3d4                N_Log_Trace
 .text.zclSecurityTaskHandler
                0x0000a3dc       0x34 All_StdlinkSec_SamR21_Atsamr21e18a_Rf233_16Mhz_Gcc/Obj/zclSecurityManager.o
                0x0000a3dc                zclSecurityTaskHandler
 .text.ZCL_ResetSecurity
                0x0000a410        0xc All_StdlinkSec_SamR21_Atsamr21e18a_Rf233_16Mhz_Gcc/Obj/zclSecurityManager.o
                0x0000a410                ZCL_ResetSecurity
 .text.ZCL_Set  0x0000a41c       0x44 All_StdlinkSec_SamR21_Atsamr21e18a_Rf233_16Mhz_Gcc/Obj/zclSecurityManager.o
                0x0000a41c                ZCL_Set
 .text.formZclHeader
                0x0000a460       0x6c All_StdlinkSec_SamR21_Atsamr21e18a_Rf233_16Mhz_Gcc/Obj/zclParser.o
 .text.zclParserDataConf
                0x0000a4cc        0xc All_StdlinkSec_SamR21_Atsamr21e18a_Rf233_16Mhz_Gcc/Obj/zclParser.o
 .text.formReadAttributesStructuredResponse
                0x0000a4d8       0xf4 All_StdlinkSec_SamR21_Atsamr21e18a_Rf233_16Mhz_Gcc/Obj/zclParser.o
 .text.formReadAttributesResponse
                0x0000a5cc      0x10c All_StdlinkSec_SamR21_Atsamr21e18a_Rf233_16Mhz_Gcc/Obj/zclParser.o
 .text.sendDefaultResponse
                0x0000a6d8      0x120 All_StdlinkSec_SamR21_Atsamr21e18a_Rf233_16Mhz_Gcc/Obj/zclParser.o
 .text.getElementLength
                0x0000a7f8       0xb8 All_StdlinkSec_SamR21_Atsamr21e18a_Rf233_16Mhz_Gcc/Obj/zclParser.o
 .text.zclFindAppropriateRequest.isra.3
                0x0000a8b0       0x68 All_StdlinkSec_SamR21_Atsamr21e18a_Rf233_16Mhz_Gcc/Obj/zclParser.o
 .text.sendRelevantResponse
                0x0000a918       0xb8 All_StdlinkSec_SamR21_Atsamr21e18a_Rf233_16Mhz_Gcc/Obj/zclParser.o
 .text.zclParserInit
                0x0000a9d0       0x10 All_StdlinkSec_SamR21_Atsamr21e18a_Rf233_16Mhz_Gcc/Obj/zclParser.o
                0x0000a9d0                zclParserInit
 .text.zclDataInd
                0x0000a9e0       0xb8 All_StdlinkSec_SamR21_Atsamr21e18a_Rf233_16Mhz_Gcc/Obj/zclParser.o
                0x0000a9e0                zclDataInd
 .text.zclParserTaskHandler
                0x0000aa98      0x81c All_StdlinkSec_SamR21_Atsamr21e18a_Rf233_16Mhz_Gcc/Obj/zclParser.o
                0x0000aa98                zclParserTaskHandler
 .text.ZCL_PutNextElement
                0x0000b2b4       0x4c All_StdlinkSec_SamR21_Atsamr21e18a_Rf233_16Mhz_Gcc/Obj/zclParser.o
                0x0000b2b4                ZCL_PutNextElement
 .text.ZCL_GetNextElement
                0x0000b300       0x68 All_StdlinkSec_SamR21_Atsamr21e18a_Rf233_16Mhz_Gcc/Obj/zclParser.o
                0x0000b300                ZCL_GetNextElement
 .text.zclFormRequest
                0x0000b368       0x44 All_StdlinkSec_SamR21_Atsamr21e18a_Rf233_16Mhz_Gcc/Obj/zclParser.o
                0x0000b368                zclFormRequest
 .text.displayMessagePayloadChecker
                0x0000b3ac        0x8 All_StdlinkSec_SamR21_Atsamr21e18a_Rf233_16Mhz_Gcc/Obj/zclCommandAnalyzer.o
 .text.publishPricePayloadChecker
                0x0000b3b4        0xc All_StdlinkSec_SamR21_Atsamr21e18a_Rf233_16Mhz_Gcc/Obj/zclCommandAnalyzer.o
 .text.zclIsResponseRequiredByPayload
                0x0000b3c0       0x44 All_StdlinkSec_SamR21_Atsamr21e18a_Rf233_16Mhz_Gcc/Obj/zclCommandAnalyzer.o
                0x0000b3c0                zclIsResponseRequiredByPayload
 .text.zclIsResponseRequiredByAddrMode
                0x0000b404       0x24 All_StdlinkSec_SamR21_Atsamr21e18a_Rf233_16Mhz_Gcc/Obj/zclCommandAnalyzer.o
                0x0000b404                zclIsResponseRequiredByAddrMode
 .text.zclPostTask
                0x0000b428       0x38 All_StdlinkSec_SamR21_Atsamr21e18a_Rf233_16Mhz_Gcc/Obj/zclTaskManager.o
                0x0000b428                zclPostTask
 .text.ZCL_TaskHandler
                0x0000b460       0x94 All_StdlinkSec_SamR21_Atsamr21e18a_Rf233_16Mhz_Gcc/Obj/zclTaskManager.o
                0x0000b460                ZCL_TaskHandler
 .text.readSignedLE
                0x0000b4f4       0x44 All_StdlinkSec_SamR21_Atsamr21e18a_Rf233_16Mhz_Gcc/Obj/zclAttributes.o
 .text.zclNextEndpoint
                0x0000b538       0x1c All_StdlinkSec_SamR21_Atsamr21e18a_Rf233_16Mhz_Gcc/Obj/zclAttributes.o
                0x0000b538                zclNextEndpoint
 .text.zclGetEndpoint
                0x0000b554       0x1c All_StdlinkSec_SamR21_Atsamr21e18a_Rf233_16Mhz_Gcc/Obj/zclAttributes.o
                0x0000b554                zclGetEndpoint
 .text.ZCL_GetCluster
                0x0000b570       0x4c All_StdlinkSec_SamR21_Atsamr21e18a_Rf233_16Mhz_Gcc/Obj/zclAttributes.o
                0x0000b570                ZCL_GetCluster
 .text.ZCL_GetHeadCluster
                0x0000b5bc       0x14 All_StdlinkSec_SamR21_Atsamr21e18a_Rf233_16Mhz_Gcc/Obj/zclAttributes.o
                0x0000b5bc                ZCL_GetHeadCluster
 .text.ZCL_GetNextCluster
                0x0000b5d0        0x4 All_StdlinkSec_SamR21_Atsamr21e18a_Rf233_16Mhz_Gcc/Obj/zclAttributes.o
                0x0000b5d0                ZCL_GetNextCluster
 .text.zclGetCommand
                0x0000b5d4       0x48 All_StdlinkSec_SamR21_Atsamr21e18a_Rf233_16Mhz_Gcc/Obj/zclAttributes.o
                0x0000b5d4                zclGetCommand
 .text.zclGetCommandByCluster
                0x0000b61c       0x40 All_StdlinkSec_SamR21_Atsamr21e18a_Rf233_16Mhz_Gcc/Obj/zclAttributes.o
                0x0000b61c                zclGetCommandByCluster
 .text.zclGetNextCommand
                0x0000b65c        0x4 All_StdlinkSec_SamR21_Atsamr21e18a_Rf233_16Mhz_Gcc/Obj/zclAttributes.o
                0x0000b65c                zclGetNextCommand
 .text.zclGetSecurityTypeByClusterId
                0x0000b660       0x30 All_StdlinkSec_SamR21_Atsamr21e18a_Rf233_16Mhz_Gcc/Obj/zclAttributes.o
                0x0000b660                zclGetSecurityTypeByClusterId
 .text.ZCL_GetDataTypeDescriptor
                0x0000b690      0x100 All_StdlinkSec_SamR21_Atsamr21e18a_Rf233_16Mhz_Gcc/Obj/zclAttributes.o
                0x0000b690                ZCL_GetDataTypeDescriptor
 .text.jumpToNextAttribute
                0x0000b790       0x38 All_StdlinkSec_SamR21_Atsamr21e18a_Rf233_16Mhz_Gcc/Obj/zclAttributes.o
                0x0000b790                jumpToNextAttribute
 .text.zclGetAttribute
                0x0000b7c8       0x44 All_StdlinkSec_SamR21_Atsamr21e18a_Rf233_16Mhz_Gcc/Obj/zclAttributes.o
                0x0000b7c8                zclGetAttribute
 .text.zclGetNextAttribute
                0x0000b80c       0x60 All_StdlinkSec_SamR21_Atsamr21e18a_Rf233_16Mhz_Gcc/Obj/zclAttributes.o
                0x0000b80c                zclGetNextAttribute
 .text.zclReadAttributeValueSafe
                0x0000b86c       0x4c All_StdlinkSec_SamR21_Atsamr21e18a_Rf233_16Mhz_Gcc/Obj/zclAttributes.o
                0x0000b86c                zclReadAttributeValueSafe
 .text.zclObtainStructureElement
                0x0000b8b8       0x50 All_StdlinkSec_SamR21_Atsamr21e18a_Rf233_16Mhz_Gcc/Obj/zclAttributes.o
 .text.zclReadIndexedAttribute
                0x0000b908       0xfc All_StdlinkSec_SamR21_Atsamr21e18a_Rf233_16Mhz_Gcc/Obj/zclAttributes.o
                0x0000b908                zclReadIndexedAttribute
 .text.isReportingPermitted
                0x0000ba04       0x34 All_StdlinkSec_SamR21_Atsamr21e18a_Rf233_16Mhz_Gcc/Obj/zclAttributes.o
                0x0000ba04                isReportingPermitted
 .text.zclReportOnChangeIfNeeded.isra.0
                0x0000ba38      0x16c All_StdlinkSec_SamR21_Atsamr21e18a_Rf233_16Mhz_Gcc/Obj/zclAttributes.o
 .text.zclWriteAttribute
                0x0000bba4      0x240 All_StdlinkSec_SamR21_Atsamr21e18a_Rf233_16Mhz_Gcc/Obj/zclAttributes.o
 .text.zclRemoteWriteAttributeValue
                0x0000bde4       0x20 All_StdlinkSec_SamR21_Atsamr21e18a_Rf233_16Mhz_Gcc/Obj/zclAttributes.o
                0x0000bde4                zclRemoteWriteAttributeValue
 .text.ZCL_ReportOnChangeIfNeeded
                0x0000be04       0x24 All_StdlinkSec_SamR21_Atsamr21e18a_Rf233_16Mhz_Gcc/Obj/zclAttributes.o
                0x0000be04                ZCL_ReportOnChangeIfNeeded
 .text.ZCL_GetAttributeLength
                0x0000be28       0x14 All_StdlinkSec_SamR21_Atsamr21e18a_Rf233_16Mhz_Gcc/Obj/zclAttributes.o
                0x0000be28                ZCL_GetAttributeLength
 .text.zclRepostTaskTimerFired
                0x0000be3c       0x18 All_StdlinkSec_SamR21_Atsamr21e18a_Rf233_16Mhz_Gcc/Obj/zcl.o
 .text.reportConfirm
                0x0000be54       0x24 All_StdlinkSec_SamR21_Atsamr21e18a_Rf233_16Mhz_Gcc/Obj/zcl.o
 .text.responseConfirm
                0x0000be78        0xc All_StdlinkSec_SamR21_Atsamr21e18a_Rf233_16Mhz_Gcc/Obj/zcl.o
 .text.zclWaitTimerFired
                0x0000be84       0x98 All_StdlinkSec_SamR21_Atsamr21e18a_Rf233_16Mhz_Gcc/Obj/zcl.o
 .text.zclVerifyConfirmResponseOrder
                0x0000bf1c       0x64 All_StdlinkSec_SamR21_Atsamr21e18a_Rf233_16Mhz_Gcc/Obj/zcl.o
 .text.zclStartWaitResponseTimer
                0x0000bf80       0x98 All_StdlinkSec_SamR21_Atsamr21e18a_Rf233_16Mhz_Gcc/Obj/zcl.o
 .text.attributeConfirm
                0x0000c018       0x80 All_StdlinkSec_SamR21_Atsamr21e18a_Rf233_16Mhz_Gcc/Obj/zcl.o
 .text.zclReportTimerFired
                0x0000c098      0x2ec All_StdlinkSec_SamR21_Atsamr21e18a_Rf233_16Mhz_Gcc/Obj/zcl.o
 .text.commandConfirm
                0x0000c384       0x6c All_StdlinkSec_SamR21_Atsamr21e18a_Rf233_16Mhz_Gcc/Obj/zcl.o
 .text.ZCL_ResetReq
                0x0000c3f0       0x54 All_StdlinkSec_SamR21_Atsamr21e18a_Rf233_16Mhz_Gcc/Obj/zcl.o
                0x0000c3f0                ZCL_ResetReq
 .text.ZCL_RegisterEndpoint
                0x0000c444       0x18 All_StdlinkSec_SamR21_Atsamr21e18a_Rf233_16Mhz_Gcc/Obj/zcl.o
                0x0000c444                ZCL_RegisterEndpoint
 .text.ZCL_AttributeReq
                0x0000c45c       0x2c All_StdlinkSec_SamR21_Atsamr21e18a_Rf233_16Mhz_Gcc/Obj/zcl.o
                0x0000c45c                ZCL_AttributeReq
 .text.ZCL_CommandReq
                0x0000c488       0x1c All_StdlinkSec_SamR21_Atsamr21e18a_Rf233_16Mhz_Gcc/Obj/zcl.o
                0x0000c488                ZCL_CommandReq
 .text.ZCL_StartReporting
                0x0000c4a4       0xd4 All_StdlinkSec_SamR21_Atsamr21e18a_Rf233_16Mhz_Gcc/Obj/zcl.o
                0x0000c4a4                ZCL_StartReporting
 .text.zclStopResponseWaitTimer
                0x0000c578       0x10 All_StdlinkSec_SamR21_Atsamr21e18a_Rf233_16Mhz_Gcc/Obj/zcl.o
                0x0000c578                zclStopResponseWaitTimer
 .text.zclTaskHandler
                0x0000c588      0x2d0 All_StdlinkSec_SamR21_Atsamr21e18a_Rf233_16Mhz_Gcc/Obj/zcl.o
                0x0000c588                zclTaskHandler
 .text.zclResponseInd
                0x0000c858       0x98 All_StdlinkSec_SamR21_Atsamr21e18a_Rf233_16Mhz_Gcc/Obj/zcl.o
                0x0000c858                zclResponseInd
 .text.zclReportInd
                0x0000c8f0       0x78 All_StdlinkSec_SamR21_Atsamr21e18a_Rf233_16Mhz_Gcc/Obj/zcl.o
                0x0000c8f0                zclReportInd
 .text.zclAttributeEventInd
                0x0000c968       0x70 All_StdlinkSec_SamR21_Atsamr21e18a_Rf233_16Mhz_Gcc/Obj/zcl.o
                0x0000c968                zclAttributeEventInd
 .text.zclCommandInd
                0x0000c9d8       0xd4 All_StdlinkSec_SamR21_Atsamr21e18a_Rf233_16Mhz_Gcc/Obj/zcl.o
                0x0000c9d8                zclCommandInd
 .text.zclReadReportingConfigurationHandler
                0x0000caac      0x2ac All_StdlinkSec_SamR21_Atsamr21e18a_Rf233_16Mhz_Gcc/Obj/zcl.o
                0x0000caac                zclReadReportingConfigurationHandler
 .text.zclConfigureReportingHandler
                0x0000cd58      0x2dc All_StdlinkSec_SamR21_Atsamr21e18a_Rf233_16Mhz_Gcc/Obj/zcl.o
                0x0000cd58                zclConfigureReportingHandler
 .text.zclApsDataReq
                0x0000d034       0x24 All_StdlinkSec_SamR21_Atsamr21e18a_Rf233_16Mhz_Gcc/Obj/zcl.o
                0x0000d034                zclApsDataReq
 .text.ZCL_IsBusy
                0x0000d058       0x1c All_StdlinkSec_SamR21_Atsamr21e18a_Rf233_16Mhz_Gcc/Obj/zcl.o
                0x0000d058                ZCL_IsBusy
 .text.isZclBusyOrPollRequest
                0x0000d074       0x58 All_StdlinkSec_SamR21_Atsamr21e18a_Rf233_16Mhz_Gcc/Obj/zcl.o
 .text.zclStartReportTimer
                0x0000d0cc      0x160 All_StdlinkSec_SamR21_Atsamr21e18a_Rf233_16Mhz_Gcc/Obj/zcl.o
                0x0000d0cc                zclStartReportTimer
 .text.configureReportingResponseConfirm
                0x0000d22c       0x18 All_StdlinkSec_SamR21_Atsamr21e18a_Rf233_16Mhz_Gcc/Obj/zcl.o
 .text.zclMmGetMem
                0x0000d244      0x160 All_StdlinkSec_SamR21_Atsamr21e18a_Rf233_16Mhz_Gcc/Obj/zclMemoryManager.o
                0x0000d244                zclMmGetMem
 .text.zclMmFreeMem
                0x0000d3a4       0x4c All_StdlinkSec_SamR21_Atsamr21e18a_Rf233_16Mhz_Gcc/Obj/zclMemoryManager.o
                0x0000d3a4                zclMmFreeMem
 .text.zclMmGetNextOutputMemDescriptor
                0x0000d3f0       0x74 All_StdlinkSec_SamR21_Atsamr21e18a_Rf233_16Mhz_Gcc/Obj/zclMemoryManager.o
                0x0000d3f0                zclMmGetNextOutputMemDescriptor
 .text.sysIdleHandlerSleepConf
                0x0000d464        0x4 All_StdlinkSec_SamR21_Atsamr21e18a_Rf233_16Mhz_Gcc/Obj/sysIdleHandler.o
 .text.SYS_IdleHandler
                0x0000d468       0x4c All_StdlinkSec_SamR21_Atsamr21e18a_Rf233_16Mhz_Gcc/Obj/sysIdleHandler.o
                0x0000d468                SYS_IdleHandler
 .text.SYS_IsSleepWhenIdleEnabled
                0x0000d4b4        0xc All_StdlinkSec_SamR21_Atsamr21e18a_Rf233_16Mhz_Gcc/Obj/sysIdleHandler.o
                0x0000d4b4                SYS_IsSleepWhenIdleEnabled
 .text.SYS_Sleep
                0x0000d4c0        0x8 All_StdlinkSec_SamR21_Atsamr21e18a_Rf233_16Mhz_Gcc/Obj/sysSleep.o
                0x0000d4c0                SYS_Sleep
 .text.SYS_SubscribeToEvent
                0x0000d4c8       0x7c All_StdlinkSec_SamR21_Atsamr21e18a_Rf233_16Mhz_Gcc/Obj/sysEventsHandler.o
                0x0000d4c8                SYS_SubscribeToEvent
 .text.SYS_UnsubscribeFromEvent
                0x0000d544       0x5c All_StdlinkSec_SamR21_Atsamr21e18a_Rf233_16Mhz_Gcc/Obj/sysEventsHandler.o
                0x0000d544                SYS_UnsubscribeFromEvent
 .text.SYS_PostEvent
                0x0000d5a0       0x88 All_StdlinkSec_SamR21_Atsamr21e18a_Rf233_16Mhz_Gcc/Obj/sysEventsHandler.o
                0x0000d5a0                SYS_PostEvent
 .text.SYS_IsEventDeliverable
                0x0000d628       0x24 All_StdlinkSec_SamR21_Atsamr21e18a_Rf233_16Mhz_Gcc/Obj/sysEventsHandler.o
                0x0000d628                SYS_IsEventDeliverable
 .text.putQueueElem
                0x0000d64c       0x4c All_StdlinkSec_SamR21_Atsamr21e18a_Rf233_16Mhz_Gcc/Obj/sysQueue.o
                0x0000d64c                putQueueElem
 .text.deleteHeadQueueElem
                0x0000d698       0x10 All_StdlinkSec_SamR21_Atsamr21e18a_Rf233_16Mhz_Gcc/Obj/sysQueue.o
                0x0000d698                deleteHeadQueueElem
 .text.deleteQueueElem
                0x0000d6a8       0x3c All_StdlinkSec_SamR21_Atsamr21e18a_Rf233_16Mhz_Gcc/Obj/sysQueue.o
                0x0000d6a8                deleteQueueElem
 .text.isQueueElem
                0x0000d6e4       0x1c All_StdlinkSec_SamR21_Atsamr21e18a_Rf233_16Mhz_Gcc/Obj/sysQueue.o
                0x0000d6e4                isQueueElem
 .text.sysRndConfirm
                0x0000d700       0x38 All_StdlinkSec_SamR21_Atsamr21e18a_Rf233_16Mhz_Gcc/Obj/sysUtils.o
 .text.sysUpdateRndSeedTimerFired
                0x0000d738       0x10 All_StdlinkSec_SamR21_Atsamr21e18a_Rf233_16Mhz_Gcc/Obj/sysUtils.o
 .text.sysStartUpdatingRandSeed
                0x0000d748       0x2c All_StdlinkSec_SamR21_Atsamr21e18a_Rf233_16Mhz_Gcc/Obj/sysUtils.o
                0x0000d748                sysStartUpdatingRandSeed
 .text.SYS_GetRandomSequence
                0x0000d774       0x40 All_StdlinkSec_SamR21_Atsamr21e18a_Rf233_16Mhz_Gcc/Obj/sysUtils.o
                0x0000d774                SYS_GetRandomSequence
 .text.sysStopUpdatingRandSeed
                0x0000d7b4       0x10 All_StdlinkSec_SamR21_Atsamr21e18a_Rf233_16Mhz_Gcc/Obj/sysUtils.o
                0x0000d7b4                sysStopUpdatingRandSeed
 .text.SYS_DefAssertCallbackError
                0x0000d7c4       0x28 All_StdlinkSec_SamR21_Atsamr21e18a_Rf233_16Mhz_Gcc/Obj/sysAssert.o
                0x0000d7c4                SYS_DefAssertCallbackError
 .text.SYS_DefAssertCallbackFatal
                0x0000d7ec       0x28 All_StdlinkSec_SamR21_Atsamr21e18a_Rf233_16Mhz_Gcc/Obj/sysAssert.o
                0x0000d7ec                SYS_DefAssertCallbackFatal
 .text.SYS_DuplicateTableReset
                0x0000d814       0x7c All_StdlinkSec_SamR21_Atsamr21e18a_Rf233_16Mhz_Gcc/Obj/sysDuplicateTable.o
                0x0000d814                SYS_DuplicateTableReset
 .text.SYS_DuplicateTableCheck
                0x0000d890       0xd8 All_StdlinkSec_SamR21_Atsamr21e18a_Rf233_16Mhz_Gcc/Obj/sysDuplicateTable.o
                0x0000d890                SYS_DuplicateTableCheck
 .text.SYS_InitZsiLayer
                0x0000d968        0x8 All_StdlinkSec_SamR21_Atsamr21e18a_Rf233_16Mhz_Gcc/Obj/sysInit.o
                0x0000d968                SYS_InitZsiLayer
 .text.SYS_InitZclLayer
                0x0000d970        0x8 All_StdlinkSec_SamR21_Atsamr21e18a_Rf233_16Mhz_Gcc/Obj/sysInit.o
                0x0000d970                SYS_InitZclLayer
 .text._sbrk    0x0000d978       0x1c All_StdlinkSec_SamR21_Atsamr21e18a_Rf233_16Mhz_Gcc/Obj/sysInit.o
                0x0000d978                _sbrk
 .text.processManagerTask
                0x0000d994       0x68 All_StdlinkSec_SamR21_Atsamr21e18a_Rf233_16Mhz_Gcc/Obj/sysTaskManager.o
 .text.SYS_SysInit
                0x0000d9fc       0x38 All_StdlinkSec_SamR21_Atsamr21e18a_Rf233_16Mhz_Gcc/Obj/sysTaskManager.o
                0x0000d9fc                SYS_SysInit
 .text.SYS_RunTask
                0x0000da34       0x28 All_StdlinkSec_SamR21_Atsamr21e18a_Rf233_16Mhz_Gcc/Obj/sysTaskManager.o
                0x0000da34                SYS_RunTask
 .text.SYS_MutexLock
                0x0000da5c       0x34 All_StdlinkSec_SamR21_Atsamr21e18a_Rf233_16Mhz_Gcc/Obj/sysMutex.o
                0x0000da5c                SYS_MutexLock
 .text.SYS_MutexUnlock
                0x0000da90       0x84 All_StdlinkSec_SamR21_Atsamr21e18a_Rf233_16Mhz_Gcc/Obj/sysMutex.o
                0x0000da90                SYS_MutexUnlock
 .text.SYS_IsMutexLocked
                0x0000db14       0x2c All_StdlinkSec_SamR21_Atsamr21e18a_Rf233_16Mhz_Gcc/Obj/sysMutex.o
                0x0000db14                SYS_IsMutexLocked
 .text.SYS_InitTimer
                0x0000db40       0x28 All_StdlinkSec_SamR21_Atsamr21e18a_Rf233_16Mhz_Gcc/Obj/sysTimer.o
                0x0000db40                SYS_InitTimer
 .text.SYS_StartTimer
                0x0000db68       0x14 All_StdlinkSec_SamR21_Atsamr21e18a_Rf233_16Mhz_Gcc/Obj/sysTimer.o
                0x0000db68                SYS_StartTimer
 .text.SYS_StopTimer
                0x0000db7c       0x18 All_StdlinkSec_SamR21_Atsamr21e18a_Rf233_16Mhz_Gcc/Obj/sysTimer.o
                0x0000db7c                SYS_StopTimer
 .text.BSP_BoardSpecificUsartPinInit
                0x0000db94       0x30 All_StdlinkSec_SamR21_Atsamr21e18a_Rf233_16Mhz_Gcc/Obj/bspUsart.o
                0x0000db94                BSP_BoardSpecificUsartPinInit
 .text.bspKeyInterruptHandler
                0x0000dbc4       0x50 All_StdlinkSec_SamR21_Atsamr21e18a_Rf233_16Mhz_Gcc/Obj/buttons.o
 .text.BSP_OpenButtons
                0x0000dc14       0x9c All_StdlinkSec_SamR21_Atsamr21e18a_Rf233_16Mhz_Gcc/Obj/buttons.o
                0x0000dc14                BSP_OpenButtons
 .text.bspButtonsHandler
                0x0000dcb0       0x90 All_StdlinkSec_SamR21_Atsamr21e18a_Rf233_16Mhz_Gcc/Obj/buttons.o
                0x0000dcb0                bspButtonsHandler
 .text.bspTemperatureSensorHandler
                0x0000dd40       0x14 All_StdlinkSec_SamR21_Atsamr21e18a_Rf233_16Mhz_Gcc/Obj/fakeBSP.o
                0x0000dd40                bspTemperatureSensorHandler
 .text.bspLightSensorHandler
                0x0000dd54       0x14 All_StdlinkSec_SamR21_Atsamr21e18a_Rf233_16Mhz_Gcc/Obj/fakeBSP.o
                0x0000dd54                bspLightSensorHandler
 .text.bspEmptyBatteryHandler
                0x0000dd68       0x10 All_StdlinkSec_SamR21_Atsamr21e18a_Rf233_16Mhz_Gcc/Obj/fakeBSP.o
                0x0000dd68                bspEmptyBatteryHandler
 .text.bspEnableJoystickAdcRead
                0x0000dd78       0x10 All_StdlinkSec_SamR21_Atsamr21e18a_Rf233_16Mhz_Gcc/Obj/joyStick.o
                0x0000dd78                bspEnableJoystickAdcRead
 .text.bspJoystickHandler
                0x0000dd88       0x34 All_StdlinkSec_SamR21_Atsamr21e18a_Rf233_16Mhz_Gcc/Obj/joyStick.o
                0x0000dd88                bspJoystickHandler
 .text.BSP_ReadUid
                0x0000ddbc        0x4 All_StdlinkSec_SamR21_Atsamr21e18a_Rf233_16Mhz_Gcc/Obj/bspUid.o
                0x0000ddbc                BSP_ReadUid
 .text.BSP_TaskHandler
                0x0000ddc0       0x94 All_StdlinkSec_SamR21_Atsamr21e18a_Rf233_16Mhz_Gcc/Obj/bspTaskManager.o
                0x0000ddc0                BSP_TaskHandler
 .text.BSP_SetLedBrightnessLevel
                0x0000de54       0x1c All_StdlinkSec_SamR21_Atsamr21e18a_Rf233_16Mhz_Gcc/Obj/leds.o
                0x0000de54                BSP_SetLedBrightnessLevel
 .text.csSetToDefault
                0x0000de70       0x74 All_StdlinkSec_SamR21_Atsamr21e18a_Rf233_16Mhz_Gcc/Obj/csMem.o
                0x0000de70                csSetToDefault
 .text.csGetItem
                0x0000dee4       0x84 All_StdlinkSec_SamR21_Atsamr21e18a_Rf233_16Mhz_Gcc/Obj/configServer.o
 .text.CS_Init  0x0000df68        0xc All_StdlinkSec_SamR21_Atsamr21e18a_Rf233_16Mhz_Gcc/Obj/configServer.o
                0x0000df68                CS_Init
 .text.CS_GetMemory
                0x0000df74       0x38 All_StdlinkSec_SamR21_Atsamr21e18a_Rf233_16Mhz_Gcc/Obj/configServer.o
                0x0000df74                CS_GetMemory
 .text.CS_ReadParameter
                0x0000dfac       0x58 All_StdlinkSec_SamR21_Atsamr21e18a_Rf233_16Mhz_Gcc/Obj/configServer.o
                0x0000dfac                CS_ReadParameter
 .text.CS_WriteParameter
                0x0000e004       0x4c All_StdlinkSec_SamR21_Atsamr21e18a_Rf233_16Mhz_Gcc/Obj/configServer.o
                0x0000e004                CS_WriteParameter
 .text.findKey  0x0000e050       0x74 ../../../../BitCloud/lib/libBc_All_StdlinkSec_Atsamr21e18a_Rf233_Gcc.a(aps.o)
 .text.apsFreeBuffer
                0x0000e0c4       0xc4 ../../../../BitCloud/lib/libBc_All_StdlinkSec_Atsamr21e18a_Rf233_Gcc.a(aps.o)
 .text.apsConfirmUpdateDeviceCommand
                0x0000e188       0x2c ../../../../BitCloud/lib/libBc_All_StdlinkSec_Atsamr21e18a_Rf233_Gcc.a(aps.o)
 .text.apsPrepareFragmentedTransmission
                0x0000e1b4       0xd8 ../../../../BitCloud/lib/libBc_All_StdlinkSec_Atsamr21e18a_Rf233_Gcc.a(aps.o)
 .text.apsPostTask
                0x0000e28c       0x34 ../../../../BitCloud/lib/libBc_All_StdlinkSec_Atsamr21e18a_Rf233_Gcc.a(aps.o)
 .text.apsDataManagerNwkDataConf
                0x0000e2c0       0x20 ../../../../BitCloud/lib/libBc_All_StdlinkSec_Atsamr21e18a_Rf233_Gcc.a(aps.o)
 .text.commandReqAddressResolvingConf
                0x0000e2e0       0x1c ../../../../BitCloud/lib/libBc_All_StdlinkSec_Atsamr21e18a_Rf233_Gcc.a(aps.o)
 .text.dataIndAddrResolvingConf
                0x0000e2fc       0x1c ../../../../BitCloud/lib/libBc_All_StdlinkSec_Atsamr21e18a_Rf233_Gcc.a(aps.o)
 .text.dataReqAddrResolvingConf
                0x0000e318       0x1c ../../../../BitCloud/lib/libBc_All_StdlinkSec_Atsamr21e18a_Rf233_Gcc.a(aps.o)
 .text.apsCreateKeyPair
                0x0000e334      0x104 ../../../../BitCloud/lib/libBc_All_StdlinkSec_Atsamr21e18a_Rf233_Gcc.a(aps.o)
 .text.apsRemoveDevicePrepare
                0x0000e438       0x6c ../../../../BitCloud/lib/libBc_All_StdlinkSec_Atsamr21e18a_Rf233_Gcc.a(aps.o)
 .text.apsCommandReq
                0x0000e4a4       0x34 ../../../../BitCloud/lib/libBc_All_StdlinkSec_Atsamr21e18a_Rf233_Gcc.a(aps.o)
 .text.apsRequestKeyConf
                0x0000e4d8       0x30 ../../../../BitCloud/lib/libBc_All_StdlinkSec_Atsamr21e18a_Rf233_Gcc.a(aps.o)
 .text.apsProcessEvent
                0x0000e508       0x48 ../../../../BitCloud/lib/libBc_All_StdlinkSec_Atsamr21e18a_Rf233_Gcc.a(aps.o)
 .text.apsSwitchKeyConf
                0x0000e550       0x38 ../../../../BitCloud/lib/libBc_All_StdlinkSec_Atsamr21e18a_Rf233_Gcc.a(aps.o)
 .text.apsSwitchKeyPrepare
                0x0000e588       0x4c ../../../../BitCloud/lib/libBc_All_StdlinkSec_Atsamr21e18a_Rf233_Gcc.a(aps.o)
 .text.apsTransportTrustKeyCommand
                0x0000e5d4       0x54 ../../../../BitCloud/lib/libBc_All_StdlinkSec_Atsamr21e18a_Rf233_Gcc.a(aps.o)
 .text.apsConfirmTransportKeyCommand
                0x0000e628       0x40 ../../../../BitCloud/lib/libBc_All_StdlinkSec_Atsamr21e18a_Rf233_Gcc.a(aps.o)
 .text.apsTransportAppKeyCommand
                0x0000e668       0x5c ../../../../BitCloud/lib/libBc_All_StdlinkSec_Atsamr21e18a_Rf233_Gcc.a(aps.o)
 .text.apsGetBuffer
                0x0000e6c4      0x10c ../../../../BitCloud/lib/libBc_All_StdlinkSec_Atsamr21e18a_Rf233_Gcc.a(aps.o)
 .text.apsMakeNwkDataResp
                0x0000e7d0       0x30 ../../../../BitCloud/lib/libBc_All_StdlinkSec_Atsamr21e18a_Rf233_Gcc.a(aps.o)
 .text.apsPrepareUpdateDeviceCommand
                0x0000e800       0x80 ../../../../BitCloud/lib/libBc_All_StdlinkSec_Atsamr21e18a_Rf233_Gcc.a(aps.o)
 .text.apsPrepareTransportTrustKeyCommand
                0x0000e880       0x78 ../../../../BitCloud/lib/libBc_All_StdlinkSec_Atsamr21e18a_Rf233_Gcc.a(aps.o)
 .text.apsPrepareTransportAppKeyCommand
                0x0000e8f8       0x78 ../../../../BitCloud/lib/libBc_All_StdlinkSec_Atsamr21e18a_Rf233_Gcc.a(aps.o)
 .text.apsProcessGroupAddrModeDataReq
                0x0000e970      0x144 ../../../../BitCloud/lib/libBc_All_StdlinkSec_Atsamr21e18a_Rf233_Gcc.a(aps.o)
 .text.apsConstructAndSendAck
                0x0000eab4      0x1d8 ../../../../BitCloud/lib/libBc_All_StdlinkSec_Atsamr21e18a_Rf233_Gcc.a(aps.o)
 .text.apsSendAckForFragmentedReceive
                0x0000ec8c      0x120 ../../../../BitCloud/lib/libBc_All_StdlinkSec_Atsamr21e18a_Rf233_Gcc.a(aps.o)
 .text.apsCommandNwkDataReq
                0x0000edac       0x80 ../../../../BitCloud/lib/libBc_All_StdlinkSec_Atsamr21e18a_Rf233_Gcc.a(aps.o)
 .text.apsGroupNwkDataConf
                0x0000ee2c       0x40 ../../../../BitCloud/lib/libBc_All_StdlinkSec_Atsamr21e18a_Rf233_Gcc.a(aps.o)
 .text.apsResetMemoryManager
                0x0000ee6c       0xf4 ../../../../BitCloud/lib/libBc_All_StdlinkSec_Atsamr21e18a_Rf233_Gcc.a(aps.o)
 .text.apsResetBindingTable
                0x0000ef60       0x5c ../../../../BitCloud/lib/libBc_All_StdlinkSec_Atsamr21e18a_Rf233_Gcc.a(aps.o)
 .text.apsRemoveDeviceConf
                0x0000efbc       0x58 ../../../../BitCloud/lib/libBc_All_StdlinkSec_Atsamr21e18a_Rf233_Gcc.a(aps.o)
 .text.apsRequestedKeyReceived
                0x0000f014       0xac ../../../../BitCloud/lib/libBc_All_StdlinkSec_Atsamr21e18a_Rf233_Gcc.a(aps.o)
 .text.apsRequestKeyTimerFired
                0x0000f0c0       0x60 ../../../../BitCloud/lib/libBc_All_StdlinkSec_Atsamr21e18a_Rf233_Gcc.a(aps.o)
 .text.apsStopConf
                0x0000f120       0x4c ../../../../BitCloud/lib/libBc_All_StdlinkSec_Atsamr21e18a_Rf233_Gcc.a(aps.o)
 .text.apsTransportKeyTaskHandler
                0x0000f16c      0x1c4 ../../../../BitCloud/lib/libBc_All_StdlinkSec_Atsamr21e18a_Rf233_Gcc.a(aps.o)
 .text.apsPrepareTunnelCommand
                0x0000f330       0x78 ../../../../BitCloud/lib/libBc_All_StdlinkSec_Atsamr21e18a_Rf233_Gcc.a(aps.o)
 .text.apsCommandEncryptConf
                0x0000f3a8       0xa4 ../../../../BitCloud/lib/libBc_All_StdlinkSec_Atsamr21e18a_Rf233_Gcc.a(aps.o)
 .text.apsTransportTrustKeyToChildConf
                0x0000f44c       0x28 ../../../../BitCloud/lib/libBc_All_StdlinkSec_Atsamr21e18a_Rf233_Gcc.a(aps.o)
 .text.apsSendNwkKeyToChildConf
                0x0000f474       0x48 ../../../../BitCloud/lib/libBc_All_StdlinkSec_Atsamr21e18a_Rf233_Gcc.a(aps.o)
 .text.apsSwitchKeyInd
                0x0000f4bc       0x5c ../../../../BitCloud/lib/libBc_All_StdlinkSec_Atsamr21e18a_Rf233_Gcc.a(aps.o)
 .text.apsRequestKeyInd
                0x0000f518       0x64 ../../../../BitCloud/lib/libBc_All_StdlinkSec_Atsamr21e18a_Rf233_Gcc.a(aps.o)
 .text.apsRemoveDeviceInd
                0x0000f57c       0x80 ../../../../BitCloud/lib/libBc_All_StdlinkSec_Atsamr21e18a_Rf233_Gcc.a(aps.o)
 .text.apsUpdateDeviceInd
                0x0000f5fc       0x98 ../../../../BitCloud/lib/libBc_All_StdlinkSec_Atsamr21e18a_Rf233_Gcc.a(aps.o)
 .text.apsStartAckTimer
                0x0000f694      0x15c ../../../../BitCloud/lib/libBc_All_StdlinkSec_Atsamr21e18a_Rf233_Gcc.a(aps.o)
 .text.apsAckForFragmentedReceiveConfirmHandler
                0x0000f7f0       0x7c ../../../../BitCloud/lib/libBc_All_StdlinkSec_Atsamr21e18a_Rf233_Gcc.a(aps.o)
 .text.apsAckOnTimerFired
                0x0000f86c      0x110 ../../../../BitCloud/lib/libBc_All_StdlinkSec_Atsamr21e18a_Rf233_Gcc.a(aps.o)
 .text.apsFindBindingEntry
                0x0000f97c       0xe0 ../../../../BitCloud/lib/libBc_All_StdlinkSec_Atsamr21e18a_Rf233_Gcc.a(aps.o)
 .text.apsCommandReqTaskHandler
                0x0000fa5c       0xdc ../../../../BitCloud/lib/libBc_All_StdlinkSec_Atsamr21e18a_Rf233_Gcc.a(aps.o)
 .text.apsIsFragmentationDataReq
                0x0000fb38       0x30 ../../../../BitCloud/lib/libBc_All_StdlinkSec_Atsamr21e18a_Rf233_Gcc.a(aps.o)
 .text.apsProcessShortAddrModeDataReq
                0x0000fb68      0x2e0 ../../../../BitCloud/lib/libBc_All_StdlinkSec_Atsamr21e18a_Rf233_Gcc.a(aps.o)
 .text.apsSendNextBlock
                0x0000fe48       0x18 ../../../../BitCloud/lib/libBc_All_StdlinkSec_Atsamr21e18a_Rf233_Gcc.a(aps.o)
 .text.apsGetHeaderSize
                0x0000fe60       0x50 ../../../../BitCloud/lib/libBc_All_StdlinkSec_Atsamr21e18a_Rf233_Gcc.a(aps.o)
 .text.apsMakeApsDataConf
                0x0000feb0       0x58 ../../../../BitCloud/lib/libBc_All_StdlinkSec_Atsamr21e18a_Rf233_Gcc.a(aps.o)
 .text.apsIsValidBindingParameters
                0x0000ff08       0x78 ../../../../BitCloud/lib/libBc_All_StdlinkSec_Atsamr21e18a_Rf233_Gcc.a(aps.o)
 .text.apsIsGlobalLinkKey.isra.13
                0x0000ff80       0x30 ../../../../BitCloud/lib/libBc_All_StdlinkSec_Atsamr21e18a_Rf233_Gcc.a(aps.o)
 .text.apsExtractOutSecCounter.isra.14
                0x0000ffb0       0x68 ../../../../BitCloud/lib/libBc_All_StdlinkSec_Atsamr21e18a_Rf233_Gcc.a(aps.o)
 .text.apsGetUpdatedOutFrameCounter.isra.16
                0x00010018       0x88 ../../../../BitCloud/lib/libBc_All_StdlinkSec_Atsamr21e18a_Rf233_Gcc.a(aps.o)
 .text.apsGetAckByDataBuffer.isra.18
                0x000100a0       0x58 ../../../../BitCloud/lib/libBc_All_StdlinkSec_Atsamr21e18a_Rf233_Gcc.a(aps.o)
 .text.apsForwardKeyToChild.isra.24
                0x000100f8       0xac ../../../../BitCloud/lib/libBc_All_StdlinkSec_Atsamr21e18a_Rf233_Gcc.a(aps.o)
 .text.apsTunnelInd
                0x000101a4       0x88 ../../../../BitCloud/lib/libBc_All_StdlinkSec_Atsamr21e18a_Rf233_Gcc.a(aps.o)
 .text.APS_GetOwnTcMode.part.31
                0x0001022c       0x24 ../../../../BitCloud/lib/libBc_All_StdlinkSec_Atsamr21e18a_Rf233_Gcc.a(aps.o)
 .text.apsPrepareTransportNwkKeyCommand
                0x00010250       0xec ../../../../BitCloud/lib/libBc_All_StdlinkSec_Atsamr21e18a_Rf233_Gcc.a(aps.o)
 .text.apsAuthReqTaskHandler
                0x0001033c       0x6c ../../../../BitCloud/lib/libBc_All_StdlinkSec_Atsamr21e18a_Rf233_Gcc.a(aps.o)
 .text.apsNextBind
                0x000103a8       0xac ../../../../BitCloud/lib/libBc_All_StdlinkSec_Atsamr21e18a_Rf233_Gcc.a(aps.o)
 .text.apsSendToNextBoundDevice
                0x00010454       0xe8 ../../../../BitCloud/lib/libBc_All_StdlinkSec_Atsamr21e18a_Rf233_Gcc.a(aps.o)
 .text.bindDataReqAddrResolvingConf
                0x0001053c       0x6c ../../../../BitCloud/lib/libBc_All_StdlinkSec_Atsamr21e18a_Rf233_Gcc.a(aps.o)
                0x0001053c                bindDataReqAddrResolvingConf
 .text.apsProcessIndirectDataReq
                0x000105a8       0x40 ../../../../BitCloud/lib/libBc_All_StdlinkSec_Atsamr21e18a_Rf233_Gcc.a(aps.o)
 .text.apsHandleTransmittedData
                0x000105e8      0x100 ../../../../BitCloud/lib/libBc_All_StdlinkSec_Atsamr21e18a_Rf233_Gcc.a(aps.o)
 .text.apsSmDecryptSentFrameConf
                0x000106e8       0x28 ../../../../BitCloud/lib/libBc_All_StdlinkSec_Atsamr21e18a_Rf233_Gcc.a(aps.o)
 .text.apsEncryptDataFrameConf
                0x00010710       0x44 ../../../../BitCloud/lib/libBc_All_StdlinkSec_Atsamr21e18a_Rf233_Gcc.a(aps.o)
 .text.apsSmEncryptDataConf
                0x00010754       0x30 ../../../../BitCloud/lib/libBc_All_StdlinkSec_Atsamr21e18a_Rf233_Gcc.a(aps.o)
 .text.apsTransportNwkKeyCommand
                0x00010784       0x98 ../../../../BitCloud/lib/libBc_All_StdlinkSec_Atsamr21e18a_Rf233_Gcc.a(aps.o)
 .text.APS_AuthenticateReq
                0x0001081c       0x70 ../../../../BitCloud/lib/libBc_All_StdlinkSec_Atsamr21e18a_Rf233_Gcc.a(aps.o)
                0x0001081c                APS_AuthenticateReq
 .text.APS_BindReq
                0x0001088c       0xc4 ../../../../BitCloud/lib/libBc_All_StdlinkSec_Atsamr21e18a_Rf233_Gcc.a(aps.o)
                0x0001088c                APS_BindReq
 .text.APS_FreeBindingEntry
                0x00010950       0x58 ../../../../BitCloud/lib/libBc_All_StdlinkSec_Atsamr21e18a_Rf233_Gcc.a(aps.o)
                0x00010950                APS_FreeBindingEntry
 .text.APS_UnbindReq
                0x000109a8       0x28 ../../../../BitCloud/lib/libBc_All_StdlinkSec_Atsamr21e18a_Rf233_Gcc.a(aps.o)
                0x000109a8                APS_UnbindReq
 .text.APS_NextBindingEntry
                0x000109d0       0x48 ../../../../BitCloud/lib/libBc_All_StdlinkSec_Atsamr21e18a_Rf233_Gcc.a(aps.o)
                0x000109d0                APS_NextBindingEntry
 .text.APS_DataReq
                0x00010a18       0x20 ../../../../BitCloud/lib/libBc_All_StdlinkSec_Atsamr21e18a_Rf233_Gcc.a(aps.o)
                0x00010a18                APS_DataReq
 .text.NWK_DataInd
                0x00010a38       0x20 ../../../../BitCloud/lib/libBc_All_StdlinkSec_Atsamr21e18a_Rf233_Gcc.a(aps.o)
                0x00010a38                NWK_DataInd
 .text.APS_CalculateTimes
                0x00010a58       0xf4 ../../../../BitCloud/lib/libBc_All_StdlinkSec_Atsamr21e18a_Rf233_Gcc.a(aps.o)
                0x00010a58                APS_CalculateTimes
 .text.apsResetDataManager
                0x00010b4c       0xb4 ../../../../BitCloud/lib/libBc_All_StdlinkSec_Atsamr21e18a_Rf233_Gcc.a(aps.o)
 .text.apsNwkResetConf
                0x00010c00      0x1f4 ../../../../BitCloud/lib/libBc_All_StdlinkSec_Atsamr21e18a_Rf233_Gcc.a(aps.o)
 .text.apsStateMachineTaskHandler
                0x00010df4       0xfc ../../../../BitCloud/lib/libBc_All_StdlinkSec_Atsamr21e18a_Rf233_Gcc.a(aps.o)
 .text.APS_IsProfileIdMatched
                0x00010ef0       0x54 ../../../../BitCloud/lib/libBc_All_StdlinkSec_Atsamr21e18a_Rf233_Gcc.a(aps.o)
                0x00010ef0                APS_IsProfileIdMatched
 .text.apsGroupIndication
                0x00010f44       0xa0 ../../../../BitCloud/lib/libBc_All_StdlinkSec_Atsamr21e18a_Rf233_Gcc.a(aps.o)
 .text.apsUnicastDataInd
                0x00010fe4      0x220 ../../../../BitCloud/lib/libBc_All_StdlinkSec_Atsamr21e18a_Rf233_Gcc.a(aps.o)
 .text.apsApduUnicastHandler
                0x00011204      0x358 ../../../../BitCloud/lib/libBc_All_StdlinkSec_Atsamr21e18a_Rf233_Gcc.a(aps.o)
 .text.APS_RegisterEndpointReq
                0x0001155c       0x48 ../../../../BitCloud/lib/libBc_All_StdlinkSec_Atsamr21e18a_Rf233_Gcc.a(aps.o)
                0x0001155c                APS_RegisterEndpointReq
 .text.APS_NextEndpoint
                0x000115a4       0x14 ../../../../BitCloud/lib/libBc_All_StdlinkSec_Atsamr21e18a_Rf233_Gcc.a(aps.o)
                0x000115a4                APS_NextEndpoint
 .text.NWK_IntrpDataInd
                0x000115b8       0xf8 ../../../../BitCloud/lib/libBc_All_StdlinkSec_Atsamr21e18a_Rf233_Gcc.a(aps.o)
                0x000115b8                NWK_IntrpDataInd
 .text.APS_FindKeys
                0x000116b0       0x94 ../../../../BitCloud/lib/libBc_All_StdlinkSec_Atsamr21e18a_Rf233_Gcc.a(aps.o)
                0x000116b0                APS_FindKeys
 .text.apsIsAllowedCommand
                0x00011744       0x88 ../../../../BitCloud/lib/libBc_All_StdlinkSec_Atsamr21e18a_Rf233_Gcc.a(aps.o)
                0x00011744                apsIsAllowedCommand
 .text.apsUnsecuredNwkDataIndHandler
                0x000117cc       0x90 ../../../../BitCloud/lib/libBc_All_StdlinkSec_Atsamr21e18a_Rf233_Gcc.a(aps.o)
 .text.apsContinueNwkDataIndProcessing
                0x0001185c      0x350 ../../../../BitCloud/lib/libBc_All_StdlinkSec_Atsamr21e18a_Rf233_Gcc.a(aps.o)
 .text.apsDataTaskHandler
                0x00011bac      0x8f0 ../../../../BitCloud/lib/libBc_All_StdlinkSec_Atsamr21e18a_Rf233_Gcc.a(aps.o)
 .text.apsTransportKeyInd
                0x0001249c      0x214 ../../../../BitCloud/lib/libBc_All_StdlinkSec_Atsamr21e18a_Rf233_Gcc.a(aps.o)
 .text.apsCommandEncryptReq
                0x000126b0      0x114 ../../../../BitCloud/lib/libBc_All_StdlinkSec_Atsamr21e18a_Rf233_Gcc.a(aps.o)
 .text.apsCommandNwkDataConf
                0x000127c4       0x4c ../../../../BitCloud/lib/libBc_All_StdlinkSec_Atsamr21e18a_Rf233_Gcc.a(aps.o)
 .text.apsCommandAllocDataConf
                0x00012810       0xf8 ../../../../BitCloud/lib/libBc_All_StdlinkSec_Atsamr21e18a_Rf233_Gcc.a(aps.o)
 .text.apsDecryptAnyFrame.constprop.33
                0x00012908      0x2a0 ../../../../BitCloud/lib/libBc_All_StdlinkSec_Atsamr21e18a_Rf233_Gcc.a(aps.o)
 .text.apsSecurityTaskHandler
                0x00012ba8      0x25c ../../../../BitCloud/lib/libBc_All_StdlinkSec_Atsamr21e18a_Rf233_Gcc.a(aps.o)
 .text.APS_SetLinkKey
                0x00012e04       0x6c ../../../../BitCloud/lib/libBc_All_StdlinkSec_Atsamr21e18a_Rf233_Gcc.a(aps.o)
                0x00012e04                APS_SetLinkKey
 .text.APS_SetMasterKey
                0x00012e70       0x78 ../../../../BitCloud/lib/libBc_All_StdlinkSec_Atsamr21e18a_Rf233_Gcc.a(aps.o)
                0x00012e70                APS_SetMasterKey
 .text.APS_NextKeys
                0x00012ee8       0x88 ../../../../BitCloud/lib/libBc_All_StdlinkSec_Atsamr21e18a_Rf233_Gcc.a(aps.o)
                0x00012ee8                APS_NextKeys
 .text.apsSmDecryptIncommingFrameConf
                0x00012f70      0x124 ../../../../BitCloud/lib/libBc_All_StdlinkSec_Atsamr21e18a_Rf233_Gcc.a(aps.o)
 .text.APS_SetAuthorizedStatus
                0x00013094       0x4c ../../../../BitCloud/lib/libBc_All_StdlinkSec_Atsamr21e18a_Rf233_Gcc.a(aps.o)
                0x00013094                APS_SetAuthorizedStatus
 .text.APS_MarkGlobalKeyAsPrimary
                0x000130e0       0x70 ../../../../BitCloud/lib/libBc_All_StdlinkSec_Atsamr21e18a_Rf233_Gcc.a(aps.o)
                0x000130e0                APS_MarkGlobalKeyAsPrimary
 .text.APS_UpdateGlobalTCKey
                0x00013150       0x68 ../../../../BitCloud/lib/libBc_All_StdlinkSec_Atsamr21e18a_Rf233_Gcc.a(aps.o)
                0x00013150                APS_UpdateGlobalTCKey
 .text.APS_AreKeysAuthorized
                0x000131b8       0x30 ../../../../BitCloud/lib/libBc_All_StdlinkSec_Atsamr21e18a_Rf233_Gcc.a(aps.o)
                0x000131b8                APS_AreKeysAuthorized
 .text.APS_ResetKeys
                0x000131e8       0xf0 ../../../../BitCloud/lib/libBc_All_StdlinkSec_Atsamr21e18a_Rf233_Gcc.a(aps.o)
                0x000131e8                APS_ResetKeys
 .text.APS_InitKeyPairSet
                0x000132d8       0x68 ../../../../BitCloud/lib/libBc_All_StdlinkSec_Atsamr21e18a_Rf233_Gcc.a(aps.o)
                0x000132d8                APS_InitKeyPairSet
 .text.APS_GetKeyPairDeviceAddress
                0x00013340       0x2c ../../../../BitCloud/lib/libBc_All_StdlinkSec_Atsamr21e18a_Rf233_Gcc.a(aps.o)
                0x00013340                APS_GetKeyPairDeviceAddress
 .text.APS_SetDefaultTcLinkKey
                0x0001336c       0x40 ../../../../BitCloud/lib/libBc_All_StdlinkSec_Atsamr21e18a_Rf233_Gcc.a(aps.o)
                0x0001336c                APS_SetDefaultTcLinkKey
 .text.APS_RemoveDeviceReq
                0x000133ac       0x58 ../../../../BitCloud/lib/libBc_All_StdlinkSec_Atsamr21e18a_Rf233_Gcc.a(aps.o)
                0x000133ac                APS_RemoveDeviceReq
 .text.APS_Init
                0x00013404       0x30 ../../../../BitCloud/lib/libBc_All_StdlinkSec_Atsamr21e18a_Rf233_Gcc.a(aps.o)
                0x00013404                APS_Init
 .text.APS_ResetReq
                0x00013434       0x40 ../../../../BitCloud/lib/libBc_All_StdlinkSec_Atsamr21e18a_Rf233_Gcc.a(aps.o)
                0x00013434                APS_ResetReq
 .text.APS_StartReq
                0x00013474       0x24 ../../../../BitCloud/lib/libBc_All_StdlinkSec_Atsamr21e18a_Rf233_Gcc.a(aps.o)
                0x00013474                APS_StartReq
 .text.APS_StopReq
                0x00013498       0x24 ../../../../BitCloud/lib/libBc_All_StdlinkSec_Atsamr21e18a_Rf233_Gcc.a(aps.o)
                0x00013498                APS_StopReq
 .text.APS_IsActiveTransaction
                0x000134bc       0x7c ../../../../BitCloud/lib/libBc_All_StdlinkSec_Atsamr21e18a_Rf233_Gcc.a(aps.o)
                0x000134bc                APS_IsActiveTransaction
 .text.isApsBusyOrPollCheck
                0x00013538       0x6c ../../../../BitCloud/lib/libBc_All_StdlinkSec_Atsamr21e18a_Rf233_Gcc.a(aps.o)
 .text.APS_HandleLeave
                0x000135a4       0x44 ../../../../BitCloud/lib/libBc_All_StdlinkSec_Atsamr21e18a_Rf233_Gcc.a(aps.o)
                0x000135a4                APS_HandleLeave
 .text.APS_SwitchKeyReq
                0x000135e8       0x5c ../../../../BitCloud/lib/libBc_All_StdlinkSec_Atsamr21e18a_Rf233_Gcc.a(aps.o)
                0x000135e8                APS_SwitchKeyReq
 .text.APS_TaskHandler
                0x00013644       0x9c ../../../../BitCloud/lib/libBc_All_StdlinkSec_Atsamr21e18a_Rf233_Gcc.a(aps.o)
                0x00013644                APS_TaskHandler
 .text.APS_TransportKeyReq
                0x000136e0       0x34 ../../../../BitCloud/lib/libBc_All_StdlinkSec_Atsamr21e18a_Rf233_Gcc.a(aps.o)
                0x000136e0                APS_TransportKeyReq
 .text.APS_SetTrustCenterAddress
                0x00013714       0x5c ../../../../BitCloud/lib/libBc_All_StdlinkSec_Atsamr21e18a_Rf233_Gcc.a(aps.o)
                0x00013714                APS_SetTrustCenterAddress
 .text.APS_UpdateDeviceReq
                0x00013770       0x5c ../../../../BitCloud/lib/libBc_All_StdlinkSec_Atsamr21e18a_Rf233_Gcc.a(aps.o)
                0x00013770                APS_UpdateDeviceReq
 .text.APS_IsTcAddress
                0x000137cc       0x1c ../../../../BitCloud/lib/libBc_All_StdlinkSec_Atsamr21e18a_Rf233_Gcc.a(aps.o)
                0x000137cc                APS_IsTcAddress
 .text.APS_GetTrustCenterAddress
                0x000137e8        0x8 ../../../../BitCloud/lib/libBc_All_StdlinkSec_Atsamr21e18a_Rf233_Gcc.a(aps.o)
                0x000137e8                APS_GetTrustCenterAddress
 .text.APS_GetTrustCenterNwkAddress
                0x000137f0        0x8 ../../../../BitCloud/lib/libBc_All_StdlinkSec_Atsamr21e18a_Rf233_Gcc.a(aps.o)
                0x000137f0                APS_GetTrustCenterNwkAddress
 .text.APS_GetOwnTcMode
                0x000137f8       0x20 ../../../../BitCloud/lib/libBc_All_StdlinkSec_Atsamr21e18a_Rf233_Gcc.a(aps.o)
                0x000137f8                APS_GetOwnTcMode
 .text.APS_IsTrustCenter
                0x00013818       0x24 ../../../../BitCloud/lib/libBc_All_StdlinkSec_Atsamr21e18a_Rf233_Gcc.a(aps.o)
                0x00013818                APS_IsTrustCenter
 .text.APS_IsTrustedAddress
                0x0001383c       0x28 ../../../../BitCloud/lib/libBc_All_StdlinkSec_Atsamr21e18a_Rf233_Gcc.a(aps.o)
                0x0001383c                APS_IsTrustedAddress
 .text.getSymbolsPerOctet
                0x00013864       0x30 ../../../../BitCloud/lib/libBc_All_StdlinkSec_Atsamr21e18a_Rf233_Gcc.a(macenvPib.o)
 .text.storeTransmitPower
                0x00013894       0x6c ../../../../BitCloud/lib/libBc_All_StdlinkSec_Atsamr21e18a_Rf233_Gcc.a(macenvPib.o)
 .text.macenvGetPhySymbolDuration
                0x00013900       0x48 ../../../../BitCloud/lib/libBc_All_StdlinkSec_Atsamr21e18a_Rf233_Gcc.a(macenvPib.o)
                0x00013900                macenvGetPhySymbolDuration
 .text.macenvConvertTransPersistTimeFromUnitsToMs
                0x00013948       0x1c ../../../../BitCloud/lib/libBc_All_StdlinkSec_Atsamr21e18a_Rf233_Gcc.a(macenvPib.o)
                0x00013948                macenvConvertTransPersistTimeFromUnitsToMs
 .text.updateMaxFrameTxTime
                0x00013964       0x30 ../../../../BitCloud/lib/libBc_All_StdlinkSec_Atsamr21e18a_Rf233_Gcc.a(macenvPib.o)
 .text.macenvResetPib
                0x00013994       0xbc ../../../../BitCloud/lib/libBc_All_StdlinkSec_Atsamr21e18a_Rf233_Gcc.a(macenvPib.o)
                0x00013994                macenvResetPib
 .text.macenvSetPibAttr
                0x00013a50      0x1d0 ../../../../BitCloud/lib/libBc_All_StdlinkSec_Atsamr21e18a_Rf233_Gcc.a(macenvPib.o)
                0x00013a50                macenvSetPibAttr
 .text.macenvGetPibAttr
                0x00013c20      0x1d0 ../../../../BitCloud/lib/libBc_All_StdlinkSec_Atsamr21e18a_Rf233_Gcc.a(macenvPib.o)
                0x00013c20                macenvGetPibAttr
 .text.macenvCalculateMaxFrameTotalWaitTimeInMs
                0x00013df0       0x84 ../../../../BitCloud/lib/libBc_All_StdlinkSec_Atsamr21e18a_Rf233_Gcc.a(macenvPib.o)
                0x00013df0                macenvCalculateMaxFrameTotalWaitTimeInMs
 .text.macenvCalculateResponceWaitTimeInMs
                0x00013e74       0x24 ../../../../BitCloud/lib/libBc_All_StdlinkSec_Atsamr21e18a_Rf233_Gcc.a(macenvPib.o)
                0x00013e74                macenvCalculateResponceWaitTimeInMs
 .text.MAC_GetExtAddr
                0x00013e98        0x8 ../../../../BitCloud/lib/libBc_All_StdlinkSec_Atsamr21e18a_Rf233_Gcc.a(macenvPib.o)
                0x00013e98                MAC_GetExtAddr
 .text.MAC_IsOwnExtAddr
                0x00013ea0       0x20 ../../../../BitCloud/lib/libBc_All_StdlinkSec_Atsamr21e18a_Rf233_Gcc.a(macenvPib.o)
                0x00013ea0                MAC_IsOwnExtAddr
 .text.MAC_GetOctetsTransmissionTimeInMs
                0x00013ec0       0x1c ../../../../BitCloud/lib/libBc_All_StdlinkSec_Atsamr21e18a_Rf233_Gcc.a(macenvPib.o)
                0x00013ec0                MAC_GetOctetsTransmissionTimeInMs
 .text.postNewMacRequest
                0x00013edc       0x40 ../../../../BitCloud/lib/libBc_All_StdlinkSec_Atsamr21e18a_Rf233_Gcc.a(machwdManager.o)
 .text.putReqInQueue
                0x00013f1c       0x1c ../../../../BitCloud/lib/libBc_All_StdlinkSec_Atsamr21e18a_Rf233_Gcc.a(machwdManager.o)
 .text.MACHWD_DataReq
                0x00013f38        0xc ../../../../BitCloud/lib/libBc_All_StdlinkSec_Atsamr21e18a_Rf233_Gcc.a(machwdManager.o)
                0x00013f38                MACHWD_DataReq
 .text.MACHWD_SetTrxStateReq
                0x00013f44        0xc ../../../../BitCloud/lib/libBc_All_StdlinkSec_Atsamr21e18a_Rf233_Gcc.a(machwdManager.o)
                0x00013f44                MACHWD_SetTrxStateReq
 .text.MACHWD_SetReq
                0x00013f50        0xc ../../../../BitCloud/lib/libBc_All_StdlinkSec_Atsamr21e18a_Rf233_Gcc.a(machwdManager.o)
                0x00013f50                MACHWD_SetReq
 .text.MACHWD_EdReq
                0x00013f5c        0xc ../../../../BitCloud/lib/libBc_All_StdlinkSec_Atsamr21e18a_Rf233_Gcc.a(machwdManager.o)
                0x00013f5c                MACHWD_EdReq
 .text.RF_EncryptReq
                0x00013f68        0xc ../../../../BitCloud/lib/libBc_All_StdlinkSec_Atsamr21e18a_Rf233_Gcc.a(machwdManager.o)
                0x00013f68                RF_EncryptReq
 .text.RF_RandomReq
                0x00013f74       0x14 ../../../../BitCloud/lib/libBc_All_StdlinkSec_Atsamr21e18a_Rf233_Gcc.a(machwdManager.o)
                0x00013f74                RF_RandomReq
 .text.MACHWD_Reset
                0x00013f88       0x40 ../../../../BitCloud/lib/libBc_All_StdlinkSec_Atsamr21e18a_Rf233_Gcc.a(machwdManager.o)
                0x00013f88                MACHWD_Reset
 .text.MAC_PHY_HWD_TaskHandler
                0x00013fc8      0x200 ../../../../BitCloud/lib/libBc_All_StdlinkSec_Atsamr21e18a_Rf233_Gcc.a(machwdManager.o)
                0x00013fc8                MAC_PHY_HWD_TaskHandler
 .text.machwdSendConf2UpperLayer
                0x000141c8       0x7c ../../../../BitCloud/lib/libBc_All_StdlinkSec_Atsamr21e18a_Rf233_Gcc.a(machwdManager.o)
                0x000141c8                machwdSendConf2UpperLayer
 .text.machwdRegAccessReqHandler
                0x00014244       0x48 ../../../../BitCloud/lib/libBc_All_StdlinkSec_Atsamr21e18a_Rf233_Gcc.a(machwdRegAccessHandler.o)
                0x00014244                machwdRegAccessReqHandler
 .text.machwdRegAccessTaskHandler
                0x0001428c       0x40 ../../../../BitCloud/lib/libBc_All_StdlinkSec_Atsamr21e18a_Rf233_Gcc.a(machwdRegAccessHandler.o)
                0x0001428c                machwdRegAccessTaskHandler
 .text.machwdReset
                0x000142cc       0x80 ../../../../BitCloud/lib/libBc_All_StdlinkSec_Atsamr21e18a_Rf233_Gcc.a(machwdResetHandler.o)
                0x000142cc                machwdReset
 .text.machwdRndReqHandler
                0x0001434c       0x30 ../../../../BitCloud/lib/libBc_All_StdlinkSec_Atsamr21e18a_Rf233_Gcc.a(machwdRndHandler.o)
                0x0001434c                machwdRndReqHandler
 .text.machwdRndTaskHandler
                0x0001437c       0x28 ../../../../BitCloud/lib/libBc_All_StdlinkSec_Atsamr21e18a_Rf233_Gcc.a(machwdRndHandler.o)
                0x0001437c                machwdRndTaskHandler
 .text.machwdResetRndHandler
                0x000143a4        0xc ../../../../BitCloud/lib/libBc_All_StdlinkSec_Atsamr21e18a_Rf233_Gcc.a(machwdRndHandler.o)
                0x000143a4                machwdResetRndHandler
 .text.machwdResetRxBuffers
                0x000143b0       0x88 ../../../../BitCloud/lib/libBc_All_StdlinkSec_Atsamr21e18a_Rf233_Gcc.a(machwdRxBuffer.o)
                0x000143b0                machwdResetRxBuffers
 .text.machwdNextBuffer
                0x00014438       0x18 ../../../../BitCloud/lib/libBc_All_StdlinkSec_Atsamr21e18a_Rf233_Gcc.a(machwdRxBuffer.o)
                0x00014438                machwdNextBuffer
 .text.machwdReleaseBuffer
                0x00014450       0x48 ../../../../BitCloud/lib/libBc_All_StdlinkSec_Atsamr21e18a_Rf233_Gcc.a(machwdRxBuffer.o)
                0x00014450                machwdReleaseBuffer
 .text.machwdNextBufferPresent
                0x00014498       0x28 ../../../../BitCloud/lib/libBc_All_StdlinkSec_Atsamr21e18a_Rf233_Gcc.a(machwdRxBuffer.o)
                0x00014498                machwdNextBufferPresent
 .text.checkRxBuffer
                0x000144c0       0xa0 ../../../../BitCloud/lib/libBc_All_StdlinkSec_Atsamr21e18a_Rf233_Gcc.a(machwdRxFrameHandler.o)
 .text.machwdPerformIndicationFromBuffer.part.1
                0x00014560       0x6c ../../../../BitCloud/lib/libBc_All_StdlinkSec_Atsamr21e18a_Rf233_Gcc.a(machwdRxFrameHandler.o)
 .text.machwdDataReqIndTaskHandler
                0x000145cc       0x90 ../../../../BitCloud/lib/libBc_All_StdlinkSec_Atsamr21e18a_Rf233_Gcc.a(machwdRxFrameHandler.o)
                0x000145cc                machwdDataReqIndTaskHandler
 .text.machwdRxFrameIndTaskHandler
                0x0001465c       0x80 ../../../../BitCloud/lib/libBc_All_StdlinkSec_Atsamr21e18a_Rf233_Gcc.a(machwdRxFrameHandler.o)
                0x0001465c                machwdRxFrameIndTaskHandler
 .text.executeSetReq
                0x000146dc       0x68 ../../../../BitCloud/lib/libBc_All_StdlinkSec_Atsamr21e18a_Rf233_Gcc.a(machwdSetHandler.o)
 .text.machwdSetReqHandler
                0x00014744       0xc0 ../../../../BitCloud/lib/libBc_All_StdlinkSec_Atsamr21e18a_Rf233_Gcc.a(machwdSetHandler.o)
                0x00014744                machwdSetReqHandler
 .text.machwdSetTaskHandler
                0x00014804       0x24 ../../../../BitCloud/lib/libBc_All_StdlinkSec_Atsamr21e18a_Rf233_Gcc.a(machwdSetHandler.o)
                0x00014804                machwdSetTaskHandler
 .text.machwdResetSetHandler
                0x00014828       0x10 ../../../../BitCloud/lib/libBc_All_StdlinkSec_Atsamr21e18a_Rf233_Gcc.a(machwdSetHandler.o)
                0x00014828                machwdResetSetHandler
 .text.machwdGetPhyTrxCmd
                0x00014838       0x18 ../../../../BitCloud/lib/libBc_All_StdlinkSec_Atsamr21e18a_Rf233_Gcc.a(machwdTrxCtrl.o)
                0x00014838                machwdGetPhyTrxCmd
 .text.machwdConvertTrxCmdToTrxState
                0x00014850       0x18 ../../../../BitCloud/lib/libBc_All_StdlinkSec_Atsamr21e18a_Rf233_Gcc.a(machwdTrxCtrl.o)
                0x00014850                machwdConvertTrxCmdToTrxState
 .text.machwdConvertTrxStateToTrxCmd
                0x00014868       0x18 ../../../../BitCloud/lib/libBc_All_StdlinkSec_Atsamr21e18a_Rf233_Gcc.a(machwdTrxCtrl.o)
                0x00014868                machwdConvertTrxStateToTrxCmd
 .text.machwdTrxReqHandler
                0x00014880       0x44 ../../../../BitCloud/lib/libBc_All_StdlinkSec_Atsamr21e18a_Rf233_Gcc.a(machwdTrxHandler.o)
                0x00014880                machwdTrxReqHandler
 .text.machwdTrxTaskHandler
                0x000148c4       0x28 ../../../../BitCloud/lib/libBc_All_StdlinkSec_Atsamr21e18a_Rf233_Gcc.a(machwdTrxHandler.o)
                0x000148c4                machwdTrxTaskHandler
 .text.machwdResetTrxHandler
                0x000148ec        0xc ../../../../BitCloud/lib/libBc_All_StdlinkSec_Atsamr21e18a_Rf233_Gcc.a(machwdTrxHandler.o)
                0x000148ec                machwdResetTrxHandler
 .text.executePhyDataReq
                0x000148f8       0x28 ../../../../BitCloud/lib/libBc_All_StdlinkSec_Atsamr21e18a_Rf233_Gcc.a(machwdTxFrameHandler.o)
 .text.executeDataReq
                0x00014920       0x1c ../../../../BitCloud/lib/libBc_All_StdlinkSec_Atsamr21e18a_Rf233_Gcc.a(machwdTxFrameHandler.o)
 .text.machwdTxFrameReqHandler
                0x0001493c       0x64 ../../../../BitCloud/lib/libBc_All_StdlinkSec_Atsamr21e18a_Rf233_Gcc.a(machwdTxFrameHandler.o)
                0x0001493c                machwdTxFrameReqHandler
 .text.machwdTxFrameTaskHandler
                0x000149a0       0x84 ../../../../BitCloud/lib/libBc_All_StdlinkSec_Atsamr21e18a_Rf233_Gcc.a(machwdTxFrameHandler.o)
                0x000149a0                machwdTxFrameTaskHandler
 .text.machwdTxRetryHandler
                0x00014a24       0x74 ../../../../BitCloud/lib/libBc_All_StdlinkSec_Atsamr21e18a_Rf233_Gcc.a(machwdTxFrameHandler.o)
                0x00014a24                machwdTxRetryHandler
 .text.machwdResetTxFrameHandler
                0x00014a98       0x10 ../../../../BitCloud/lib/libBc_All_StdlinkSec_Atsamr21e18a_Rf233_Gcc.a(machwdTxFrameHandler.o)
                0x00014a98                machwdResetTxFrameHandler
 .text.isMacBusyRequest
                0x00014aa8       0x20 ../../../../BitCloud/lib/libBc_All_StdlinkSec_Atsamr21e18a_Rf233_Gcc.a(machwiManager.o)
 .text.putReqInQueue
                0x00014ac8       0x38 ../../../../BitCloud/lib/libBc_All_StdlinkSec_Atsamr21e18a_Rf233_Gcc.a(machwiManager.o)
 .text.machwiSendConfToUpperLayer
                0x00014b00       0xc0 ../../../../BitCloud/lib/libBc_All_StdlinkSec_Atsamr21e18a_Rf233_Gcc.a(machwiManager.o)
                0x00014b00                machwiSendConfToUpperLayer
 .text.MAC_HWI_TaskHandler
                0x00014bc0       0xe0 ../../../../BitCloud/lib/libBc_All_StdlinkSec_Atsamr21e18a_Rf233_Gcc.a(machwiManager.o)
                0x00014bc0                MAC_HWI_TaskHandler
 .text.MAC_AssociateReq
                0x00014ca0        0xc ../../../../BitCloud/lib/libBc_All_StdlinkSec_Atsamr21e18a_Rf233_Gcc.a(machwiManager.o)
                0x00014ca0                MAC_AssociateReq
 .text.MAC_AssociateResp
                0x00014cac        0xc ../../../../BitCloud/lib/libBc_All_StdlinkSec_Atsamr21e18a_Rf233_Gcc.a(machwiManager.o)
                0x00014cac                MAC_AssociateResp