###############################################################################
#
# IAR ELF Linker V7.30.4.8167/W32 for ARM                 22/May/2015  10:17:22
# Copyright 2007-2014 IAR Systems AB.
#
#    Output file  =  
#        D:\support_project\Qtouch_samr21_validation\BitCloud_SAMR21_3_2_0\BitCloud_SAMR21_3_2_0\Applications\HADevice\iar_projects\All_StdlinkSec_SamR21_Atsamr21g18a_Rf233_8Mhz\Exe\HADevice.out
#    Map file     =  
#        D:\support_project\Qtouch_samr21_validation\BitCloud_SAMR21_3_2_0\BitCloud_SAMR21_3_2_0\Applications\HADevice\iar_projects\All_StdlinkSec_SamR21_Atsamr21g18a_Rf233_8Mhz/List\HADevice.map
#    Command line =  
#        -f
#        D:\support_project\Qtouch_samr21_validation\BitCloud_SAMR21_3_2_0\BitCloud_SAMR21_3_2_0\Applications\HADevice\iar_projects\EWE254.tmp
#        (D:\support_project\Qtouch_samr21_validation\BitCloud_SAMR21_3_2_0\BitCloud_SAMR21_3_2_0\Applications\HADevice\iar_projects\All_StdlinkSec_SamR21_Atsamr21g18a_Rf233_8Mhz\Obj\bspI2c.o
#        D:\support_project\Qtouch_samr21_validation\BitCloud_SAMR21_3_2_0\BitCloud_SAMR21_3_2_0\Applications\HADevice\iar_projects\All_StdlinkSec_SamR21_Atsamr21g18a_Rf233_8Mhz\Obj\bspSpi.o
#        D:\support_project\Qtouch_samr21_validation\BitCloud_SAMR21_3_2_0\BitCloud_SAMR21_3_2_0\Applications\HADevice\iar_projects\All_StdlinkSec_SamR21_Atsamr21g18a_Rf233_8Mhz\Obj\bspTaskManager.o
#        D:\support_project\Qtouch_samr21_validation\BitCloud_SAMR21_3_2_0\BitCloud_SAMR21_3_2_0\Applications\HADevice\iar_projects\All_StdlinkSec_SamR21_Atsamr21g18a_Rf233_8Mhz\Obj\bspTempSensor.o
#        D:\support_project\Qtouch_samr21_validation\BitCloud_SAMR21_3_2_0\BitCloud_SAMR21_3_2_0\Applications\HADevice\iar_projects\All_StdlinkSec_SamR21_Atsamr21g18a_Rf233_8Mhz\Obj\bspUid.o
#        D:\support_project\Qtouch_samr21_validation\BitCloud_SAMR21_3_2_0\BitCloud_SAMR21_3_2_0\Applications\HADevice\iar_projects\All_StdlinkSec_SamR21_Atsamr21g18a_Rf233_8Mhz\Obj\bspUsart.o
#        D:\support_project\Qtouch_samr21_validation\BitCloud_SAMR21_3_2_0\BitCloud_SAMR21_3_2_0\Applications\HADevice\iar_projects\All_StdlinkSec_SamR21_Atsamr21g18a_Rf233_8Mhz\Obj\bspVoltageSensor.o
#        D:\support_project\Qtouch_samr21_validation\BitCloud_SAMR21_3_2_0\BitCloud_SAMR21_3_2_0\Applications\HADevice\iar_projects\All_StdlinkSec_SamR21_Atsamr21g18a_Rf233_8Mhz\Obj\buttons.o
#        D:\support_project\Qtouch_samr21_validation\BitCloud_SAMR21_3_2_0\BitCloud_SAMR21_3_2_0\Applications\HADevice\iar_projects\All_StdlinkSec_SamR21_Atsamr21g18a_Rf233_8Mhz\Obj\ciAlarmsCluster.o
#        D:\support_project\Qtouch_samr21_validation\BitCloud_SAMR21_3_2_0\BitCloud_SAMR21_3_2_0\Applications\HADevice\iar_projects\All_StdlinkSec_SamR21_Atsamr21g18a_Rf233_8Mhz\Obj\ciBasicCluster.o
#        D:\support_project\Qtouch_samr21_validation\BitCloud_SAMR21_3_2_0\BitCloud_SAMR21_3_2_0\Applications\HADevice\iar_projects\All_StdlinkSec_SamR21_Atsamr21g18a_Rf233_8Mhz\Obj\ciClusters.o
#        D:\support_project\Qtouch_samr21_validation\BitCloud_SAMR21_3_2_0\BitCloud_SAMR21_3_2_0\Applications\HADevice\iar_projects\All_StdlinkSec_SamR21_Atsamr21g18a_Rf233_8Mhz\Obj\ciConsole.o
#        D:\support_project\Qtouch_samr21_validation\BitCloud_SAMR21_3_2_0\BitCloud_SAMR21_3_2_0\Applications\HADevice\iar_projects\All_StdlinkSec_SamR21_Atsamr21g18a_Rf233_8Mhz\Obj\ciDiagnosticsCluster.o
#        D:\support_project\Qtouch_samr21_validation\BitCloud_SAMR21_3_2_0\BitCloud_SAMR21_3_2_0\Applications\HADevice\iar_projects\All_StdlinkSec_SamR21_Atsamr21g18a_Rf233_8Mhz\Obj\ciFanControlCluster.o
#        D:\support_project\Qtouch_samr21_validation\BitCloud_SAMR21_3_2_0\BitCloud_SAMR21_3_2_0\Applications\HADevice\iar_projects\All_StdlinkSec_SamR21_Atsamr21g18a_Rf233_8Mhz\Obj\ciGroupsCluster.o
#        D:\support_project\Qtouch_samr21_validation\BitCloud_SAMR21_3_2_0\BitCloud_SAMR21_3_2_0\Applications\HADevice\iar_projects\All_StdlinkSec_SamR21_Atsamr21g18a_Rf233_8Mhz\Obj\ciHumidityMeasurementCluster.o
#        D:\support_project\Qtouch_samr21_validation\BitCloud_SAMR21_3_2_0\BitCloud_SAMR21_3_2_0\Applications\HADevice\iar_projects\All_StdlinkSec_SamR21_Atsamr21g18a_Rf233_8Mhz\Obj\ciIasACECluster.o
#        D:\support_project\Qtouch_samr21_validation\BitCloud_SAMR21_3_2_0\BitCloud_SAMR21_3_2_0\Applications\HADevice\iar_projects\All_StdlinkSec_SamR21_Atsamr21g18a_Rf233_8Mhz\Obj\ciIasZoneCluster.o
#        D:\support_project\Qtouch_samr21_validation\BitCloud_SAMR21_3_2_0\BitCloud_SAMR21_3_2_0\Applications\HADevice\iar_projects\All_StdlinkSec_SamR21_Atsamr21g18a_Rf233_8Mhz\Obj\ciIdentifyCluster.o
#        D:\support_project\Qtouch_samr21_validation\BitCloud_SAMR21_3_2_0\BitCloud_SAMR21_3_2_0\Applications\HADevice\iar_projects\All_StdlinkSec_SamR21_Atsamr21g18a_Rf233_8Mhz\Obj\ciIlluminanceMeasurementCluster.o
#        D:\support_project\Qtouch_samr21_validation\BitCloud_SAMR21_3_2_0\BitCloud_SAMR21_3_2_0\Applications\HADevice\iar_projects\All_StdlinkSec_SamR21_Atsamr21g18a_Rf233_8Mhz\Obj\ciLevelControlCluster.o
#        D:\support_project\Qtouch_samr21_validation\BitCloud_SAMR21_3_2_0\BitCloud_SAMR21_3_2_0\Applications\HADevice\iar_projects\All_StdlinkSec_SamR21_Atsamr21g18a_Rf233_8Mhz\Obj\ciOccupancySensingCluster.o
#        D:\support_project\Qtouch_samr21_validation\BitCloud_SAMR21_3_2_0\BitCloud_SAMR21_3_2_0\Applications\HADevice\iar_projects\All_StdlinkSec_SamR21_Atsamr21g18a_Rf233_8Mhz\Obj\ciOnOffCluster.o
#        D:\support_project\Qtouch_samr21_validation\BitCloud_SAMR21_3_2_0\BitCloud_SAMR21_3_2_0\Applications\HADevice\iar_projects\All_StdlinkSec_SamR21_Atsamr21g18a_Rf233_8Mhz\Obj\ciPowerConfigurationCluster.o
#        D:\support_project\Qtouch_samr21_validation\BitCloud_SAMR21_3_2_0\BitCloud_SAMR21_3_2_0\Applications\HADevice\iar_projects\All_StdlinkSec_SamR21_Atsamr21g18a_Rf233_8Mhz\Obj\ciScenesCluster.o
#        D:\support_project\Qtouch_samr21_validation\BitCloud_SAMR21_3_2_0\BitCloud_SAMR21_3_2_0\Applications\HADevice\iar_projects\All_StdlinkSec_SamR21_Atsamr21g18a_Rf233_8Mhz\Obj\ciTemperatureMeasurementCluster.o
#        D:\support_project\Qtouch_samr21_validation\BitCloud_SAMR21_3_2_0\BitCloud_SAMR21_3_2_0\Applications\HADevice\iar_projects\All_StdlinkSec_SamR21_Atsamr21g18a_Rf233_8Mhz\Obj\ciThermostatCluster.o
#        D:\support_project\Qtouch_samr21_validation\BitCloud_SAMR21_3_2_0\BitCloud_SAMR21_3_2_0\Applications\HADevice\iar_projects\All_StdlinkSec_SamR21_Atsamr21g18a_Rf233_8Mhz\Obj\ciThermostatUiConfCluster.o
#        D:\support_project\Qtouch_samr21_validation\BitCloud_SAMR21_3_2_0\BitCloud_SAMR21_3_2_0\Applications\HADevice\iar_projects\All_StdlinkSec_SamR21_Atsamr21g18a_Rf233_8Mhz\Obj\ciTimeCluster.o
#        D:\support_project\Qtouch_samr21_validation\BitCloud_SAMR21_3_2_0\BitCloud_SAMR21_3_2_0\Applications\HADevice\iar_projects\All_StdlinkSec_SamR21_Atsamr21g18a_Rf233_8Mhz\Obj\combinedInterface.o
#        D:\support_project\Qtouch_samr21_validation\BitCloud_SAMR21_3_2_0\BitCloud_SAMR21_3_2_0\Applications\HADevice\iar_projects\All_StdlinkSec_SamR21_Atsamr21g18a_Rf233_8Mhz\Obj\commandManager.o
#        D:\support_project\Qtouch_samr21_validation\BitCloud_SAMR21_3_2_0\BitCloud_SAMR21_3_2_0\Applications\HADevice\iar_projects\All_StdlinkSec_SamR21_Atsamr21g18a_Rf233_8Mhz\Obj\configServer.o
#        D:\support_project\Qtouch_samr21_validation\BitCloud_SAMR21_3_2_0\BitCloud_SAMR21_3_2_0\Applications\HADevice\iar_projects\All_StdlinkSec_SamR21_Atsamr21g18a_Rf233_8Mhz\Obj\console.o
#        D:\support_project\Qtouch_samr21_validation\BitCloud_SAMR21_3_2_0\BitCloud_SAMR21_3_2_0\Applications\HADevice\iar_projects\All_StdlinkSec_SamR21_Atsamr21g18a_Rf233_8Mhz\Obj\csMem.o
#        D:\support_project\Qtouch_samr21_validation\BitCloud_SAMR21_3_2_0\BitCloud_SAMR21_3_2_0\Applications\HADevice\iar_projects\All_StdlinkSec_SamR21_Atsamr21g18a_Rf233_8Mhz\Obj\csPersistentMem.o
#        D:\support_project\Qtouch_samr21_validation\BitCloud_SAMR21_3_2_0\BitCloud_SAMR21_3_2_0\Applications\HADevice\iar_projects\All_StdlinkSec_SamR21_Atsamr21g18a_Rf233_8Mhz\Obj\D_Nv.o
#        D:\support_project\Qtouch_samr21_validation\BitCloud_SAMR21_3_2_0\BitCloud_SAMR21_3_2_0\Applications\HADevice\iar_projects\All_StdlinkSec_SamR21_Atsamr21g18a_Rf233_8Mhz\Obj\D_XNv-SamR21.o
#        D:\support_project\Qtouch_samr21_validation\BitCloud_SAMR21_3_2_0\BitCloud_SAMR21_3_2_0\Applications\HADevice\iar_projects\All_StdlinkSec_SamR21_Atsamr21g18a_Rf233_8Mhz\Obj\dbg.o
#        D:\support_project\Qtouch_samr21_validation\BitCloud_SAMR21_3_2_0\BitCloud_SAMR21_3_2_0\Applications\HADevice\iar_projects\All_StdlinkSec_SamR21_Atsamr21g18a_Rf233_8Mhz\Obj\dimmableLight.o
#        D:\support_project\Qtouch_samr21_validation\BitCloud_SAMR21_3_2_0\BitCloud_SAMR21_3_2_0\Applications\HADevice\iar_projects\All_StdlinkSec_SamR21_Atsamr21g18a_Rf233_8Mhz\Obj\dimmerSwitch.o
#        D:\support_project\Qtouch_samr21_validation\BitCloud_SAMR21_3_2_0\BitCloud_SAMR21_3_2_0\Applications\HADevice\iar_projects\All_StdlinkSec_SamR21_Atsamr21g18a_Rf233_8Mhz\Obj\dlBasicCluster.o
#        D:\support_project\Qtouch_samr21_validation\BitCloud_SAMR21_3_2_0\BitCloud_SAMR21_3_2_0\Applications\HADevice\iar_projects\All_StdlinkSec_SamR21_Atsamr21g18a_Rf233_8Mhz\Obj\dlClusters.o
#        D:\support_project\Qtouch_samr21_validation\BitCloud_SAMR21_3_2_0\BitCloud_SAMR21_3_2_0\Applications\HADevice\iar_projects\All_StdlinkSec_SamR21_Atsamr21g18a_Rf233_8Mhz\Obj\dlConsole.o
#        D:\support_project\Qtouch_samr21_validation\BitCloud_SAMR21_3_2_0\BitCloud_SAMR21_3_2_0\Applications\HADevice\iar_projects\All_StdlinkSec_SamR21_Atsamr21g18a_Rf233_8Mhz\Obj\dlGroupsCluster.o
#        D:\support_project\Qtouch_samr21_validation\BitCloud_SAMR21_3_2_0\BitCloud_SAMR21_3_2_0\Applications\HADevice\iar_projects\All_StdlinkSec_SamR21_Atsamr21g18a_Rf233_8Mhz\Obj\dlIdentifyCluster.o
#        D:\support_project\Qtouch_samr21_validation\BitCloud_SAMR21_3_2_0\BitCloud_SAMR21_3_2_0\Applications\HADevice\iar_projects\All_StdlinkSec_SamR21_Atsamr21g18a_Rf233_8Mhz\Obj\dlLevelControlCluster.o
#        D:\support_project\Qtouch_samr21_validation\BitCloud_SAMR21_3_2_0\BitCloud_SAMR21_3_2_0\Applications\HADevice\iar_projects\All_StdlinkSec_SamR21_Atsamr21g18a_Rf233_8Mhz\Obj\dlOnOffCluster.o
#        D:\support_project\Qtouch_samr21_validation\BitCloud_SAMR21_3_2_0\BitCloud_SAMR21_3_2_0\Applications\HADevice\iar_projects\All_StdlinkSec_SamR21_Atsamr21g18a_Rf233_8Mhz\Obj\dlPdt.o
#        D:\support_project\Qtouch_samr21_validation\BitCloud_SAMR21_3_2_0\BitCloud_SAMR21_3_2_0\Applications\HADevice\iar_projects\All_StdlinkSec_SamR21_Atsamr21g18a_Rf233_8Mhz\Obj\dlScenes.o
#        D:\support_project\Qtouch_samr21_validation\BitCloud_SAMR21_3_2_0\BitCloud_SAMR21_3_2_0\Applications\HADevice\iar_projects\All_StdlinkSec_SamR21_Atsamr21g18a_Rf233_8Mhz\Obj\dlScenesCluster.o
#        D:\support_project\Qtouch_samr21_validation\BitCloud_SAMR21_3_2_0\BitCloud_SAMR21_3_2_0\Applications\HADevice\iar_projects\All_StdlinkSec_SamR21_Atsamr21g18a_Rf233_8Mhz\Obj\dsAlarmsCluster.o
#        D:\support_project\Qtouch_samr21_validation\BitCloud_SAMR21_3_2_0\BitCloud_SAMR21_3_2_0\Applications\HADevice\iar_projects\All_StdlinkSec_SamR21_Atsamr21g18a_Rf233_8Mhz\Obj\dsBasicCluster.o
#        D:\support_project\Qtouch_samr21_validation\BitCloud_SAMR21_3_2_0\BitCloud_SAMR21_3_2_0\Applications\HADevice\iar_projects\All_StdlinkSec_SamR21_Atsamr21g18a_Rf233_8Mhz\Obj\dsClusters.o
#        D:\support_project\Qtouch_samr21_validation\BitCloud_SAMR21_3_2_0\BitCloud_SAMR21_3_2_0\Applications\HADevice\iar_projects\All_StdlinkSec_SamR21_Atsamr21g18a_Rf233_8Mhz\Obj\dsConsole.o
#        D:\support_project\Qtouch_samr21_validation\BitCloud_SAMR21_3_2_0\BitCloud_SAMR21_3_2_0\Applications\HADevice\iar_projects\All_StdlinkSec_SamR21_Atsamr21g18a_Rf233_8Mhz\Obj\dsIdentifyCluster.o
#        D:\support_project\Qtouch_samr21_validation\BitCloud_SAMR21_3_2_0\BitCloud_SAMR21_3_2_0\Applications\HADevice\iar_projects\All_StdlinkSec_SamR21_Atsamr21g18a_Rf233_8Mhz\Obj\dsLevelControlCluster.o
#        D:\support_project\Qtouch_samr21_validation\BitCloud_SAMR21_3_2_0\BitCloud_SAMR21_3_2_0\Applications\HADevice\iar_projects\All_StdlinkSec_SamR21_Atsamr21g18a_Rf233_8Mhz\Obj\dsOnOffCluster.o
#        D:\support_project\Qtouch_samr21_validation\BitCloud_SAMR21_3_2_0\BitCloud_SAMR21_3_2_0\Applications\HADevice\iar_projects\All_StdlinkSec_SamR21_Atsamr21g18a_Rf233_8Mhz\Obj\dsPowerConfigurationCluster.o
#        D:\support_project\Qtouch_samr21_validation\BitCloud_SAMR21_3_2_0\BitCloud_SAMR21_3_2_0\Applications\HADevice\iar_projects\All_StdlinkSec_SamR21_Atsamr21g18a_Rf233_8Mhz\Obj\ezModeManager.o
#        D:\support_project\Qtouch_samr21_validation\BitCloud_SAMR21_3_2_0\BitCloud_SAMR21_3_2_0\Applications\HADevice\iar_projects\All_StdlinkSec_SamR21_Atsamr21g18a_Rf233_8Mhz\Obj\fakeBSP.o
#        D:\support_project\Qtouch_samr21_validation\BitCloud_SAMR21_3_2_0\BitCloud_SAMR21_3_2_0\Applications\HADevice\iar_projects\All_StdlinkSec_SamR21_Atsamr21g18a_Rf233_8Mhz\Obj\fakePds.o
#        D:\support_project\Qtouch_samr21_validation\BitCloud_SAMR21_3_2_0\BitCloud_SAMR21_3_2_0\Applications\HADevice\iar_projects\All_StdlinkSec_SamR21_Atsamr21g18a_Rf233_8Mhz\Obj\haClusters.o
#        D:\support_project\Qtouch_samr21_validation\BitCloud_SAMR21_3_2_0\BitCloud_SAMR21_3_2_0\Applications\HADevice\iar_projects\All_StdlinkSec_SamR21_Atsamr21g18a_Rf233_8Mhz\Obj\hs2xy.o
#        D:\support_project\Qtouch_samr21_validation\BitCloud_SAMR21_3_2_0\BitCloud_SAMR21_3_2_0\Applications\HADevice\iar_projects\All_StdlinkSec_SamR21_Atsamr21g18a_Rf233_8Mhz\Obj\iasACE.o
#        D:\support_project\Qtouch_samr21_validation\BitCloud_SAMR21_3_2_0\BitCloud_SAMR21_3_2_0\Applications\HADevice\iar_projects\All_StdlinkSec_SamR21_Atsamr21g18a_Rf233_8Mhz\Obj\iasACEBasicCluster.o
#        D:\support_project\Qtouch_samr21_validation\BitCloud_SAMR21_3_2_0\BitCloud_SAMR21_3_2_0\Applications\HADevice\iar_projects\All_StdlinkSec_SamR21_Atsamr21g18a_Rf233_8Mhz\Obj\iasACECluster.o
#        D:\support_project\Qtouch_samr21_validation\BitCloud_SAMR21_3_2_0\BitCloud_SAMR21_3_2_0\Applications\HADevice\iar_projects\All_StdlinkSec_SamR21_Atsamr21g18a_Rf233_8Mhz\Obj\iasACEConsole.o
#        D:\support_project\Qtouch_samr21_validation\BitCloud_SAMR21_3_2_0\BitCloud_SAMR21_3_2_0\Applications\HADevice\iar_projects\All_StdlinkSec_SamR21_Atsamr21g18a_Rf233_8Mhz\Obj\iasACEDiagnosticsCluster.o
#        D:\support_project\Qtouch_samr21_validation\BitCloud_SAMR21_3_2_0\BitCloud_SAMR21_3_2_0\Applications\HADevice\iar_projects\All_StdlinkSec_SamR21_Atsamr21g18a_Rf233_8Mhz\Obj\iasACEIdentifyCluster.o
#        D:\support_project\Qtouch_samr21_validation\BitCloud_SAMR21_3_2_0\BitCloud_SAMR21_3_2_0\Applications\HADevice\iar_projects\All_StdlinkSec_SamR21_Atsamr21g18a_Rf233_8Mhz\Obj\iasACEPdt.o
#        D:\support_project\Qtouch_samr21_validation\BitCloud_SAMR21_3_2_0\BitCloud_SAMR21_3_2_0\Applications\HADevice\iar_projects\All_StdlinkSec_SamR21_Atsamr21g18a_Rf233_8Mhz\Obj\iasACEZoneCluster.o
#        D:\support_project\Qtouch_samr21_validation\BitCloud_SAMR21_3_2_0\BitCloud_SAMR21_3_2_0\Applications\HADevice\iar_projects\All_StdlinkSec_SamR21_Atsamr21g18a_Rf233_8Mhz\Obj\joystick.o
#        D:\support_project\Qtouch_samr21_validation\BitCloud_SAMR21_3_2_0\BitCloud_SAMR21_3_2_0\Applications\HADevice\iar_projects\All_StdlinkSec_SamR21_Atsamr21g18a_Rf233_8Mhz\Obj\keyboardPoll.o
#        D:\support_project\Qtouch_samr21_validation\BitCloud_SAMR21_3_2_0\BitCloud_SAMR21_3_2_0\Applications\HADevice\iar_projects\All_StdlinkSec_SamR21_Atsamr21g18a_Rf233_8Mhz\Obj\lcd.o
#        D:\support_project\Qtouch_samr21_validation\BitCloud_SAMR21_3_2_0\BitCloud_SAMR21_3_2_0\Applications\HADevice\iar_projects\All_StdlinkSec_SamR21_Atsamr21g18a_Rf233_8Mhz\Obj\leds.o
#        D:\support_project\Qtouch_samr21_validation\BitCloud_SAMR21_3_2_0\BitCloud_SAMR21_3_2_0\Applications\HADevice\iar_projects\All_StdlinkSec_SamR21_Atsamr21g18a_Rf233_8Mhz\Obj\maxL.o
#        D:\support_project\Qtouch_samr21_validation\BitCloud_SAMR21_3_2_0\BitCloud_SAMR21_3_2_0\Applications\HADevice\iar_projects\All_StdlinkSec_SamR21_Atsamr21g18a_Rf233_8Mhz\Obj\msBasicCluster.o
#        D:\support_project\Qtouch_samr21_validation\BitCloud_SAMR21_3_2_0\BitCloud_SAMR21_3_2_0\Applications\HADevice\iar_projects\All_StdlinkSec_SamR21_Atsamr21g18a_Rf233_8Mhz\Obj\msClusters.o
#        D:\support_project\Qtouch_samr21_validation\BitCloud_SAMR21_3_2_0\BitCloud_SAMR21_3_2_0\Applications\HADevice\iar_projects\All_StdlinkSec_SamR21_Atsamr21g18a_Rf233_8Mhz\Obj\msConsole.o
#        D:\support_project\Qtouch_samr21_validation\BitCloud_SAMR21_3_2_0\BitCloud_SAMR21_3_2_0\Applications\HADevice\iar_projects\All_StdlinkSec_SamR21_Atsamr21g18a_Rf233_8Mhz\Obj\msDiagnosticsCluster.o
#        D:\support_project\Qtouch_samr21_validation\BitCloud_SAMR21_3_2_0\BitCloud_SAMR21_3_2_0\Applications\HADevice\iar_projects\All_StdlinkSec_SamR21_Atsamr21g18a_Rf233_8Mhz\Obj\msGroupsCluster.o
#        D:\support_project\Qtouch_samr21_validation\BitCloud_SAMR21_3_2_0\BitCloud_SAMR21_3_2_0\Applications\HADevice\iar_projects\All_StdlinkSec_SamR21_Atsamr21g18a_Rf233_8Mhz\Obj\msHumidityMeasurementCluster.o
#        D:\support_project\Qtouch_samr21_validation\BitCloud_SAMR21_3_2_0\BitCloud_SAMR21_3_2_0\Applications\HADevice\iar_projects\All_StdlinkSec_SamR21_Atsamr21g18a_Rf233_8Mhz\Obj\msIdentifyCluster.o
#        D:\support_project\Qtouch_samr21_validation\BitCloud_SAMR21_3_2_0\BitCloud_SAMR21_3_2_0\Applications\HADevice\iar_projects\All_StdlinkSec_SamR21_Atsamr21g18a_Rf233_8Mhz\Obj\msIlluminanceMeasurementCluster.o
#        D:\support_project\Qtouch_samr21_validation\BitCloud_SAMR21_3_2_0\BitCloud_SAMR21_3_2_0\Applications\HADevice\iar_projects\All_StdlinkSec_SamR21_Atsamr21g18a_Rf233_8Mhz\Obj\msOccupancySensingCluster.o
#        D:\support_project\Qtouch_samr21_validation\BitCloud_SAMR21_3_2_0\BitCloud_SAMR21_3_2_0\Applications\HADevice\iar_projects\All_StdlinkSec_SamR21_Atsamr21g18a_Rf233_8Mhz\Obj\msPdt.o
#        D:\support_project\Qtouch_samr21_validation\BitCloud_SAMR21_3_2_0\BitCloud_SAMR21_3_2_0\Applications\HADevice\iar_projects\All_StdlinkSec_SamR21_Atsamr21g18a_Rf233_8Mhz\Obj\msTemperatureMeasurementCluster.o
#        D:\support_project\Qtouch_samr21_validation\BitCloud_SAMR21_3_2_0\BitCloud_SAMR21_3_2_0\Applications\HADevice\iar_projects\All_StdlinkSec_SamR21_Atsamr21g18a_Rf233_8Mhz\Obj\multiSensor.o
#        D:\support_project\Qtouch_samr21_validation\BitCloud_SAMR21_3_2_0\BitCloud_SAMR21_3_2_0\Applications\HADevice\iar_projects\All_StdlinkSec_SamR21_Atsamr21g18a_Rf233_8Mhz\Obj\otauService.o
#        D:\support_project\Qtouch_samr21_validation\BitCloud_SAMR21_3_2_0\BitCloud_SAMR21_3_2_0\Applications\HADevice\iar_projects\All_StdlinkSec_SamR21_Atsamr21g18a_Rf233_8Mhz\Obj\qtTaskManager.o
#        D:\support_project\Qtouch_samr21_validation\BitCloud_SAMR21_3_2_0\BitCloud_SAMR21_3_2_0\Applications\HADevice\iar_projects\All_StdlinkSec_SamR21_Atsamr21g18a_Rf233_8Mhz\Obj\qtTimer.o
#        D:\support_project\Qtouch_samr21_validation\BitCloud_SAMR21_3_2_0\BitCloud_SAMR21_3_2_0\Applications\HADevice\iar_projects\All_StdlinkSec_SamR21_Atsamr21g18a_Rf233_8Mhz\Obj\S_Nv-External.o
#        D:\support_project\Qtouch_samr21_validation\BitCloud_SAMR21_3_2_0\BitCloud_SAMR21_3_2_0\Applications\HADevice\iar_projects\All_StdlinkSec_SamR21_Atsamr21g18a_Rf233_8Mhz\Obj\S_Nv.o
#        D:\support_project\Qtouch_samr21_validation\BitCloud_SAMR21_3_2_0\BitCloud_SAMR21_3_2_0\Applications\HADevice\iar_projects\All_StdlinkSec_SamR21_Atsamr21g18a_Rf233_8Mhz\Obj\S_Nv_Stub.o
#        D:\support_project\Qtouch_samr21_validation\BitCloud_SAMR21_3_2_0\BitCloud_SAMR21_3_2_0\Applications\HADevice\iar_projects\All_StdlinkSec_SamR21_Atsamr21g18a_Rf233_8Mhz\Obj\S_XNv.o
#        D:\support_project\Qtouch_samr21_validation\BitCloud_SAMR21_3_2_0\BitCloud_SAMR21_3_2_0\Applications\HADevice\iar_projects\All_StdlinkSec_SamR21_Atsamr21g18a_Rf233_8Mhz\Obj\stdPdsCrcService.o
#        D:\support_project\Qtouch_samr21_validation\BitCloud_SAMR21_3_2_0\BitCloud_SAMR21_3_2_0\Applications\HADevice\iar_projects\All_StdlinkSec_SamR21_Atsamr21g18a_Rf233_8Mhz\Obj\stdPdsDataServer.o
#        D:\support_project\Qtouch_samr21_validation\BitCloud_SAMR21_3_2_0\BitCloud_SAMR21_3_2_0\Applications\HADevice\iar_projects\All_StdlinkSec_SamR21_Atsamr21g18a_Rf233_8Mhz\Obj\stdPdsEvents.o
#        D:\support_project\Qtouch_samr21_validation\BitCloud_SAMR21_3_2_0\BitCloud_SAMR21_3_2_0\Applications\HADevice\iar_projects\All_StdlinkSec_SamR21_Atsamr21g18a_Rf233_8Mhz\Obj\stdPdsInit.o
#        D:\support_project\Qtouch_samr21_validation\BitCloud_SAMR21_3_2_0\BitCloud_SAMR21_3_2_0\Applications\HADevice\iar_projects\All_StdlinkSec_SamR21_Atsamr21g18a_Rf233_8Mhz\Obj\stdPdsMem.o
#        D:\support_project\Qtouch_samr21_validation\BitCloud_SAMR21_3_2_0\BitCloud_SAMR21_3_2_0\Applications\HADevice\iar_projects\All_StdlinkSec_SamR21_Atsamr21g18a_Rf233_8Mhz\Obj\stdPdsMemAccess.o
#        D:\support_project\Qtouch_samr21_validation\BitCloud_SAMR21_3_2_0\BitCloud_SAMR21_3_2_0\Applications\HADevice\iar_projects\All_StdlinkSec_SamR21_Atsamr21g18a_Rf233_8Mhz\Obj\stdPdsTimer.o
#        D:\support_project\Qtouch_samr21_validation\BitCloud_SAMR21_3_2_0\BitCloud_SAMR21_3_2_0\Applications\HADevice\iar_projects\All_StdlinkSec_SamR21_Atsamr21g18a_Rf233_8Mhz\Obj\stdPdsWriteData.o
#        D:\support_project\Qtouch_samr21_validation\BitCloud_SAMR21_3_2_0\BitCloud_SAMR21_3_2_0\Applications\HADevice\iar_projects\All_StdlinkSec_SamR21_Atsamr21g18a_Rf233_8Mhz\Obj\sysAssert.o
#        D:\support_project\Qtouch_samr21_validation\BitCloud_SAMR21_3_2_0\BitCloud_SAMR21_3_2_0\Applications\HADevice\iar_projects\All_StdlinkSec_SamR21_Atsamr21g18a_Rf233_8Mhz\Obj\sysDuplicateTable.o
#        D:\support_project\Qtouch_samr21_validation\BitCloud_SAMR21_3_2_0\BitCloud_SAMR21_3_2_0\Applications\HADevice\iar_projects\All_StdlinkSec_SamR21_Atsamr21g18a_Rf233_8Mhz\Obj\sysEventsHandler.o
#        D:\support_project\Qtouch_samr21_validation\BitCloud_SAMR21_3_2_0\BitCloud_SAMR21_3_2_0\Applications\HADevice\iar_projects\All_StdlinkSec_SamR21_Atsamr21g18a_Rf233_8Mhz\Obj\sysIdleHandler.o
#        D:\support_project\Qtouch_samr21_validation\BitCloud_SAMR21_3_2_0\BitCloud_SAMR21_3_2_0\Applications\HADevice\iar_projects\All_StdlinkSec_SamR21_Atsamr21g18a_Rf233_8Mhz\Obj\sysInit.o
#        D:\support_project\Qtouch_samr21_validation\BitCloud_SAMR21_3_2_0\BitCloud_SAMR21_3_2_0\Applications\HADevice\iar_projects\All_StdlinkSec_SamR21_Atsamr21g18a_Rf233_8Mhz\Obj\sysMutex.o
#        D:\support_project\Qtouch_samr21_validation\BitCloud_SAMR21_3_2_0\BitCloud_SAMR21_3_2_0\Applications\HADevice\iar_projects\All_StdlinkSec_SamR21_Atsamr21g18a_Rf233_8Mhz\Obj\sysQueue.o
#        D:\support_project\Qtouch_samr21_validation\BitCloud_SAMR21_3_2_0\BitCloud_SAMR21_3_2_0\Applications\HADevice\iar_projects\All_StdlinkSec_SamR21_Atsamr21g18a_Rf233_8Mhz\Obj\sysSleep.o
#        D:\support_project\Qtouch_samr21_validation\BitCloud_SAMR21_3_2_0\BitCloud_SAMR21_3_2_0\Applications\HADevice\iar_projects\All_StdlinkSec_SamR21_Atsamr21g18a_Rf233_8Mhz\Obj\sysStat.o
#        D:\support_project\Qtouch_samr21_validation\BitCloud_SAMR21_3_2_0\BitCloud_SAMR21_3_2_0\Applications\HADevice\iar_projects\All_StdlinkSec_SamR21_Atsamr21g18a_Rf233_8Mhz\Obj\sysTaskManager.o
#        D:\support_project\Qtouch_samr21_validation\BitCloud_SAMR21_3_2_0\BitCloud_SAMR21_3_2_0\Applications\HADevice\iar_projects\All_StdlinkSec_SamR21_Atsamr21g18a_Rf233_8Mhz\Obj\sysTimer.o
#        D:\support_project\Qtouch_samr21_validation\BitCloud_SAMR21_3_2_0\BitCloud_SAMR21_3_2_0\Applications\HADevice\iar_projects\All_StdlinkSec_SamR21_Atsamr21g18a_Rf233_8Mhz\Obj\sysUtils.o
#        D:\support_project\Qtouch_samr21_validation\BitCloud_SAMR21_3_2_0\BitCloud_SAMR21_3_2_0\Applications\HADevice\iar_projects\All_StdlinkSec_SamR21_Atsamr21g18a_Rf233_8Mhz\Obj\thAlarmsCluster.o
#        D:\support_project\Qtouch_samr21_validation\BitCloud_SAMR21_3_2_0\BitCloud_SAMR21_3_2_0\Applications\HADevice\iar_projects\All_StdlinkSec_SamR21_Atsamr21g18a_Rf233_8Mhz\Obj\thBasicCluster.o
#        D:\support_project\Qtouch_samr21_validation\BitCloud_SAMR21_3_2_0\BitCloud_SAMR21_3_2_0\Applications\HADevice\iar_projects\All_StdlinkSec_SamR21_Atsamr21g18a_Rf233_8Mhz\Obj\thClusters.o
#        D:\support_project\Qtouch_samr21_validation\BitCloud_SAMR21_3_2_0\BitCloud_SAMR21_3_2_0\Applications\HADevice\iar_projects\All_StdlinkSec_SamR21_Atsamr21g18a_Rf233_8Mhz\Obj\thConsole.o
#        D:\support_project\Qtouch_samr21_validation\BitCloud_SAMR21_3_2_0\BitCloud_SAMR21_3_2_0\Applications\HADevice\iar_projects\All_StdlinkSec_SamR21_Atsamr21g18a_Rf233_8Mhz\Obj\thDiagnosticsCluster.o
#        D:\support_project\Qtouch_samr21_validation\BitCloud_SAMR21_3_2_0\BitCloud_SAMR21_3_2_0\Applications\HADevice\iar_projects\All_StdlinkSec_SamR21_Atsamr21g18a_Rf233_8Mhz\Obj\thermostat.o
#        D:\support_project\Qtouch_samr21_validation\BitCloud_SAMR21_3_2_0\BitCloud_SAMR21_3_2_0\Applications\HADevice\iar_projects\All_StdlinkSec_SamR21_Atsamr21g18a_Rf233_8Mhz\Obj\thFanControlCluster.o
#        D:\support_project\Qtouch_samr21_validation\BitCloud_SAMR21_3_2_0\BitCloud_SAMR21_3_2_0\Applications\HADevice\iar_projects\All_StdlinkSec_SamR21_Atsamr21g18a_Rf233_8Mhz\Obj\thGroupsCluster.o
#        D:\support_project\Qtouch_samr21_validation\BitCloud_SAMR21_3_2_0\BitCloud_SAMR21_3_2_0\Applications\HADevice\iar_projects\All_StdlinkSec_SamR21_Atsamr21g18a_Rf233_8Mhz\Obj\thHumidityMeasurementCluster.o
#        D:\support_project\Qtouch_samr21_validation\BitCloud_SAMR21_3_2_0\BitCloud_SAMR21_3_2_0\Applications\HADevice\iar_projects\All_StdlinkSec_SamR21_Atsamr21g18a_Rf233_8Mhz\Obj\thIdentifyCluster.o
#        D:\support_project\Qtouch_samr21_validation\BitCloud_SAMR21_3_2_0\BitCloud_SAMR21_3_2_0\Applications\HADevice\iar_projects\All_StdlinkSec_SamR21_Atsamr21g18a_Rf233_8Mhz\Obj\thOccupancySensingCluster.o
#        D:\support_project\Qtouch_samr21_validation\BitCloud_SAMR21_3_2_0\BitCloud_SAMR21_3_2_0\Applications\HADevice\iar_projects\All_StdlinkSec_SamR21_Atsamr21g18a_Rf233_8Mhz\Obj\thPdt.o
#        D:\support_project\Qtouch_samr21_validation\BitCloud_SAMR21_3_2_0\BitCloud_SAMR21_3_2_0\Applications\HADevice\iar_projects\All_StdlinkSec_SamR21_Atsamr21g18a_Rf233_8Mhz\Obj\thScenes.o
#        D:\support_project\Qtouch_samr21_validation\BitCloud_SAMR21_3_2_0\BitCloud_SAMR21_3_2_0\Applications\HADevice\iar_projects\All_StdlinkSec_SamR21_Atsamr21g18a_Rf233_8Mhz\Obj\thScenesCluster.o
#        D:\support_project\Qtouch_samr21_validation\BitCloud_SAMR21_3_2_0\BitCloud_SAMR21_3_2_0\Applications\HADevice\iar_projects\All_StdlinkSec_SamR21_Atsamr21g18a_Rf233_8Mhz\Obj\thTemperatureMeasurementCluster.o
#        D:\support_project\Qtouch_samr21_validation\BitCloud_SAMR21_3_2_0\BitCloud_SAMR21_3_2_0\Applications\HADevice\iar_projects\All_StdlinkSec_SamR21_Atsamr21g18a_Rf233_8Mhz\Obj\thThermostatCluster.o
#        D:\support_project\Qtouch_samr21_validation\BitCloud_SAMR21_3_2_0\BitCloud_SAMR21_3_2_0\Applications\HADevice\iar_projects\All_StdlinkSec_SamR21_Atsamr21g18a_Rf233_8Mhz\Obj\thThermostatUiConfCluster.o
#        D:\support_project\Qtouch_samr21_validation\BitCloud_SAMR21_3_2_0\BitCloud_SAMR21_3_2_0\Applications\HADevice\iar_projects\All_StdlinkSec_SamR21_Atsamr21g18a_Rf233_8Mhz\Obj\thTimeCluster.o
#        D:\support_project\Qtouch_samr21_validation\BitCloud_SAMR21_3_2_0\BitCloud_SAMR21_3_2_0\Applications\HADevice\iar_projects\All_StdlinkSec_SamR21_Atsamr21g18a_Rf233_8Mhz\Obj\touch.o
#        D:\support_project\Qtouch_samr21_validation\BitCloud_SAMR21_3_2_0\BitCloud_SAMR21_3_2_0\Applications\HADevice\iar_projects\All_StdlinkSec_SamR21_Atsamr21g18a_Rf233_8Mhz\Obj\uartManager.o
#        D:\support_project\Qtouch_samr21_validation\BitCloud_SAMR21_3_2_0\BitCloud_SAMR21_3_2_0\Applications\HADevice\iar_projects\All_StdlinkSec_SamR21_Atsamr21g18a_Rf233_8Mhz\Obj\wlPdsDataServer.o
#        D:\support_project\Qtouch_samr21_validation\BitCloud_SAMR21_3_2_0\BitCloud_SAMR21_3_2_0\Applications\HADevice\iar_projects\All_StdlinkSec_SamR21_Atsamr21g18a_Rf233_8Mhz\Obj\wlPdsInit.o
#        D:\support_project\Qtouch_samr21_validation\BitCloud_SAMR21_3_2_0\BitCloud_SAMR21_3_2_0\Applications\HADevice\iar_projects\All_StdlinkSec_SamR21_Atsamr21g18a_Rf233_8Mhz\Obj\wlPdsSecurity.o
#        D:\support_project\Qtouch_samr21_validation\BitCloud_SAMR21_3_2_0\BitCloud_SAMR21_3_2_0\Applications\HADevice\iar_projects\All_StdlinkSec_SamR21_Atsamr21g18a_Rf233_8Mhz\Obj\wlPdsTaskManager.o
#        D:\support_project\Qtouch_samr21_validation\BitCloud_SAMR21_3_2_0\BitCloud_SAMR21_3_2_0\Applications\HADevice\iar_projects\All_StdlinkSec_SamR21_Atsamr21g18a_Rf233_8Mhz\Obj\wlPdsTypesConverter.o
#        D:\support_project\Qtouch_samr21_validation\BitCloud_SAMR21_3_2_0\BitCloud_SAMR21_3_2_0\Applications\HADevice\iar_projects\All_StdlinkSec_SamR21_Atsamr21g18a_Rf233_8Mhz\Obj\xyl2rgb.o
#        D:\support_project\Qtouch_samr21_validation\BitCloud_SAMR21_3_2_0\BitCloud_SAMR21_3_2_0\Applications\HADevice\iar_projects\All_StdlinkSec_SamR21_Atsamr21g18a_Rf233_8Mhz\Obj\zcl.o
#        D:\support_project\Qtouch_samr21_validation\BitCloud_SAMR21_3_2_0\BitCloud_SAMR21_3_2_0\Applications\HADevice\iar_projects\All_StdlinkSec_SamR21_Atsamr21g18a_Rf233_8Mhz\Obj\zclAttributes.o
#        D:\support_project\Qtouch_samr21_validation\BitCloud_SAMR21_3_2_0\BitCloud_SAMR21_3_2_0\Applications\HADevice\iar_projects\All_StdlinkSec_SamR21_Atsamr21g18a_Rf233_8Mhz\Obj\zclCommandAnalyzer.o
#        D:\support_project\Qtouch_samr21_validation\BitCloud_SAMR21_3_2_0\BitCloud_SAMR21_3_2_0\Applications\HADevice\iar_projects\All_StdlinkSec_SamR21_Atsamr21g18a_Rf233_8Mhz\Obj\zclDevice.o
#        D:\support_project\Qtouch_samr21_validation\BitCloud_SAMR21_3_2_0\BitCloud_SAMR21_3_2_0\Applications\HADevice\iar_projects\All_StdlinkSec_SamR21_Atsamr21g18a_Rf233_8Mhz\Obj\zclKeyEstablishmentCluster.o
#        D:\support_project\Qtouch_samr21_validation\BitCloud_SAMR21_3_2_0\BitCloud_SAMR21_3_2_0\Applications\HADevice\iar_projects\All_StdlinkSec_SamR21_Atsamr21g18a_Rf233_8Mhz\Obj\zclMemoryManager.o
#        D:\support_project\Qtouch_samr21_validation\BitCloud_SAMR21_3_2_0\BitCloud_SAMR21_3_2_0\Applications\HADevice\iar_projects\All_StdlinkSec_SamR21_Atsamr21g18a_Rf233_8Mhz\Obj\zclOtauClient.o
#        D:\support_project\Qtouch_samr21_validation\BitCloud_SAMR21_3_2_0\BitCloud_SAMR21_3_2_0\Applications\HADevice\iar_projects\All_StdlinkSec_SamR21_Atsamr21g18a_Rf233_8Mhz\Obj\zclOtauClientDiscovery.o
#        D:\support_project\Qtouch_samr21_validation\BitCloud_SAMR21_3_2_0\BitCloud_SAMR21_3_2_0\Applications\HADevice\iar_projects\All_StdlinkSec_SamR21_Atsamr21g18a_Rf233_8Mhz\Obj\zclOtauClientDownload.o
#        D:\support_project\Qtouch_samr21_validation\BitCloud_SAMR21_3_2_0\BitCloud_SAMR21_3_2_0\Applications\HADevice\iar_projects\All_StdlinkSec_SamR21_Atsamr21g18a_Rf233_8Mhz\Obj\zclOtauClientPdt.o
#        D:\support_project\Qtouch_samr21_validation\BitCloud_SAMR21_3_2_0\BitCloud_SAMR21_3_2_0\Applications\HADevice\iar_projects\All_StdlinkSec_SamR21_Atsamr21g18a_Rf233_8Mhz\Obj\zclOtauClientQuery.o
#        D:\support_project\Qtouch_samr21_validation\BitCloud_SAMR21_3_2_0\BitCloud_SAMR21_3_2_0\Applications\HADevice\iar_projects\All_StdlinkSec_SamR21_Atsamr21g18a_Rf233_8Mhz\Obj\zclOtauClientUpgrade.o
#        D:\support_project\Qtouch_samr21_validation\BitCloud_SAMR21_3_2_0\BitCloud_SAMR21_3_2_0\Applications\HADevice\iar_projects\All_StdlinkSec_SamR21_Atsamr21g18a_Rf233_8Mhz\Obj\zclOtauManager.o
#        D:\support_project\Qtouch_samr21_validation\BitCloud_SAMR21_3_2_0\BitCloud_SAMR21_3_2_0\Applications\HADevice\iar_projects\All_StdlinkSec_SamR21_Atsamr21g18a_Rf233_8Mhz\Obj\zclOtauServer.o
#        D:\support_project\Qtouch_samr21_validation\BitCloud_SAMR21_3_2_0\BitCloud_SAMR21_3_2_0\Applications\HADevice\iar_projects\All_StdlinkSec_SamR21_Atsamr21g18a_Rf233_8Mhz\Obj\zclParser.o
#        D:\support_project\Qtouch_samr21_validation\BitCloud_SAMR21_3_2_0\BitCloud_SAMR21_3_2_0\Applications\HADevice\iar_projects\All_StdlinkSec_SamR21_Atsamr21g18a_Rf233_8Mhz\Obj\zclSecurityManager.o
#        D:\support_project\Qtouch_samr21_validation\BitCloud_SAMR21_3_2_0\BitCloud_SAMR21_3_2_0\Applications\HADevice\iar_projects\All_StdlinkSec_SamR21_Atsamr21g18a_Rf233_8Mhz\Obj\zclTaskManager.o
#        --redirect _Printf=_PrintfSmall --redirect _Scanf=_ScanfSmall -o
#        D:\support_project\Qtouch_samr21_validation\BitCloud_SAMR21_3_2_0\BitCloud_SAMR21_3_2_0\Applications\HADevice\iar_projects\All_StdlinkSec_SamR21_Atsamr21g18a_Rf233_8Mhz\Exe\HADevice.out
#        --map
#        D:\support_project\Qtouch_samr21_validation\BitCloud_SAMR21_3_2_0\BitCloud_SAMR21_3_2_0\Applications\HADevice\iar_projects\All_StdlinkSec_SamR21_Atsamr21g18a_Rf233_8Mhz/List\HADevice.map
#        --config
#        D:\support_project\Qtouch_samr21_validation\BitCloud_SAMR21_3_2_0\BitCloud_SAMR21_3_2_0\Applications\HADevice\iar_projects/../linkerScr/atSAMR21G18A_FLASH.icf
#        --semihosting
#        D:\support_project\Qtouch_samr21_validation\BitCloud_SAMR21_3_2_0\BitCloud_SAMR21_3_2_0\Applications\HADevice\iar_projects/../../../BitCloud/lib/libBc_All_StdlinkSec_Atsamr21g18a_Rf233_Iar.a
#        D:\support_project\Qtouch_samr21_validation\BitCloud_SAMR21_3_2_0\BitCloud_SAMR21_3_2_0\Applications\HADevice\iar_projects/../../../BitCloud/lib/libHAL_SamR21_Atsamr21g18a_8Mhz_Iar.a
#        D:\support_project\Qtouch_samr21_validation\BitCloud_SAMR21_3_2_0\BitCloud_SAMR21_3_2_0\Applications\HADevice\iar_projects/../../../BitCloud/Components/BSP/QTouch_XPRO/lib/SAMR21_iar_lib.a
#        --entry __iar_program_start --vfe)
#
###############################################################################

*******************************************************************************
*** RUNTIME MODEL ATTRIBUTES
***

CppFlavor                     = *
__Heap_Handler                = Basic
__SystemLibrary               = DLib
__dlib_dynamic_initialization = normal


*******************************************************************************
*** PLACEMENT SUMMARY
***

"A1":  place at 0x00000000 { ro section .vectors };
"A2":  place at 0x20000000 { rw section .ramvectors };
"P1":  place in [from 0x00004100 to 0x0003ffff] { ro section PDS_FF };
"P2":  place in [from 0x00004100 to 0x0003ffff] { ro section PDS_FD };
"P3":  place in [from 0x00000100 to 0x000040ff] { block D_NV_MEMORY };
"P4":  place in [from 0x00004100 to 0x0003ffff] { ro };
"P5":  place in [from 0x20000000 to 0x20007fff] { rw, block CSTACK, block HEAP };

  Section                 Kind        Address     Size  Object
  -------                 ----        -------     ----  ------
"A1":                                             0x40
  .vectors                const    0x00000000     0x40  halVectorTable.o [6]
                                 - 0x00000040     0x40

"P3":                                           0x4000
  D_NV_MEMORY                      0x00000100   0x4000  <Block>
    D_NV_MEMORY           uninit   0x00000100   0x4000  <Block tail>
                                 - 0x00004100   0x4000

"P1":                                            0x120
  PDS_FF                           0x00004100    0x120  <Block>
    PDS_FF                const    0x00004100     0x10  csPersistentMem.o [1]
    PDS_FF                const    0x00004110     0x10  csPersistentMem.o [1]
    PDS_FF                const    0x00004120     0x10  csPersistentMem.o [1]
    PDS_FF                const    0x00004130     0x10  csPersistentMem.o [1]
    PDS_FF                const    0x00004140     0x10  csPersistentMem.o [1]
    PDS_FF                const    0x00004150     0x10  csPersistentMem.o [1]
    PDS_FF                const    0x00004160     0x10  csPersistentMem.o [1]
    PDS_FF                const    0x00004170     0x10  csPersistentMem.o [1]
    PDS_FF                const    0x00004180     0x10  csPersistentMem.o [1]
    PDS_FF                const    0x00004190     0x10  thPdt.o [1]
    PDS_FF                const    0x000041a0     0x10  thPdt.o [1]
    PDS_FF                const    0x000041b0     0x10  thPdt.o [1]
    PDS_FF                const    0x000041c0     0x10  thPdt.o [1]
    PDS_FF                const    0x000041d0     0x10  thPdt.o [1]
    PDS_FF                const    0x000041e0     0x10  thPdt.o [1]
    PDS_FF                const    0x000041f0     0x10  thPdt.o [1]
    PDS_FF                const    0x00004200     0x10  thPdt.o [1]
    PDS_FF                const    0x00004210     0x10  thPdt.o [1]
                                 - 0x00004220    0x120

"P2":                                             0x10
  PDS_FD                           0x00004220     0x10  <Block>
    PDS_FD                const    0x00004220      0x8  csPersistentMem.o [1]
    PDS_FD                const    0x00004228      0x8  thPdt.o [1]
                                 - 0x00004230     0x10

"P4":                                          0x277d4
  .text                   ro code  0x00004230   0x7d76  nwk.o [5]
  .text                   ro code  0x0000bfa6     0x12  atomic.o [6]
  .text                   ro code  0x0000bfb8   0x3528  zdo.o [5]
  .text                   ro code  0x0000f4e0    0x5a0  macenvPib.o [5]
  .text                   ro code  0x0000fa80     0x38  sysAssert.o [1]
  .text                   ro code  0x0000fab8    0x14a  sysEventsHandler.o [1]
  .text                   ro code  0x0000fc02     0x2a  zero_init3.o [8]
  .text                   ro code  0x0000fc2c     0xcc  rand.o [4]
  .text                   ro code  0x0000fcf8    0x150  configServer.o [1]
  .text                   ro code  0x0000fe48    0x388  machwiManager.o [5]
  .text                   ro code  0x000101d0     0x58  ABImemset.o [8]
  .text                   ro code  0x00010228     0x46  sysTimer.o [1]
  .text                   ro code  0x00010270    0x22c  halAppClock.o [6]
  .text                   ro code  0x0001049c     0x80  sysQueue.o [1]
  .text                   ro code  0x0001051c     0x2a  uread8.o [8]
  .text                   ro code  0x00010548     0x1e  uwrite8.o [8]
  .text                   ro code  0x00010568     0x5c  ABImemcpy.o [8]
  .text                   ro code  0x000105c4      0x8  abs.o [4]
  .text                   ro code  0x000105cc     0xe0  I32DivModFast.o [8]
  .text                   ro code  0x000106ac    0x114  appTimer.o [6]
  .text                   ro code  0x000107c0   0x4b68  aps.o [5]
  .text                   ro code  0x00015328     0x26  ABImemmove.o [8]
  .text                   ro code  0x00015350    0x250  sspManager.o [5]
  .text                   ro code  0x000155a0     0x16  uread4.o [8]
  .text                   ro code  0x000155b8    0x4cc  thermostat.o [1]
  .text                   ro code  0x00015a84    0x304  zclDevice.o [1]
  .text                   ro code  0x00015d88     0x10  sysInit.o [1]
  .text                   ro code  0x00015d98     0x14  uwrite4.o [8]
  .text                   ro code  0x00015dac     0x22  tcIndInput.o [5]
  .text                   ro code  0x00015dd0     0x5a  sysIdleHandler.o [1]
  .text                   ro code  0x00015e2c    0x1b8  halMacIsr.o [6]
  .text                   ro code  0x00015fe4     0xac  sysUtils.o [1]
  .text                   ro code  0x00016090      0x8  sysSleep.o [1]
  .text                   ro code  0x00016098     0x14  sspReset.o [5]
  .text                   ro code  0x000160ac    0x916  sspSfpHandler.o [5]
  .text                   ro code  0x000169c2      0x2  xtls.o [4]
  .text                   ro code  0x000169c4     0x1c  xsnprout.o [4]
  .text                   ro code  0x000169e0    0x198  csMem.o [1]
  .text                   ro code  0x00016b78      0xc  wlPdsInit.o [1]
  .text                   ro code  0x00016b84    0x244  machwiTransactionQueue.o [5]
  .text                   ro code  0x00016dc8    0x2e4  machwiTransactionHandler.o [5]
  .text                   ro code  0x000170ac    0x28e  machwiBeaconHandler.o [5]
  .text                   ro code  0x0001733c     0x2c  machwiPurgeHandler.o [5]
  .text                   ro code  0x00017368    0x244  machwiDataHandler.o [5]
  .text                   ro code  0x000175ac    0x4f4  machwiPollHandler.o [5]
  .text                   ro code  0x00017aa0    0x238  machwiOrphanHandler.o [5]
  .text                   ro code  0x00017cd8    0x3a0  machwiStartHandler.o [5]
  .text                   ro code  0x00018078    0x5f8  machwiAssociateHandler.o [5]
  .text                   ro code  0x00018670     0x40  machwiRxEnableHandler.o [5]
  .text                   ro code  0x000186b0    0x8fc  machwiScanHandler.o [5]
  .text                   ro code  0x00018fac     0xb0  machwiResetHandler.o [5]
  .text                   ro code  0x0001905c     0xf8  machwiSetGetHandler.o [5]
  .text                   ro code  0x00019154    0x294  machwdManager.o [5]
  .text                   ro code  0x000193e8      0x2  IntDivZer.o [8]
  .text                   ro code  0x000193ea     0x8a  timer.o [6]
  .text                   ro code  0x00019474     0x28  memcmp.o [8]
  .text                   ro code  0x0001949c     0xf6  sysDuplicateTable.o [1]
  .text                   ro code  0x00019594    0x148  tcKeyEstablishHandler.o [5]
  .text                   ro code  0x000196dc     0x18  tcResetHandler.o [5]
  .text                   ro code  0x000196f4     0xc8  sysMutex.o [1]
  .text                   ro code  0x000197bc   0x1240  zcl.o [1]
  .text                   ro code  0x0001a9fc     0x9c  uartManager.o [1]
  .text                   ro code  0x0001aa98    0x68c  thConsole.o [1]
  .text                   ro code  0x0001b124    0x360  thIdentifyCluster.o [1]
  .text                   ro code  0x0001b484     0x74  thBasicCluster.o [1]
  .text                   ro code  0x0001b4f8    0xa20  thThermostatCluster.o [1]
  .text                   ro code  0x0001bf18     0x10  thThermostatUiConfCluster.o [1]
  .text                   ro code  0x0001bf28    0x56c  thOccupancySensingCluster.o [1]
  .text                   ro code  0x0001c494    0x16c  thFanControlCluster.o [1]
  .text                   ro code  0x0001c600     0x64  thDiagnosticsCluster.o [1]
  .text                   ro code  0x0001c664    0x3f4  thHumidityMeasurementCluster.o [1]
  .text                   ro code  0x0001ca58    0x3b4  thGroupsCluster.o [1]
  .text                   ro code  0x0001ce0c    0x700  thScenesCluster.o [1]
  .text                   ro code  0x0001d50c    0x4a8  thTemperatureMeasurementCluster.o [1]
  .text                   ro code  0x0001d9b4    0x11c  qtTaskManager.o [1]
  .text                   ro code  0x0001dad0    0x3ac  wlPdsDataServer.o [1]
  .text                   ro code  0x0001de7c    0x4dc  ezModeManager.o [1]
  .text                   ro code  0x0001e358     0x84  zclSecurityManager.o [1]
  .text                   ro code  0x0001e3dc    0x11c  haClusters.o [1]
  .text                   ro code  0x0001e4f8      0x8  resetReason.o [6]
  .text                   ro code  0x0001e500     0x6a  bspUid.o [1]
  .text                   ro code  0x0001e56c     0xac  sysTaskManager.o [1]
  .text                   ro code  0x0001e618    0x224  tcAuthenticHandler.o [5]
  .text                   ro code  0x0001e83c     0x94  tcRemoveHandler.o [5]
  .text                   ro code  0x0001e8d0    0x25e  halSleep.o [6]
  .text                   ro code  0x0001eb30    0x110  halRfCtrl.o [6]
  .text                   ro code  0x0001ec40    0x1ac  phyRtimerIrqDispatcher.o [5]
  .text                   ro code  0x0001edec     0x20  srand.o [4]
  .text                   ro code  0x0001ee0c     0x60  sleep.o [6]
  .text                   ro code  0x0001ee6c    0x26a  sspSkkeHandler.o [5]
  .text                   ro code  0x0001f0d8    0x4bc  sspCcmHandler.o [5]
  .text                   ro code  0x0001f594    0x2b2  sspHashHandler.o [5]
  .text                   ro code  0x0001f848    0x22c  D_Nv.o [1]
  .text                   ro code  0x0001fa74    0xa94  S_Nv.o [1]
  .text                   ro code  0x00020508     0xd4  machwiTransactionHash.o [5]
  .text                   ro code  0x000205dc     0x38  machwiSwitchRxCtrl.o [5]
  .text                   ro code  0x00020614     0xe4  machwiPanServer.o [5]
  .text                   ro code  0x000206f8     0x7c  machwdResetHandler.o [5]
  .text                   ro code  0x00020774     0x30  machwdHandlerCtrl.o [5]
  .text                   ro code  0x000207a4     0x92  machwdRegAccessHandler.o [5]
  .text                   ro code  0x00020838     0x6c  machwdCalibHandler.o [5]
  .text                   ro code  0x000208a4     0x5c  machwdRndHandler.o [5]
  .text                   ro code  0x00020900     0x54  machwdEncryptHandler.o [5]
  .text                   ro code  0x00020954     0x58  machwdEdHandler.o [5]
  .text                   ro code  0x000209ac    0x168  machwdSetHandler.o [5]
  .text                   ro code  0x00020b14     0x6c  machwdTrxHandler.o [5]
  .text                   ro code  0x00020b80    0x176  machwdTxFrameHandler.o [5]
  .text                   ro code  0x00020cf8    0x1bc  machwdRxFrameHandler.o [5]
  .text                   ro code  0x00020eb4     0x88  tcTaskManager.o [5]
  .text                   ro code  0x00020f3c    0x150  tcKeyUpdateHandler.o [5]
  .text                   ro code  0x0002108c    0xdac  zclParser.o [1]
  .text                   ro code  0x00021e38     0xa0  zclTaskManager.o [1]
  .text                   ro code  0x00021ed8    0x880  zclAttributes.o [1]
  .text                   ro code  0x00022758     0x74  zclCommandAnalyzer.o [1]
  .text                   ro code  0x000227cc    0x1c8  zclMemoryManager.o [1]
  .text                   ro code  0x00022994    0x4b4  usart.o [6]
  .text                   ro code  0x00022e48     0x3c  vsnprint.o [4]
  .text                   ro code  0x00022e84    0x268  console.o [1]
  .text                   ro code  0x000230ec    0x2bc  thTimeCluster.o [1]
  .text                   ro code  0x000233a8    0x13c  commandManager.o [1]
  .text                   ro code  0x000234e4     0x52  bspTempSensor.o [1]
  .text                   ro code  0x00023538    0x26c  thAlarmsCluster.o [1]
  .text                   ro code  0x000237a4     0x6a  I64DivMod.o [8]
  .text                   ro code  0x00023810     0xe0  thScenes.o [1]
  .text                   ro code  0x000238f0    0x118  qtTimer.o [1]
  .text                   ro code  0x00023a08    0x198  touch.o [1]
  .text                   ro code  0x00023ba0    0x38c  wlPdsTypesConverter.o [1]
  .text                   ro code  0x00023f2c      0xa  S_Nv_Stub.o [1]
  .text                   ro code  0x00023f38     0x74  wlPdsTaskManager.o [1]
  .text                   ro code  0x00023fac     0x1c  halReset.o [6]
  .text                   ro code  0x00023fc8     0x30  bspI2c.o [1]
  .text                   ro code  0x00023ff8     0xe4  i2cPacket.o [6]
  .text                   ro code  0x000240dc     0x14  halInit.o [6]
  .text                   ro code  0x000240f0     0xe4  phyInit.o [5]
  .text                   ro code  0x000241d4    0x2a8  halSleepTimerClock.o [6]
  .text                   ro code  0x0002447c     0xec  halLowLevelInit.o [6]
  .text                   ro code  0x00024568    0x264  halIrq.o [6]
  .text                   ro code  0x000247cc    0x164  halRfSpi.o [6]
  .text                   ro code  0x00024930    0x21c  phyRfSpiProto.o [5]
  .text                   ro code  0x00024b4c     0x8c  sleepTimer.o [6]
  .text                   ro code  0x00024bd8     0x18  flash.o [6]
  .text                   ro code  0x00024bf0      0x2  wlPdsSecurity.o [1]
  .text                   ro code  0x00024bf4     0xac  machwiBanNode.o [5]
  .text                   ro code  0x00024ca0     0xb0  phyReset.o [5]
  .text                   ro code  0x00024d50     0xcc  machwdRxBuffer.o [5]
  .text                   ro code  0x00024e1c    0x1a2  phySet.o [5]
  .text                   ro code  0x00024fc0     0x6a  phyRegAccess.o [5]
  .text                   ro code  0x0002502c     0xa8  phyCalib.o [5]
  .text                   ro code  0x000250d4    0x144  phyRnd.o [5]
  .text                   ro code  0x00025218     0x40  phyEncrypt.o [5]
  .text                   ro code  0x00025258     0x50  phyEd.o [5]
  .text                   ro code  0x000252a8     0x48  machwdTrxCtrl.o [5]
  .text                   ro code  0x000252f0     0xf0  phySetTrxState.o [5]
  .text                   ro code  0x000253e0     0x8c  phyAntDiversity.o [5]
  .text                   ro code  0x0002546c    0x4a8  machwdFrameRoutine.o [5]
  .text                   ro code  0x00025914     0x24  phyTxFrame.o [5]
  .text                   ro code  0x00025938    0x140  phyRxFrame.o [5]
  .text                   ro code  0x00025a78     0x6c  bspUsart.o [1]
  .text                   ro code  0x00025ae4    0x328  halUsart.o [6]
  .text                   ro code  0x00025e0c    0x820  xprintfsmall.o [4]
  .text                   ro code  0x0002662c     0x24  isxxx.o [4]
  .text                   ro code  0x00026650     0x22  strcmp.o [8]
  .text                   ro code  0x00026674     0x40  tempSensor.o [6]
  .text                   ro code  0x000266b4      0x2  I64DivZer.o [8]
  .text                   ro code  0x000266b8    0x4d8  touch_api_mutlcap_set1.o [3]
  .text                   ro code  0x00026b90    0x314  halTwi.o [6]
  .text                   ro code  0x00026ea4    0x12c  halFlash.o [6]
  .text                   ro code  0x00026fd0     0x28  halVectorTable.o [6]
  .text                   ro code  0x00026ff8     0x44  phyTxPowerConverter.o [5]
  .text                   ro code  0x0002703c     0x16  phyStateMachine.o [5]
  .text                   ro code  0x00027052     0x1c  xmbtowc.o [4]
  .text                   ro code  0x0002706e     0x14  strchr.o [8]
  .text                   ro code  0x00027082     0x10  strlen.o [8]
  .text                   ro code  0x00027092     0x18  memchr.o [8]
  .text                   ro code  0x000270aa      0xa  xmbcurmax.o [4]
  .text                   ro code  0x000270b4     0xb8  xxmemxmalloc.o [4]
  .text                   ro code  0x0002716c     0x18  xwctomb.o [4]
  .text                   ro code  0x00027184     0x88  xxmemxfree.o [4]
  .text                   ro code  0x0002720c     0x24  setlocale.o [4]
  .text                   ro code  0x00027230     0x16  xlocale_c.o [4]
  .text                   ro code  0x00027246     0x26  xlocale_c.o [4]
  .text                   ro code  0x0002726c     0xbc  halTempSensor.o [6]
  .text                   ro code  0x00027328    0x25c  touch_ptc_config.o [3]
  .text                   ro code  0x00027584    0x35c  touch_api_common.o [3]
  .text                   ro code  0x000278e0    0xe20  touch_ptc_acquire.o [3]
  .text                   ro code  0x00028700     0x50  xencoding_sb.o [4]
  .text                   ro code  0x00028750     0x2c  xgetmemchunk.o [4]
  .text                   ro code  0x0002877c     0x32  I32ToFlt.o [7]
  .text                   ro code  0x000287b0     0x32  FltToDbl.o [7]
  .text                   ro code  0x000287e2    0x184  DblMul.o [7]
  .text                   ro code  0x00028966     0xc2  DblDiv.o [7]
  .text                   ro code  0x00028a28     0x62  DblToFlt.o [7]
  .text                   ro code  0x00028a8a    0x1a8  DblAddSub.o [7]
  .text                   ro code  0x00028c32     0xb4  FltMul.o [7]
  .text                   ro code  0x00028ce8     0x3a  FltToS32.o [7]
  .text                   ro code  0x00028d24     0x58  adc.o [6]
  .text                   ro code  0x00028d7c    0x584  touch_process.o [3]
  .text                   ro code  0x00029300     0x2c  touch_ptc_noise_mit.o [3]
  .text                   ro code  0x0002932c     0x22  I64Shl.o [8]
  .text                   ro code  0x00029350     0x1e  U64Shr.o [8]
  .text                   ro code  0x00029370    0x184  halAdc.o [6]
  .rodata                 const    0x000294f4    0x604  thConsole.o [1]
  .text                   ro code  0x00029af8    0x550  touch_rs_mutual.o [3]
  .rodata                 const    0x0002a048    0x4e8  csMem.o [1]
  .text                   ro code  0x0002a530    0x4a8  phyRfIrqDispatcher.o [5]
  .rodata                 const    0x0002a9d8    0x2e8  nwk.o [5]
  .text                   ro code  0x0002acc0    0x1be  lz77_init.o [8]
  .text                   ro code  0x0002ae7e      0xa  abort.o [4]
  .text                   ro code  0x0002ae88     0x14  exit.o [9]
  .text                   ro code  0x0002ae9c    0x160  sspAuthenticHandler.o [5]
  .text                   ro code  0x0002affc     0xdc  touch_ptc_acquire_mutual.o [3]
  .text                   ro code  0x0002b0d8     0xa0  buttons.o [1]
  .text                   ro code  0x0002b178     0x28  irq.o [6]
  .text                   ro code  0x0002b1a0     0x9c  bspTaskManager.o [1]
  .text                   ro code  0x0002b23c     0x3c  joystick.o [1]
  .text                   ro code  0x0002b278     0x34  fakeBSP.o [1]
  .text                   ro code  0x0002b2ac     0x94  halTaskManager.o [6]
  .rodata                 const    0x0002b340     0x88  aps.o [5]
  .text                   ro code  0x0002b3c8     0x38  sspHash.o [5]
  .text                   ro code  0x0002b400     0x28  data_init.o [8]
  .iar.init_table         const    0x0002b428     0x48  - Linker created -
  .text                   ro code  0x0002b470     0x1a  cmain.o [8]
  .text                   ro code  0x0002b48c     0x18  halStartupIar.o [6]
  .text                   ro code  0x0002b4a4      0x8  exit.o [4]
  .text                   ro code  0x0002b4ac      0xa  cexit.o [8]
  .rodata                 const    0x0002b4b8     0x14  csPersistentMem.o [1]
  .rodata                 const    0x0002b4cc     0x14  thPdt.o [1]
  .text                   ro code  0x0002b4e0     0x14  eeprom.o [6]
  .rodata                 const    0x0002b4f4      0xc  zdo.o [5]
  .text                   ro code  0x0002b500      0xc  cstartup_M.o [8]
  .rodata                 const    0x0002b50c      0x8  xprintfsmall.o [4]
  .rodata                 const    0x0002b514      0x0  zero_init3.o [8]
  .rodata                 const    0x0002b514      0x0  lz77_init.o [8]
  Initializer bytes       const    0x0002b514     0x3a  <for rw section .ramvectors-1>
  Initializer bytes       const    0x0002b54e    0x4b6  <for P5 s0>
                                 - 0x0002ba04  0x277d4

"A2":                                             0xb8
  rw section .ramvectors-1
                                   0x20000000     0xb4  <Init block>
    .ramvectors           inited   0x20000000     0xb4  halVectorTable.o [6]
                                 - 0x200000b4     0xb4

"P5":                                           0x5fb8
  P5 s0                            0x200000b8   0x1231  <Init block>
    .data                 inited   0x200000b8    0x3e0  nwk.o [5]
    .data                 inited   0x20000498    0x1d8  ezModeManager.o [1]
    .data                 inited   0x20000670    0x180  thClusters.o [1]
    .data                 inited   0x200007f0     0xe4  thThermostatCluster.o [1]
    __DLIB_PERTHREAD      inited   0x200008d4     0x8c  rand.o [4]
    .data                 inited   0x20000960     0x88  thermostat.o [1]
    .data                 inited   0x200009e8     0x80  thClusters.o [1]
    .data                 inited   0x20000a68     0x7c  zclDevice.o [1]
    __DLIB_PERTHREAD      inited   0x20000ae4     0x74  setlocale.o [4]
    .data                 inited   0x20000b58     0x68  thBasicCluster.o [1]
    .data                 inited   0x20000bc0     0x68  thScenesCluster.o [1]
    .data                 inited   0x20000c28     0x5c  console.o [1]
    .data                 inited   0x20000c84     0x5c  zcl.o [1]
    .data                 inited   0x20000ce0     0x54  thTemperatureMeasurementCluster.o [1]
    .data                 inited   0x20000d34     0x54  touch.o [1]
    .data                 inited   0x20000d88     0x50  thGroupsCluster.o [1]
    .data                 inited   0x20000dd8     0x50  thOccupancySensingCluster.o [1]
    .data                 inited   0x20000e28     0x4c  touch_ptc_acquire.o [3]
    .data                 inited   0x20000e74     0x40  thHumidityMeasurementCluster.o [1]
    .data                 inited   0x20000eb4     0x3c  sysTaskManager.o [1]
    .data                 inited   0x20000ef0     0x3c  thOccupancySensingCluster.o [1]
    .data                 inited   0x20000f2c     0x3c  usart.o [6]
    .data                 inited   0x20000f68     0x36  S_Nv.o [1]
    .data                 inited   0x20000f9e      0xa  touch_ptc_acquire_mutual.o [3]
    .data                 inited   0x20000fa8     0x30  sysUtils.o [1]
    .data                 inited   0x20000fd8     0x30  thClusters.o [1]
    .data                 inited   0x20001008     0x30  zdo.o [5]
    .data                 inited   0x20001038     0x2c  thDiagnosticsCluster.o [1]
    .data                 inited   0x20001064     0x28  thIdentifyCluster.o [1]
    .data                 inited   0x2000108c     0x24  thAlarmsCluster.o [1]
    .data                 inited   0x200010b0     0x24  thFanControlCluster.o [1]
    .data                 inited   0x200010d4     0x24  thIdentifyCluster.o [1]
    .data                 inited   0x200010f8     0x24  thThermostatCluster.o [1]
    .data                 inited   0x2000111c     0x20  thAlarmsCluster.o [1]
    .data                 inited   0x2000113c     0x20  thScenesCluster.o [1]
    .data                 inited   0x2000115c     0x20  touch.o [1]
    .data                 inited   0x2000117c     0x1e  bspUid.o [1]
    .data                 inited   0x2000119a      0x2  zdo.o [5]
    .data                 inited   0x2000119c     0x1c  ezModeManager.o [1]
    .data                 inited   0x200011b8     0x1c  thermostat.o [1]
    .data                 inited   0x200011d4     0x18  thClusters.o [1]
    .data                 inited   0x200011ec     0x18  thermostat.o [1]
    .data                 inited   0x20001204     0x18  thThermostatUiConfCluster.o [1]
    .data                 inited   0x2000121c     0x14  touch.o [1]
    .data                 inited   0x20001230     0x10  csMem.o [1]
    .data                 inited   0x20001240     0x10  wlPdsDataServer.o [1]
    .data                 inited   0x20001250     0x10  aps.o [5]
    .data                 inited   0x20001260     0x10  machwiManager.o [5]
    .data                 inited   0x20001270     0x10  halAppClock.o [6]
    .data                 inited   0x20001280      0xc  aps.o [5]
    .data                 inited   0x2000128c      0xc  sspManager.o [5]
    .data                 inited   0x20001298      0x8  thBasicCluster.o [1]
    .data                 inited   0x200012a0      0x8  thClusters.o [1]
    .data                 inited   0x200012a8      0x8  thGroupsCluster.o [1]
    .data                 inited   0x200012b0      0x8  thThermostatCluster.o [1]
    .data                 inited   0x200012b8      0x8  touch.o [1]
    .data                 inited   0x200012c0      0x8  wlPdsTaskManager.o [1]
    .data                 inited   0x200012c8      0x8  zdo.o [5]
    .data                 inited   0x200012d0      0x8  touch_ptc_acquire.o [3]
    .data                 inited   0x200012d8      0x4  touch.o [1]
    .data                 inited   0x200012dc      0x4  halTaskManager.o [6]
    .data                 inited   0x200012e0      0x4  machwdHandlerCtrl.o [5]
    .data                 inited   0x200012e4      0x4  phyAntDiversity.o [5]
    .data                 inited   0x200012e8      0x1  machwiManager.o [5]
  .bss                    zero     0x200012f0   0x2670  csMem.o [1]
  .bss                    zero     0x20003960    0x5a0  commandManager.o [1]
  .bss                    zero     0x20003f00    0x360  uartManager.o [1]
  .bss                    zero     0x20004260    0x2fc  zdo.o [5]
  .bss                    zero     0x2000455c    0x200  S_Nv.o [1]
  .bss                    zero     0x2000475c     0x34  thConsole.o [1]
  .bss                    zero     0x20004790    0x1b8  aps.o [5]
  .bss                    zero     0x20004948    0x1a8  tcMem.o [5]
  .bss                    zero     0x20004af0    0x188  thConsole.o [1]
  .bss                    zero     0x20004c78    0x128  macMem.o [5]
  .bss                    zero     0x20004da0    0x100  touch.o [1]
  .bss                    zero     0x20004ea0    0x100  halFlash.o [6]
  .bss                    zero     0x20004fa0     0xf4  touch_api_mutlcap_set1.o [3]
  .bss                    zero     0x20005094     0xe8  sspMem.o [5]
  .bss                    zero     0x2000517c     0xc0  thScenes.o [1]
  .bss                    zero     0x2000523c     0x70  aps.o [5]
  .bss                    zero     0x200052ac     0x24  bspTempSensor.o [1]
  .bss                    zero     0x200052d0     0x60  wlPdsTypesConverter.o [1]
  .bss                    zero     0x20005330     0x50  aps.o [5]
  .bss                    zero     0x20005380     0x48  halIrq.o [6]
  .bss                    zero     0x200053c8     0x30  zdo.o [5]
  .bss                    zero     0x200053f8     0x24  machwdFrameRoutine.o [5]
  .bss                    zero     0x2000541c     0x20  machwiTransactionHash.o [5]
  .bss                    zero     0x2000543c     0x1c  joystick.o [1]
  .bss                    zero     0x20005458     0x1c  sleep.o [6]
  .bss                    zero     0x20005474     0x18  joystick.o [1]
  .bss                    zero     0x2000548c     0x18  S_Nv.o [1]
  .bss                    zero     0x200054a4     0x18  sysIdleHandler.o [1]
  .bss                    zero     0x200054bc     0x14  touch_api_common.o [3]
  .bss                    zero     0x200054d0     0x10  buttons.o [1]
  .bss                    zero     0x200054e0     0x10  halSleep.o [6]
  .bss                    zero     0x200054f0     0x10  touch_rs_mutual.o [3]
  .bss                    zero     0x20005500     0x10  touch_api_common.o [3]
  .bss                    zero     0x20005510      0xc  sysAssert.o [1]
  .bss                    zero     0x2000551c      0xc  sysEventsHandler.o [1]
  .bss                    zero     0x20005528      0xc  zclAttributes.o [1]
  .bss                    zero     0x20005534      0xc  i2cPacket.o [6]
  .bss                    zero     0x20005540      0xc  touch_api_mutlcap_set1.o [3]
  .bss                    zero     0x2000554c      0xc  halSleepTimerClock.o [6]
  .bss                    zero     0x20005558      0xc  touch_api_common.o [3]
  .bss                    zero     0x20005564      0xc  touch_api_selfcap_set1.o [3]
  .bss                    zero     0x20005570      0x8  qtTaskManager.o [1]
  .bss                    zero     0x20005578      0x8  thermostat.o [1]
  .bss                    zero     0x20005580      0x8  touch.o [1]
  .bss                    zero     0x20005588      0x8  touch.o [1]
  .bss                    zero     0x20005590      0x8  touch.o [1]
  .bss                    zero     0x20005598      0x8  touch.o [1]
  .bss                    zero     0x200055a0      0x8  wlPdsDataServer.o [1]
  .bss                    zero     0x200055a8      0x8  zcl.o [1]
  .bss                    zero     0x200055b0      0x8  zclParser.o [1]
  .bss                    zero     0x200055b8      0x8  aps.o [5]
  .bss                    zero     0x200055c0      0x8  machwdManager.o [5]
  .bss                    zero     0x200055c8      0x8  halAppClock.o [6]
  .bss                    zero     0x200055d0      0x8  halMacIsr.o [6]
  .bss                    zero     0x200055d8      0x8  eeprom.o [6]
  .bss                    zero     0x200055e0      0x8  touch_process.o [3]
  .bss                    zero     0x200055e8      0x8  xxmemxmalloc.o [4]
  .bss                    zero     0x200055f0      0x4  console.o [1]
  .bss                    zero     0x200055f4      0x4  fakeBSP.o [1]
  .bss                    zero     0x200055f8      0x4  fakeBSP.o [1]
  .bss                    zero     0x200055fc      0x4  fakeBSP.o [1]
  .bss                    zero     0x20005600      0x4  S_Nv.o [1]
  .bss                    zero     0x20005604      0x4  thHumidityMeasurementCluster.o [1]
  .bss                    zero     0x20005608      0x4  thHumidityMeasurementCluster.o [1]
  .bss                    zero     0x2000560c      0x4  thOccupancySensingCluster.o [1]
  .bss                    zero     0x20005610      0x4  thOccupancySensingCluster.o [1]
  .bss                    zero     0x20005614      0x4  thTemperatureMeasurementCluster.o [1]
  .bss                    zero     0x20005618      0x4  thTemperatureMeasurementCluster.o [1]
  .bss                    zero     0x2000561c      0x4  thTimeCluster.o [1]
  .bss                    zero     0x20005620      0x4  thTimeCluster.o [1]
  .bss                    zero     0x20005624      0x4  touch.o [1]
  .bss                    zero     0x20005628      0x4  zclSecurityManager.o [1]
  .bss                    zero     0x2000562c      0x4  i2cPacket.o [6]
  .bss                    zero     0x20005630      0x4  tempSensor.o [6]
  .bss                    zero     0x20005634      0x4  aps.o [5]
  .bss                    zero     0x20005638      0x4  aps.o [5]
  .bss                    zero     0x2000563c      0x4  appTimer.o [6]
  .bss                    zero     0x20005640      0x4  adc.o [6]
  .bss                    zero     0x20005644      0x4  sspManager.o [5]
  .bss                    zero     0x20005648      0x4  machwdHandlerCtrl.o [5]
  .bss                    zero     0x2000564c      0x4  machwdTxFrameHandler.o [5]
  .bss                    zero     0x20005650      0x4  phyRfIrqDispatcher.o [5]
  .bss                    zero     0x20005654      0x4  xgetmemchunk.o [4]
  .bss                    zero     0x20005658      0x3  machwdSetHandler.o [5]
  .bss                    zero     0x2000565b      0x2  zclTaskManager.o [1]
  .bss                    zero     0x2000565d      0x1  bspTaskManager.o [1]
  .bss                    zero     0x2000565e      0x2  nwk.o [5]
  .bss                    zero     0x20005660      0x2  aps.o [5]
  .bss                    zero     0x20005662      0x1  thermostat.o [1]
  .bss                    zero     0x20005663      0x1  thThermostatCluster.o [1]
  .bss                    zero     0x20005664      0x1  machwiScanHandler.o [5]
  .bss                    zero     0x20005665      0x1  machwdEdHandler.o [5]
  .bss                    zero     0x20005666      0x1  touch_api_common.o [3]
  .bss                    zero     0x20005667      0x1  touch_api_common.o [3]
  .bss                    zero     0x20005668      0x1  phyStateMachine.o [5]
  CSTACK                           0x20005670    0x800  <Block>
    CSTACK                uninit   0x20005670    0x800  <Block tail>
  HEAP                             0x20005e70    0x200  <Block>
    HEAP                  uninit   0x20005e70    0x200  <Block tail>
                                 - 0x20006070   0x5fb8


*******************************************************************************
*** INIT TABLE
***

          Address     Size
          -------     ----
Zero (__iar_zero_init3)
    1 destination range, total size 0x4379:
          0x200012f0  0x4379

Copy/lz77 (__iar_lz77_init3)
    1 source range, total size 0x3a (32% of destination):
          0x0002b514    0x3a
    1 destination range, total size 0xb4:
          0x20000000    0xb4

Copy/lz77 (__iar_lz77_init3)
    1 source range, total size 0x4b6 (25% of destination):
          0x0002b54e   0x4b6
    1 destination range, total size 0x1231:
          0x200000b8  0x1231



*******************************************************************************
*** MODULE SUMMARY
***

    Module                             ro code  ro data  rw data
    ------                             -------  -------  -------
D:\support_project\Qtouch_samr21_validation\BitCloud_SAMR21_3_2_0\BitCloud_SAMR21_3_2_0\Applications\HADevice\iar_projects\All_StdlinkSec_SamR21_Atsamr21g18a_Rf233_8Mhz\Obj: [1]
    D_Nv.o                                 556
    S_Nv.o                               2 708       14      594
    S_Nv_Stub.o                             10
    bspI2c.o                                48
    bspTaskManager.o                       156                 1
    bspTempSensor.o                         82                36
    bspUid.o                               106        8       30
    bspUsart.o                             108
    buttons.o                              160                16
    commandManager.o                       316             1 440
    configServer.o                         336
    console.o                              616       24       96
    csMem.o                                408    1 260    9 856
    csPersistentMem.o                               172
    ezModeManager.o                      1 244      131      500
    fakeBSP.o                               52                12
    haClusters.o                           284
    joystick.o                              60                52
    qtTaskManager.o                        284                 8
    qtTimer.o                              280
    sysAssert.o                             56                12
    sysDuplicateTable.o                    246
    sysEventsHandler.o                     330                12
    sysIdleHandler.o                        90                24
    sysInit.o                               16
    sysMutex.o                             200
    sysQueue.o                             128
    sysSleep.o                               8
    sysTaskManager.o                       172       15       60
    sysTimer.o                              70
    sysUtils.o                             172       12       48
    thAlarmsCluster.o                      620       17       68
    thBasicCluster.o                       116       29      112
    thClusters.o                                    153      592
    thConsole.o                          1 676    1 540      444
    thDiagnosticsCluster.o                 100       11       44
    thFanControlCluster.o                  364        9       36
    thGroupsCluster.o                      948       23       88
    thHumidityMeasurementCluster.o       1 012       17       72
    thIdentifyCluster.o                    864       21       76
    thOccupancySensingCluster.o          1 388       36      148
    thPdt.o                                         172
    thScenes.o                             224               192
    thScenesCluster.o                    1 792       36      136
    thTemperatureMeasurementCluster.o    1 192       22       92
    thThermostatCluster.o                2 592       70      273
    thThermostatUiConfCluster.o             16        6       24
    thTimeCluster.o                        700                 8
    thermostat.o                         1 228       49      197
    touch.o                                408       39      440
    uartManager.o                          156               864
    wlPdsDataServer.o                      940        4       24
    wlPdsInit.o                             12
    wlPdsSecurity.o                          2
    wlPdsTaskManager.o                     116        2        8
    wlPdsTypesConverter.o                  908                96
    zcl.o                                4 672       23      100
    zclAttributes.o                      2 176                12
    zclCommandAnalyzer.o                   116
    zclDevice.o                            772       32      124
    zclMemoryManager.o                     456
    zclParser.o                          3 500                 8
    zclSecurityManager.o                   132                 4
    zclTaskManager.o                       160                 2
    ------------------------------------------------------------
    Total:                              38 660    3 947   17 081

command line: [2]
    ------------------------------------------------------------
    Total:

SAMR21_iar_lib.a: [3]
    touch_api_common.o                     860                50
    touch_api_mutlcap_set1.o             1 240               256
    touch_api_selfcap_set1.o                                  12
    touch_process.o                      1 412                 8
    touch_ptc_acquire.o                  3 616       22       84
    touch_ptc_acquire_mutual.o             220        3       10
    touch_ptc_config.o                     604
    touch_ptc_noise_mit.o                   44
    touch_rs_mutual.o                    1 360                16
    ------------------------------------------------------------
    Total:                               9 356       25      436

dl6M_tlf.a: [4]
    abort.o                                 10
    abs.o                                    8
    exit.o                                   8
    isxxx.o                                 36
    rand.o                                 204       36      140
    setlocale.o                             36       30      116
    srand.o                                 32
    vsnprint.o                              60
    xencoding_sb.o                          80
    xgetmemchunk.o                          44                 4
    xlocale_c.o                             60
    xmbcurmax.o                             10
    xmbtowc.o                               28
    xprintfsmall.o                       2 080        8
    xsnprout.o                              28
    xtls.o                                   2
    xwctomb.o                               24
    xxmemxfree.o                           136
    xxmemxmalloc.o                         184                 8
    ------------------------------------------------------------
    Total:                               3 070       74      268

libBc_All_StdlinkSec_Atsamr21g18a_Rf233_Iar.a: [5]
    aps.o                               19 304      143      678
    macMem.o                                                 296
    macenvPib.o                          1 440
    machwdCalibHandler.o                   108
    machwdEdHandler.o                       88                 1
    machwdEncryptHandler.o                  84
    machwdFrameRoutine.o                 1 192                36
    machwdHandlerCtrl.o                     48        1        8
    machwdManager.o                        660                 8
    machwdRegAccessHandler.o               146
    machwdResetHandler.o                   124
    machwdRndHandler.o                      92
    machwdRxBuffer.o                       204
    machwdRxFrameHandler.o                 444
    machwdSetHandler.o                     360                 3
    machwdTrxCtrl.o                         72
    machwdTrxHandler.o                     108
    machwdTxFrameHandler.o                 374                 4
    machwiAssociateHandler.o             1 528
    machwiBanNode.o                        172
    machwiBeaconHandler.o                  654
    machwiDataHandler.o                    580
    machwiManager.o                        904        5       17
    machwiOrphanHandler.o                  568
    machwiPanServer.o                      228
    machwiPollHandler.o                  1 268
    machwiPurgeHandler.o                    44
    machwiResetHandler.o                   176
    machwiRxEnableHandler.o                 64
    machwiScanHandler.o                  2 300                 1
    machwiSetGetHandler.o                  248
    machwiStartHandler.o                   928
    machwiSwitchRxCtrl.o                    56
    machwiTransactionHandler.o             740
    machwiTransactionHash.o                212                32
    machwiTransactionQueue.o               580
    nwk.o                               32 118    1 000      994
    phyAntDiversity.o                      140        1        4
    phyCalib.o                             168
    phyEd.o                                 80
    phyEncrypt.o                            64
    phyInit.o                              228
    phyRegAccess.o                         106
    phyReset.o                             176
    phyRfIrqDispatcher.o                 1 192                 4
    phyRfSpiProto.o                        540
    phyRnd.o                               324
    phyRtimerIrqDispatcher.o               428
    phyRxFrame.o                           320
    phySet.o                               418
    phySetTrxState.o                       240
    phyStateMachine.o                       22                 1
    phyTxFrame.o                            36
    phyTxPowerConverter.o                   68
    sspAuthenticHandler.o                  352
    sspCcmHandler.o                      1 212
    sspHash.o                               56
    sspHashHandler.o                       690
    sspManager.o                           592        4       16
    sspMem.o                                                 232
    sspReset.o                              20
    sspSfpHandler.o                      2 326
    sspSkkeHandler.o                       618
    tcAuthenticHandler.o                   548
    tcIndInput.o                            34
    tcKeyEstablishHandler.o                328
    tcKeyUpdateHandler.o                   336
    tcMem.o                                                  424
    tcRemoveHandler.o                      148
    tcResetHandler.o                        24
    tcTaskManager.o                        136
    zdo.o                               13 608       26      870
    ------------------------------------------------------------
    Total:                              93 794    1 180    3 629

libHAL_SamR21_Atsamr21g18a_8Mhz_Iar.a: [6]
    adc.o                                   88                 4
    appTimer.o                             276                 4
    atomic.o                                18
    eeprom.o                                20                 8
    flash.o                                 24
    halAdc.o                               388
    halAppClock.o                          556        4       24
    halFlash.o                             300               256
    halInit.o                               20
    halIrq.o                               612                72
    halLowLevelInit.o                      236
    halMacIsr.o                            440                 8
    halReset.o                              28
    halRfCtrl.o                            272
    halRfSpi.o                             356
    halSleep.o                             606                16
    halSleepTimerClock.o                   680                12
    halStartupIar.o                         24
    halTaskManager.o                       148        1        4
    halTempSensor.o                        188
    halTwi.o                               788
    halUsart.o                             808
    halVectorTable.o                        40      122      180
    i2cPacket.o                            228                16
    irq.o                                   40
    resetReason.o                            8
    sleep.o                                 96                28
    sleepTimer.o                           140
    tempSensor.o                            64                 4
    timer.o                                138
    usart.o                              1 204       15       60
    ------------------------------------------------------------
    Total:                               8 834      142      696

m6M_tl.a: [7]
    DblAddSub.o                            424
    DblDiv.o                               194
    DblMul.o                               388
[...]
thTemperatureMeasurementConfigureReporting
                        0x0001d631    0x6c  Code  Gb  thTemperatureMeasurementCluster.o [1]
thTemperatureMeasurementReadAttribute
                        0x0001d56f    0x5e  Code  Gb  thTemperatureMeasurementCluster.o [1]
thTemperatureMeasurementReportInd
                        0x0001d69d    0x2a  Code  Lc  thTemperatureMeasurementCluster.o [1]
thTemperatureMeasurementWriteAttribute
                        0x0001d5cd    0x64  Code  Gb  thTemperatureMeasurementCluster.o [1]
thThermostatAttrEventInd
                        0x0001b8d1    0x7e  Code  Lc  thThermostatCluster.o [1]
thThermostatClusterServerAttributes
                        0x200007f0    0xe4  Data  Gb  thThermostatCluster.o [1]
thThermostatClusterServerCommands
                        0x200012b0     0x8  Data  Gb  thThermostatCluster.o [1]
thThermostatEventListener
                        0x0001ba15   0x18a  Code  Lc  thThermostatCluster.o [1]
thThermostatUiConfClusterServerAttributes
                        0x20001204    0x18  Data  Gb  thThermostatUiConfCluster.o [1]
thermostatClusterInit   0x0001b4f9    0x42  Code  Gb  thThermostatCluster.o [1]
thermostatClusterInitAttributes
                        0x0001b53b    0xd8  Code  Gb  thThermostatCluster.o [1]
thermostatKeyDesc       0x200011ec    0x18  Data  Lc  thermostat.o [1]
thermostatSetAlarmCondition
                        0x0001bd79    0x28  Code  Gb  thThermostatCluster.o [1]
thermostatSetAlarmMask  0x0001bda1    0x20  Code  Gb  thThermostatCluster.o [1]
thermostatSetOccupancy  0x0001bd55    0x24  Code  Gb  thThermostatCluster.o [1]
thermostatSetPointsChangeButton
                        0x0001bbdd   0x172  Code  Gb  thThermostatCluster.o [1]
thermostatUiConfClusterInit
                        0x0001bf19    0x10  Code  Gb  thThermostatUiConfCluster.o [1]
thermostatValidateSystemModeValue
                        0x0001b9ed    0x28  Code  Lc  thThermostatCluster.o [1]
threshold               0x20000f06     0x1  Data  Lc  thOccupancySensingCluster.o [1]
timeReadAttribute       0x000230ed    0x5e  Code  Gb  thTimeCluster.o [1]
timeWriteAttribute      0x0002314b    0x64  Code  Gb  thTimeCluster.o [1]
timer5Handler           0x000238fb    0x22  Code  Gb  qtTimer.o [1]
timerHandler            0x000102e7    0x24  Code  Gb  halAppClock.o [6]
tlib_nm_fn_ptr          0x20005558     0xc  Data  Gb  touch_api_common.o [3]
tlib_rs_fn_ptr          0x200054bc    0x14  Data  Gb  touch_api_common.o [3]
tlib_status             0x20005500     0x4  Data  Gb  touch_api_common.o [3]
touchTimeOut            0x0001567f    0x18  Code  Lc  thermostat.o [1]
touch_button_previous_state
                        0x20005570     0x2  Data  Lc  qtTaskManager.o [1]
touch_config            0x20001224     0xc  Data  Gb  touch.o [1]
touch_configure_ptc_clock
                        0x00023a09    0x30  Code  Gb  touch.o [1]
touch_get_sensor_delta  0x00027837    0x94  Code  Gb  touch_api_common.o [3]
touch_init_sensing      0x000277d9    0x5e  Code  Gb  touch_api_common.o [3]
touch_median_filter     0x20000e5c     0x4  Data  Gb  touch_ptc_acquire.o [3]
touch_mutlcap_measure_complete_callback
                        0x00023b5d    0x16  Code  Gb  touch.o [1]
touch_mutlcap_rs_table_init
                        0x00029af9    0x18  Code  Gb  touch_rs_mutual.o [3]
touch_mutlcap_sensor_config
                        0x000269cd    0xbc  Code  Gb  touch_api_mutlcap_set1.o [3]
touch_mutlcap_sensors_calibrate
                        0x00026a89    0x5c  Code  Gb  touch_api_mutlcap_set1.o [3]
touch_mutlcap_sensors_init_with_rs_table
                        0x000266b9   0x308  Code  Gb  touch_api_mutlcap_set1.o [3]
touch_mutlcap_sensors_measure
                        0x00026ae5    0x44  Code  Gb  touch_api_mutlcap_set1.o [3]
touch_mutual_process    0x00026b2d    0x28  Code  Gb  touch_api_mutlcap_set1.o [3]
touch_postprocess_mode_cnt
                        0x20005506     0x2  Data  Gb  touch_api_common.o [3]
touch_postprocess_mode_flag
                        0x20005508     0x2  Data  Gb  touch_api_common.o [3]
touch_process           0x00027665   0x148  Code  Gb  touch_api_common.o [3]
touch_process_callback  0x20000e4c     0x4  Data  Lc  touch_ptc_acquire.o [3]
touch_ptc_interrupt_begin_callback
                        0x20000e50     0x4  Data  Gb  touch_ptc_acquire.o [3]
touch_ptc_interrupt_end_callback
                        0x20000e54     0x4  Data  Gb  touch_ptc_acquire.o [3]
touch_sensor_config     0x00027605    0x60  Code  Gb  touch_api_common.o [3]
touch_sensors_init      0x00023a39    0xf6  Code  Gb  touch.o [1]
touch_sensors_measure   0x00023b2f    0x2e  Code  Gb  touch.o [1]
touch_signal_stable_check
                        0x20000e58     0x4  Data  Gb  touch_ptc_acquire.o [3]
touch_suspend_app_cb    0x2000550c     0x4  Data  Gb  touch_api_common.o [3]
touch_time              0x2000121c     0x8  Data  Gb  touch.o [1]
transactionTimerFired   0x00016d13    0x30  Code  Lc  machwiTransactionQueue.o [5]
transceiverSwitchedOff  0x0000e07d    0x1e  Code  Lc  zdo.o [5]
transceiverSwitchedOn   0x0000e09b    0x42  Code  Lc  zdo.o [5]
trxSleep                0x200054e1     0x1  Data  Lc  halSleep.o [6]
trxStateHandling        0x00018d19    0x18  Code  Lc  machwiScanHandler.o [5]
tsDesc                  0x20005630     0x4  Data  Gb  tempSensor.o [6]
ttlUpdateTimerFired     0x0000f3f3    0x94  Code  Lc  zdo.o [5]
twiChannel              0x20005534     0xc  Data  Gb  i2cPacket.o [6]
txBuffer                0x200053f8    0x24  Data  Gb  machwdFrameRoutine.o [5]
uartDataReceived        0x0001aa71     0x8  Code  Lc  uartManager.o [1]
uartInit                0x0001a9fd    0x40  Code  Gb  uartManager.o [1]
uartRxBuffer            0x2000422c    0x34  Data  Lc  uartManager.o [1]
uartTxBuffer            0x20003f3c   0x2f0  Data  Lc  uartManager.o [1]
uint16ToBuf             0x0001f1c5     0xe  Code  Lc  sspCcmHandler.o [5]
unstable_count          0x20000e30     0x1  Data  Gb  touch_ptc_acquire.o [3]
updateCommissioningStateCb
                        0x000158eb    0x1e  Code  Lc  thermostat.o [1]
updateCommissioningStateInd
                        0x0001b329    0x96  Code  Lc  thIdentifyCluster.o [1]
updateDeviceConf        0x0000ddcd     0xc  Code  Lc  zdo.o [5]
updateExtendedBcSet     0x00023db3    0xc4  Code  Lc  wlPdsTypesConverter.o [1]
updateMaxFrameTxTime    0x0000f999    0x1e  Code  Lc  macenvPib.o [5]
updateSensorsAttributeValues
                        0x000159c9     0xc  Code  Lc  thermostat.o [1]
updateTable             0x00023e77    0x12  Code  Lc  wlPdsTypesConverter.o [1]
usart0Handler           0x00025b33    0x5e  Code  Gb  halUsart.o [6]
usart1Handler           0x00025b91    0x64  Code  Gb  halUsart.o [6]
usartChannel            0x20000f38    0x30  Data  Gb  usart.o [6]
userCallback            0x0001e569     0x2  Code  Lc  bspUid.o [1]
verifyOccupancySensorDetection
                        0x0001c03b    0x34  Code  Lc  thOccupancySensingCluster.o [1]
viewGroupInd            0x0001cafd    0x7e  Code  Lc  thGroupsCluster.o [1]
viewSceneInd            0x0001cec5    0xdc  Code  Lc  thScenesCluster.o [1]
vsnprintf               0x00022e49    0x3c  Code  Gb  vsnprint.o [4]
wakeUpConfirm           0x0000e25d    0x14  Code  Lc  zdo.o [5]
wakeUpStack             0x0000e209    0x4e  Code  Lc  zdo.o [5]
wake_up_touch           0x20005666     0x1  Data  Gb  touch_api_common.o [3]
wakeupCallback          0x0000e1af    0x44  Code  Lc  zdo.o [5]
which_key_lockout       0x20000e44     0x2  Data  Gb  touch_ptc_acquire.o [3]
writeAttributeCallback  0x20005608     0x4  Data  Lc  thHumidityMeasurementCluster.o [1]
writeAttributeCallback  0x20005610     0x4  Data  Lc  thOccupancySensingCluster.o [1]
writeAttributeCallback  0x20005618     0x4  Data  Lc  thTemperatureMeasurementCluster.o [1]
writeAttributeCallback  0x20005620     0x4  Data  Lc  thTimeCluster.o [1]
writeBuffer             0x20001198     0x2  Data  Lc  bspUid.o [1]
xorBuf                  0x0001f1d3    0x1c  Code  Lc  sspCcmHandler.o [5]
zclApsDataReq           0x0001a711    0x1a  Code  Gb  zcl.o [1]
zclAttributeEventInd    0x00019e07    0x70  Code  Gb  zcl.o [1]
zclCommandInd           0x00019e77    0xda  Code  Gb  zcl.o [1]
zclCommandTable         0x000227bc    0x10  Data  Gb  zclCommandAnalyzer.o [1]
zclCommands             0x20003960   0x5a0  Data  Lc  commandManager.o [1]
zclConfigureReportingHandler
                        0x0001a15d   0x266  Code  Gb  zcl.o [1]
zclCurrentTask          0x2000565c     0x1  Data  Lc  zclTaskManager.o [1]
zclDataInd              0x000211ff    0x84  Code  Gb  zclParser.o [1]
zclExecuteRequest       0x00019941   0x1d4  Code  Lc  zcl.o [1]
zclFindAppropriateRequest
                        0x00021de3    0x56  Code  Lc  zclParser.o [1]
zclFormRequest          0x0002141d    0x40  Code  Gb  zclParser.o [1]
zclGetAttribute         0x00022299    0x36  Code  Gb  zclAttributes.o [1]
zclGetCommand           0x00022405    0x14  Code  Gb  zclAttributes.o [1]
zclGetCommandByCluster  0x0002254d    0x30  Code  Gb  zclAttributes.o [1]
zclGetEndpoint          0x0002221f    0x18  Code  Gb  zclAttributes.o [1]
zclGetNextAttribute     0x000222cf    0x5c  Code  Gb  zclAttributes.o [1]
zclGetNextCommand       0x0002257d     0x4  Code  Gb  zclAttributes.o [1]
zclGetSecurityTypeByClusterId
                        0x00022581    0x2a  Code  Gb  zclAttributes.o [1]
zclHandlers             0x00021ecc     0xc  Data  Lc  zclTaskManager.o [1]
zclIsResponseRequiredByAddrMode
                        0x00022787    0x1c  Code  Gb  zclCommandAnalyzer.o [1]
zclIsResponseRequiredByPayload
                        0x00022759    0x2e  Code  Gb  zclCommandAnalyzer.o [1]
zclMem                  0x200055a8     0x8  Data  Gb  zcl.o [1]
zclMmFreeMem            0x0002288f    0x3e  Code  Gb  zclMemoryManager.o [1]
zclMmGetMem             0x000227cd    0xc2  Code  Gb  zclMemoryManager.o [1]
zclMmGetNextOutputMemDescriptor
                        0x000228cd    0x5e  Code  Gb  zclMemoryManager.o [1]
zclModuleMem            0x20000c84    0x4c  Data  Lc  zcl.o [1]
zclNextEndpoint         0x0002220b    0x14  Code  Gb  zclAttributes.o [1]
zclObtainStructureElement
                        0x000225ab    0x3c  Code  Lc  zclAttributes.o [1]
zclParserDataConf       0x000211f5     0xa  Code  Lc  zclParser.o [1]
zclParserInit           0x000210ad     0xe  Code  Gb  zclParser.o [1]
zclParserTaskHandler    0x00021283    0x3a  Code  Gb  zclParser.o [1]
zclPostTask             0x00021e55    0x18  Code  Gb  zclTaskManager.o [1]
zclReadAttributeValueSafe
                        0x00022189    0x3e  Code  Gb  zclAttributes.o [1]
zclReadIndexedAttribute
                        0x00022331    0xd4  Code  Gb  zclAttributes.o [1]
zclReadReportingConfigurationHandler
                        0x00019f51   0x204  Code  Gb  zcl.o [1]
zclReceivedDefaultResponseHandler
                        0x00021d25    0xbe  Code  Lc  zclParser.o [1]
zclRemoteWriteAttributeValue
                        0x000221f1     0x8  Code  Gb  zclAttributes.o [1]
zclReportInd            0x00019d91    0x76  Code  Gb  zcl.o [1]
zclReportOnChangeIfNeeded
                        0x00021ed9    0x30  Code  Lc  zclAttributes.o [1]
zclReportTimerFired     0x0001a42d   0x2da  Code  Lc  zcl.o [1]
zclRepostTaskTimerFired
                        0x0001a745     0x8  Code  Lc  zcl.o [1]
zclResponseInd          0x00019ce7    0xaa  Code  Gb  zcl.o [1]
zclSecurityTaskHandler  0x0001e359    0x28  Code  Gb  zclSecurityManager.o [1]
zclStartReportTimer     0x0001a86f   0x174  Code  Gb  zcl.o [1]
zclStartWaitResponseTimer
                        0x0001a7f7    0x68  Code  Lc  zcl.o [1]
zclStopResponseWaitTimer
                        0x0001992d     0xa  Code  Gb  zcl.o [1]
zclTaskBitMap           0x2000565b     0x1  Data  Lc  zclTaskManager.o [1]
zclTaskHandler          0x00019b21    0x7e  Code  Gb  zcl.o [1]
zclVerifyConfirmResponseOrder
                        0x0001a755    0x4c  Code  Lc  zcl.o [1]
zclWaitTimerFired       0x0001a3c9    0x60  Code  Lc  zcl.o [1]
zclWriteAttribute       0x00021f09   0x1c8  Code  Lc  zclAttributes.o [1]
zdoAddrResolvingTaskHandler
                        0x0000c04d    0xb2  Code  Lc  zdo.o [5]
zdoAllocCommand         0x0000c3e7    0x4c  Code  Lc  zdo.o [5]
zdoAllocMgmtNwkUpdate   0x0000d153    0x16  Code  Lc  zdo.o [5]
zdoAuthenticateChild    0x0000e99b    0x3a  Code  Gb  zdo.o [5]
zdoAuthenticationConf   0x0000ec65    0x30  Code  Gb  zdo.o [5]
zdoAuthenticationStart  0x0000e5c9    0x82  Code  Gb  zdo.o [5]
zdoBroadcastAllRoutersShortAddr
                        0x200012cc     0x2  Data  Lc  zdo.o [5]
zdoBroadcastAllShortAddr
                        0x200012c8     0x2  Data  Lc  zdo.o [5]
zdoBroadcastLowPowerRoutersShortAddr
                        0x200012ce     0x2  Data  Lc  zdo.o [5]
zdoBroadcastRxOnWhenIdleShortAddr
                        0x200012ca     0x2  Data  Lc  zdo.o [5]
zdoBusyCheck            0x20000478    0x10  Data  Lc  nwk.o [5]
zdoBusyCheck            0x20001260    0x10  Data  Lc  machwiManager.o [5]
zdoBusyPollCheck        0x20000960    0x10  Data  Lc  thermostat.o [1]
zdoBusyPollCheck        0x20000cd0    0x10  Data  Lc  zcl.o [1]
zdoBusyPollCheck        0x20001250    0x10  Data  Lc  aps.o [5]
zdoChangeCurrentChannel
                        0x0000d2ed    0x42  Code  Lc  zdo.o [5]
zdoChannelChangeTimerFired
                        0x0000d335    0x38  Code  Lc  zdo.o [5]
zdoCheckAddrResolvingRequestsQueue
                        0x0000c02f    0x1e  Code  Lc  zdo.o [5]
zdoCheckNwkAddrOfInterest
                        0x0000ce77    0x3e  Code  Lc  zdo.o [5]
zdoCheckStartNetworkRequestsQueue
                        0x0000ea79    0x24  Code  Lc  zdo.o [5]
zdoChildEventListener   0x0000da17    0x60  Code  Lc  zdo.o [5]
zdoConfirmMgmtLeaveResponse
                        0x0000d7cd    0x64  Code  Lc  zdo.o [5]
zdoCurrentTask          0x2000119b     0x1  Data  Lc  zdo.o [5]
zdoDefaultBindApsDataConf
                        0x0000c3df     0x8  Code  Lc  zdo.o [5]
zdoDeviceAnnceInd       0x0000c7d9    0xde  Code  Lc  zdo.o [5]
zdoDiscoverNwkAddress   0x0000ddd9    0x4e  Code  Lc  zdo.o [5]
zdoEdScanConf           0x0000d2d9    0x14  Code  Lc  zdo.o [5]
zdoEnable               0x0000c007     0x6  Code  Lc  zdo.o [5]
zdoEnabled              0x0000c00d    0x12  Code  Lc  zdo.o [5]
zdoFreeCommand          0x0000c441    0x34  Code  Lc  zdo.o [5]
zdoFreeMgmtNwkUpdate    0x0000d169    0x10  Code  Lc  zdo.o [5]
zdoHandlers             0x0000ee8c    0x18  Data  Lc  zdo.o [5]
zdoInitHandler          0x0000ceb5    0x60  Code  Lc  zdo.o [5]
zdoInitNotifications    0x0000d959    0x6c  Code  Gb  zdo.o [5]
zdoInitResetNetworkConf
                        0x0000cf19     0xc  Code  Lc  zdo.o [5]
zdoInitZdpCommand       0x0000c479    0x1c  Code  Lc  zdo.o [5]
zdoIntraPanPortApsStopConf
                        0x0000cf7d    0x18  Code  Lc  zdo.o [5]
zdoIsValidChannelMask   0x0000d455    0x20  Code  Lc  zdo.o [5]
zdoIsZdpReqUnicast      0x0000f487    0x1e  Code  Lc  zdo.o [5]
zdoLeaveConfirm         0x0000d0a1    0x76  Code  Lc  zdo.o [5]
zdoLeaveNetworkAlloc    0x0000d141    0x12  Code  Lc  zdo.o [5]
zdoLeaveNetworkNwkLeaveConf
                        0x0000d035    0x24  Code  Lc  zdo.o [5]
zdoLeaveNetworkReq      0x0000cfc5    0x70  Code  Lc  zdo.o [5]
zdoMem                  0x20004260   0x2f8  Data  Gb  zdo.o [5]
zdoMgmtBindInd          0x0000c2eb    0xc4  Code  Lc  zdo.o [5]
zdoMgmtNwkUpdateInd     0x0000d199   0x140  Code  Lc  zdo.o [5]
zdoMgmtNwkUpdateMacSetConf
                        0x0000d371    0x3e  Code  Lc  zdo.o [5]
zdoMgmtNwkUpdateNotifyConf
                        0x0000d425    0x2c  Code  Lc  zdo.o [5]
zdoNetworkFormationReq  0x0000eb75    0x36  Code  Lc  zdo.o [5]
zdoNodeManagerNwkLeaveConf
                        0x0000d835     0x8  Code  Lc  zdo.o [5]
zdoNwkEventListener     0x0000d9c5    0x52  Code  Lc  zdo.o [5]
zdoNwkManagerReset      0x0000dabb     0xc  Code  Lc  zdo.o [5]
zdoOtherEventListener   0x0000da77    0x44  Code  Lc  zdo.o [5]
zdoParentChangeConf     0x0000cf95    0x2c  Code  Lc  zdo.o [5]
zdoPerformIntraPanPortability
                        0x0000cf25    0x54  Code  Lc  zdo.o [5]
zdoPermitJoiningConf    0x0000d929    0x26  Code  Lc  zdo.o [5]
zdoPermitJoiningResponse
                        0x0001deed    0x6c  Code  Lc  ezModeManager.o [1]
zdoPermitJoiningResponse
                        0x0001ada9    0x1c  Code  Lc  thConsole.o [1]
zdoPostTask             0x0000ee1d    0x16  Code  Lc  zdo.o [5]
zdoPowerManagerHandler  0x0000defd    0xe8  Code  Lc  zdo.o [5]
zdoPrepareBindApsDataReq
                        0x0000c3af    0x30  Code  Lc  zdo.o [5]
zdoPrepareMgmtLqiResponse
                        0x0000d65d   0x166  Code  Lc  zdo.o [5]
zdoPrepareMgmtRtgResponse
                        0x0000d83d    0xe4  Code  Lc  zdo.o [5]
zdoPrepareResponseParameters
                        0x0000c529    0x4e  Code  Lc  zdo.o [5]
zdoProcessZdpResponse   0x0000f365    0x8e  Code  Lc  zdo.o [5]
zdoRejoinNetwork        0x0000eaa1    0x32  Code  Lc  zdo.o [5]
zdoReloadZibFromConfigServer
                        0x0000eea5   0x12e  Code  Lc  zdo.o [5]
zdoReset                0x0000e4c1    0x74  Code  Lc  zdo.o [5]
zdoResetNwkConf         0x00015cd7    0x1c  Code  Lc  zclDevice.o [1]
zdoResetNwkReq          0x20000aa4    0x30  Data  Lc  zclDevice.o [1]
zdoResetSecurityManager
                        0x0000e58d    0x2e  Code  Gb  zdo.o [5]
zdoSecurityManagerHandler
                        0x0000e535    0x30  Code  Gb  zdo.o [5]
zdoSecurityManagerNwkLeaveConf
                        0x0000e945     0x2  Code  Lc  zdo.o [5]
zdoSendDeviceAnnce      0x0000dd33    0x48  Code  Lc  zdo.o [5]
zdoSendDeviceAnnceConf  0x0000dd2b     0x8  Code  Lc  zdo.o [5]
zdoSendNwkUpdateNotify  0x0000d3b9    0x64  Code  Lc  zdo.o [5]
zdoSetOutOfNetworkFlag  0x0000ee09    0x14  Code  Lc  zdo.o [5]
zdoStackResetConf       0x0000e439    0x7c  Code  Lc  zdo.o [5]
zdoStartNetworkAlloc    0x0000edd5    0x12  Code  Lc  zdo.o [5]
zdoStartNetworkComplete
                        0x20000488    0x10  Data  Lc  nwk.o [5]
zdoStartNetworkConfirm  0x0000ed8d    0x1e  Code  Lc  zdo.o [5]
zdoStartNetworkFree     0x0000ede7     0xe  Code  Lc  zdo.o [5]
zdoStartNetworkReq      0x20000a70    0x30  Data  Lc  zclDevice.o [1]
zdoStartNetworkTaskHandler
                        0x0000e9e5    0x84  Code  Lc  zdo.o [5]
zdoTaskBitMap           0x2000119a     0x1  Data  Lc  zdo.o [5]
zdoUnbindBindInd        0x0000c1d9   0x112  Code  Lc  zdo.o [5]
zdoWakeUpReq            0x20005578     0x8  Data  Lc  thermostat.o [1]
zdoZdpApsConfCallback   0x0000f1f5    0x3c  Code  Lc  zdo.o [5]
zdoZdpDiscoveryMessageInd
                        0x0000c57f   0x24e  Code  Lc  zdo.o [5]
zdoZdpNodeMessageInd    0x0000d581    0xc6  Code  Lc  zdo.o [5]
zdoZdpNodeRequestCreate
                        0x0000d481    0xf6  Code  Lc  zdo.o [5]
zdoZdpReqHandler        0x0000f0bd   0x126  Code  Lc  zdo.o [5]
zdoZdpResetReq          0x0000f4a5    0x22  Code  Lc  zdo.o [5]
zdoZdpResponseConf      0x0000c577     0x8  Code  Lc  zdo.o [5]
zdpBindResp             0x0001e319    0x2c  Code  Lc  ezModeManager.o [1]
zdpIeeeAddrResp         0x0001e19d    0x24  Code  Lc  ezModeManager.o [1]
zdpMatchDescResp        0x0001e0eb    0x3c  Code  Lc  ezModeManager.o [1]
zdpReq                  0x20004af0   0x188  Data  Lc  thConsole.o [1]


[1] = D:\support_project\Qtouch_samr21_validation\BitCloud_SAMR21_3_2_0\BitCloud_SAMR21_3_2_0\Applications\HADevice\iar_projects\All_StdlinkSec_SamR21_Atsamr21g18a_Rf233_8Mhz\Obj
[2] = command line
[3] = SAMR21_iar_lib.a
[4] = dl6M_tlf.a
[5] = libBc_All_StdlinkSec_Atsamr21g18a_Rf233_Iar.a
[6] = libHAL_SamR21_Atsamr21g18a_8Mhz_Iar.a
[7] = m6M_tl.a
[8] = rt6M_tl.a
[9] = shb_l.a

  156 674 bytes of readonly  code memory
    5 442 bytes of readonly  data memory
   41 061 bytes of readwrite data memory

Errors: none
Warnings: none
